<html>
<body>
<pre>
<h1>µVision Build Log</h1>
<h2>Tool Versions:</h2>
IDE-Version: ¦ÌVision V5.27.1.0
Copyright (C) 2019 ARM Ltd and ARM Germany GmbH. All rights reserved.
License Information: dut Windows, HP Inc., LIC=SDA0P-M88TF-NNNAF-6ES87-JYCSS-1WVYQ
 
Tool Versions:
Toolchain:       MDK-ARM Plus  Version: 5.31.0.0
Toolchain Path:  C:\Keil_v5\ARM\ARMCC\Bin
C Compiler:      Armcc.exe V5.06 update 6 (build 750)
Assembler:       Armasm.exe V5.06 update 6 (build 750)
Linker/Locator:  ArmLink.exe V5.06 update 6 (build 750)
Library Manager: ArmAr.exe V5.06 update 6 (build 750)
Hex Converter:   FromElf.exe V5.06 update 6 (build 750)
CPU DLL:         SARMCM3.DLL V5.31.0.0
Dialog DLL:      DCM.DLL V1.17.3.0
Target DLL:      STLink\ST-LINKIII-KEIL_SWO.dll V3.0.7.0
Dialog DLL:      TCM.DLL V1.46.0.0
 
<h2>Project:</h2>
E:\STM32CubeMX\DianSai2022\MDK-ARM\DianSai2022.uvprojx
Project File Date:  10/15/2022

<h2>Output:</h2>
*** Using Compiler 'V5.06 update 6 (build 750)', folder: 'C:\Keil_v5\ARM\ARMCC\Bin'
Build target 'DianSai2022'
compiling common.c...
../Drivers/CMSIS/Device/ST/STM32G4xx/Include/stm32g474xx.h(51): warning:  #47-D: incompatible redefinition of macro "__FPU_PRESENT" 
  #define __FPU_PRESENT             1U       /*!< FPU present                                   */
..\Admin\a_include.h(28): warning:  #1-D: last line of file ends without a newline
  #endif
..\Admin\a_key.h(16): warning:  #1295-D: Deprecated declaration KEY_scan - give arg types
  void KEY_scan();
..\Admin\a_interrupt.h(33): warning:  #1-D: last line of file ends without a newline
  #endif
..\Admin\common.h(25): warning:  #1-D: last line of file ends without a newline
  #endif
..\Admin\include.h(15): warning:  #1-D: last line of file ends without a newline
  #endif
..\Admin\a_rtc.h(14): warning:  #1-D: last line of file ends without a newline
  #endif
..\Admin\a_adc.h(17): warning:  #1-D: last line of file ends without a newline
  #endif
../Lib/Flash.h(9): warning:  #1-D: last line of file ends without a newline
  #endif
..\Admin\a_flash.h(14): warning:  #1295-D: Deprecated declaration FLASH_uart_tx - give arg types
  void FLASH_uart_tx();
..\Admin\a_flash.h(16): warning:  #1-D: last line of file ends without a newline
  #endif
..\Admin\a_interrupt.h(33): warning:  #1-D: last line of file ends without a newline
  #endif
..\Admin\a_lcd.h(14): warning:  #1-D: last line of file ends without a newline
  #endif
..\Admin\common.h(25): warning:  #1-D: last line of file ends without a newline
  #endif
..\Admin\common.c(41): warning:  #167-D: argument of type "uint8_t *" is incompatible with parameter of type "char *restrict"
      snprintf(text, 320 / 8, "HELLO!");
..\Admin\common.c(270): warning:  #167-D: argument of type "uint8_t *" is incompatible with parameter of type "char *restrict"
                  snprintf(text, 320 / 8, "SaFreq:%.1fHz WaFreq:%.1fHz", freq, base_freq);
..\Admin\common.c(279): warning:  #167-D: argument of type "uint8_t *" is incompatible with parameter of type "char *restrict"
                  snprintf(text, 320 / 8, "SaFreq:%.1fHz WaFreq:%.1fHz", freq, base_freq);
..\Admin\common.c(64): warning:  #177-D: variable "i"  was declared but never referenced
      uint32_t i, j, k;
..\Admin\common.c(64): warning:  #177-D: variable "k"  was declared but never referenced
      uint32_t i, j, k;
..\Admin\common.c: 19 warnings, 0 errors
linking...
Program Size: Code=31702 RO-data=42066 RW-data=100 ZI-data=22460  
FromELF: creating hex file...
"DianSai2022\DianSai2022.axf" - 0 Error(s), 19 Warning(s).

<h2>Software Packages used:</h2>

Package Vendor: ARM
                http://www.keil.com/pack/ARM.CMSIS.5.8.0.pack
                ARM.CMSIS.5.8.0
                CMSIS (Common Microcontroller Software Interface Standard)
   * Component: CORE Version: 5.5.0

Package Vendor: Keil
                http://www.keil.com/pack/Keil.STM32G4xx_DFP.1.3.0.pack
                Keil.STM32G4xx_DFP.1.3.0
                STMicroelectronics STM32G4 Series Device Support, Drivers and Examples

<h2>Collection of Component include folders:</h2>
  .\RTE\_DianSai2022
  D:\Program Files\ARM\CMSIS\5.8.0\CMSIS\Core\Include
  D:\Program Files\Keil\STM32G4xx_DFP\1.3.0\Drivers\CMSIS\Device\ST\STM32G4xx\Include

<h2>Collection of Component Files used:</h2>

   * Component: ARM::CMSIS:CORE:5.5.0
      Include file:  CMSIS\Core\Include\tz_context.h
Build Time Elapsed:  00:00:03
</pre>
</body>
</html>
