Component: ARM Compiler 5.06 update 6 (build 750) Tool: armlink [4d35ed]

==============================================================================

Section Cross References

    startup_stm32g474xx.o(RESET) refers to startup_stm32g474xx.o(STACK) for __initial_sp
    startup_stm32g474xx.o(RESET) refers to startup_stm32g474xx.o(.text) for Reset_Handler
    startup_stm32g474xx.o(RESET) refers to stm32g4xx_it.o(i.NMI_Handler) for NMI_Handler
    startup_stm32g474xx.o(RESET) refers to stm32g4xx_it.o(i.HardFault_Handler) for HardFault_Handler
    startup_stm32g474xx.o(RESET) refers to stm32g4xx_it.o(i.MemManage_Handler) for MemManage_Handler
    startup_stm32g474xx.o(RESET) refers to stm32g4xx_it.o(i.BusFault_Handler) for BusFault_Handler
    startup_stm32g474xx.o(RESET) refers to stm32g4xx_it.o(i.UsageFault_Handler) for UsageFault_Handler
    startup_stm32g474xx.o(RESET) refers to stm32g4xx_it.o(i.SVC_Handler) for SVC_Handler
    startup_stm32g474xx.o(RESET) refers to stm32g4xx_it.o(i.DebugMon_Handler) for DebugMon_Handler
    startup_stm32g474xx.o(RESET) refers to stm32g4xx_it.o(i.PendSV_Handler) for PendSV_Handler
    startup_stm32g474xx.o(RESET) refers to stm32g4xx_it.o(i.SysTick_Handler) for SysTick_Handler
    startup_stm32g474xx.o(RESET) refers to stm32g4xx_it.o(i.DMA1_Channel1_IRQHandler) for DMA1_Channel1_IRQHandler
    startup_stm32g474xx.o(RESET) refers to stm32g4xx_it.o(i.TIM1_UP_TIM16_IRQHandler) for TIM1_UP_TIM16_IRQHandler
    startup_stm32g474xx.o(RESET) refers to stm32g4xx_it.o(i.TIM1_TRG_COM_TIM17_IRQHandler) for TIM1_TRG_COM_TIM17_IRQHandler
    startup_stm32g474xx.o(RESET) refers to stm32g4xx_it.o(i.USART1_IRQHandler) for USART1_IRQHandler
    startup_stm32g474xx.o(.text) refers to system_stm32g4xx.o(i.SystemInit) for SystemInit
    startup_stm32g474xx.o(.text) refers to entry.o(.ARM.Collect$$$$00000000) for __main
    main.o(i.SystemClock_Config) refers to memseta.o(.text) for __aeabi_memclr4
    main.o(i.SystemClock_Config) refers to stm32g4xx_hal_pwr_ex.o(i.HAL_PWREx_ControlVoltageScaling) for HAL_PWREx_ControlVoltageScaling
    main.o(i.SystemClock_Config) refers to stm32g4xx_hal_rcc.o(i.HAL_RCC_OscConfig) for HAL_RCC_OscConfig
    main.o(i.SystemClock_Config) refers to main.o(i.Error_Handler) for Error_Handler
    main.o(i.SystemClock_Config) refers to stm32g4xx_hal_rcc.o(i.HAL_RCC_ClockConfig) for HAL_RCC_ClockConfig
    main.o(i.main) refers to stm32g4xx_hal.o(i.HAL_Init) for HAL_Init
    main.o(i.main) refers to main.o(i.SystemClock_Config) for SystemClock_Config
    main.o(i.main) refers to gpio.o(i.MX_GPIO_Init) for MX_GPIO_Init
    main.o(i.main) refers to dma.o(i.MX_DMA_Init) for MX_DMA_Init
    main.o(i.main) refers to spi.o(i.MX_SPI1_Init) for MX_SPI1_Init
    main.o(i.main) refers to adc.o(i.MX_ADC1_Init) for MX_ADC1_Init
    main.o(i.main) refers to tim.o(i.MX_TIM1_Init) for MX_TIM1_Init
    main.o(i.main) refers to tim.o(i.MX_TIM2_Init) for MX_TIM2_Init
    main.o(i.main) refers to tim.o(i.MX_TIM17_Init) for MX_TIM17_Init
    main.o(i.main) refers to usart.o(i.MX_USART1_UART_Init) for MX_USART1_UART_Init
    main.o(i.main) refers to tim.o(i.MX_TIM15_Init) for MX_TIM15_Init
    main.o(i.main) refers to tim.o(i.MX_TIM16_Init) for MX_TIM16_Init
    main.o(i.main) refers to common.o(i.ADMIN_Init) for ADMIN_Init
    main.o(i.main) refers to common.o(i.ADMIN_Mainloop) for ADMIN_Mainloop
    gpio.o(i.MX_GPIO_Init) refers to memseta.o(.text) for __aeabi_memclr4
    gpio.o(i.MX_GPIO_Init) refers to stm32g4xx_hal_gpio.o(i.HAL_GPIO_WritePin) for HAL_GPIO_WritePin
    gpio.o(i.MX_GPIO_Init) refers to stm32g4xx_hal_gpio.o(i.HAL_GPIO_Init) for HAL_GPIO_Init
    adc.o(i.HAL_ADC_MspDeInit) refers to stm32g4xx_hal_gpio.o(i.HAL_GPIO_DeInit) for HAL_GPIO_DeInit
    adc.o(i.HAL_ADC_MspDeInit) refers to stm32g4xx_hal_dma.o(i.HAL_DMA_DeInit) for HAL_DMA_DeInit
    adc.o(i.HAL_ADC_MspInit) refers to memseta.o(.text) for __aeabi_memclr4
    adc.o(i.HAL_ADC_MspInit) refers to stm32g4xx_hal_rcc_ex.o(i.HAL_RCCEx_PeriphCLKConfig) for HAL_RCCEx_PeriphCLKConfig
    adc.o(i.HAL_ADC_MspInit) refers to main.o(i.Error_Handler) for Error_Handler
    adc.o(i.HAL_ADC_MspInit) refers to stm32g4xx_hal_gpio.o(i.HAL_GPIO_Init) for HAL_GPIO_Init
    adc.o(i.HAL_ADC_MspInit) refers to stm32g4xx_hal_dma.o(i.HAL_DMA_Init) for HAL_DMA_Init
    adc.o(i.HAL_ADC_MspInit) refers to adc.o(.bss) for .bss
    adc.o(i.MX_ADC1_Init) refers to memseta.o(.text) for __aeabi_memclr4
    adc.o(i.MX_ADC1_Init) refers to stm32g4xx_hal_adc.o(i.HAL_ADC_Init) for HAL_ADC_Init
    adc.o(i.MX_ADC1_Init) refers to main.o(i.Error_Handler) for Error_Handler
    adc.o(i.MX_ADC1_Init) refers to stm32g4xx_hal_adc_ex.o(i.HAL_ADCEx_MultiModeConfigChannel) for HAL_ADCEx_MultiModeConfigChannel
    adc.o(i.MX_ADC1_Init) refers to stm32g4xx_hal_adc.o(i.HAL_ADC_ConfigChannel) for HAL_ADC_ConfigChannel
    adc.o(i.MX_ADC1_Init) refers to adc.o(.bss) for .bss
[...]
    _printf_post_padding                     0x080079a5   Thumb Code    36  printfa.o(i._printf_post_padding)
    i._printf_pre_padding                    0x080079c8   Section        0  printfa.o(i._printf_pre_padding)
    _printf_pre_padding                      0x080079c9   Thumb Code    46  printfa.o(i._printf_pre_padding)
    i._snputc                                0x080079f6   Section        0  printfa.o(i._snputc)
    _snputc                                  0x080079f7   Thumb Code    22  printfa.o(i._snputc)
    i.buffer_skip_whitespace                 0x08007a0c   Section        0  cjson.o(i.buffer_skip_whitespace)
    buffer_skip_whitespace                   0x08007a0d   Thumb Code    54  cjson.o(i.buffer_skip_whitespace)
    i.cJSON_Delete                           0x08007a44   Section        0  cjson.o(i.cJSON_Delete)
    i.cJSON_New_Item                         0x08007a8c   Section        0  cjson.o(i.cJSON_New_Item)
    cJSON_New_Item                           0x08007a8d   Thumb Code    24  cjson.o(i.cJSON_New_Item)
    i.cJSON_Parse                            0x08007aa4   Section        0  cjson.o(i.cJSON_Parse)
    i.cJSON_ParseWithLengthOpts              0x08007aac   Section        0  cjson.o(i.cJSON_ParseWithLengthOpts)
    i.cJSON_ParseWithOpts                    0x08007b80   Section        0  cjson.o(i.cJSON_ParseWithOpts)
    i.get_decimal_point                      0x08007ba6   Section        0  cjson.o(i.get_decimal_point)
    get_decimal_point                        0x08007ba7   Thumb Code     4  cjson.o(i.get_decimal_point)
    i.internal_alloc                         0x08007bac   Section        0  mallocr.o(i.internal_alloc)
    internal_alloc                           0x08007bad   Thumb Code    76  mallocr.o(i.internal_alloc)
    i.main                                   0x08007bfc   Section        0  main.o(i.main)
    i.parse_array                            0x08007c36   Section        0  cjson.o(i.parse_array)
    parse_array                              0x08007c37   Thumb Code   218  cjson.o(i.parse_array)
    i.parse_hex4                             0x08007d10   Section        0  cjson.o(i.parse_hex4)
    parse_hex4                               0x08007d11   Thumb Code    68  cjson.o(i.parse_hex4)
    i.parse_number                           0x08007d54   Section        0  cjson.o(i.parse_number)
    parse_number                             0x08007d55   Thumb Code   248  cjson.o(i.parse_number)
    i.parse_object                           0x08007e5c   Section        0  cjson.o(i.parse_object)
    parse_object                             0x08007e5d   Thumb Code   272  cjson.o(i.parse_object)
    i.parse_string                           0x08007f6c   Section        0  cjson.o(i.parse_string)
    parse_string                             0x08007f6d   Thumb Code   330  cjson.o(i.parse_string)
    i.parse_value                            0x080080b8   Section        0  cjson.o(i.parse_value)
    parse_value                              0x080080b9   Thumb Code   244  cjson.o(i.parse_value)
    i.realloc                                0x080081c4   Section        0  mallocr.o(i.realloc)
    i.skip_utf8_bom                          0x08008230   Section        0  cjson.o(i.skip_utf8_bom)
    skip_utf8_bom                            0x08008231   Thumb Code    46  cjson.o(i.skip_utf8_bom)
    i.sqrtf                                  0x08008264   Section        0  sqrtf.o(i.sqrtf)
    i.utf16_literal_to_utf8                  0x080082a2   Section        0  cjson.o(i.utf16_literal_to_utf8)
    utf16_literal_to_utf8                    0x080082a3   Thumb Code   214  cjson.o(i.utf16_literal_to_utf8)
    .constdata                               0x08008378   Section       24  stm32g4xx_hal_uart.o(.constdata)
    .constdata                               0x08008390   Section       16  stm32g4xx_hal_uart_ex.o(.constdata)
    numerator                                0x08008390   Data           8  stm32g4xx_hal_uart_ex.o(.constdata)
    denominator                              0x08008398   Data           8  stm32g4xx_hal_uart_ex.o(.constdata)
    .constdata                               0x080083a0   Section       16  system_stm32g4xx.o(.constdata)
    .constdata                               0x080083b0   Section        8  system_stm32g4xx.o(.constdata)
    .constdata                               0x080083b8   Section     6616  gui.o(.constdata)
    .constdata                               0x08009d90   Section       64  ctype_c.o(.constdata)
    .data                                    0x20000000   Section       12  stm32g4xx_hal.o(.data)
    .data                                    0x2000000c   Section        4  system_stm32g4xx.o(.data)
    .data                                    0x20000010   Section       12  a_interrupt.o(.data)
    .data                                    0x2000001c   Section       32  a_key.o(.data)
    .data                                    0x2000003c   Section        1  common.o(.data)
    .data                                    0x2000003e   Section       10  a_lcd.o(.data)
    Flag                                     0x2000003e   Data           1  a_lcd.o(.data)
    Flag                                     0x2000003f   Data           1  a_lcd.o(.data)
    StaticWaveLen                            0x20000040   Data           2  a_lcd.o(.data)
    x0                                       0x20000042   Data           2  a_lcd.o(.data)
    y0                                       0x20000044   Data           2  a_lcd.o(.data)
    StaticAmpLen                             0x20000046   Data           2  a_lcd.o(.data)
    .data                                    0x20000048   Section       20  cjson.o(.data)
    global_error                             0x20000048   Data           8  cjson.o(.data)
    global_hooks                             0x20000050   Data          12  cjson.o(.data)
    .data                                    0x2000005c   Section        4  mvars.o(.data)
    .data                                    0x20000060   Section        4  mvars.o(.data)
    .data                                    0x20000064   Section        4  errno.o(.data)
    _errno                                   0x20000064   Data           4  errno.o(.data)
    .bss                                     0x20000068   Section      204  adc.o(.bss)
    .bss                                     0x20000134   Section      100  spi.o(.bss)
    .bss                                     0x20000198   Section      380  tim.o(.bss)
    .bss                                     0x20000314   Section      144  usart.o(.bss)
    .bss                                     0x200003a4   Section      128  a_interrupt.o(.bss)
    .bss                                     0x20000424   Section      128  common.o(.bss)
    .bss                                     0x200004a4   Section     1024  a_adc.o(.bss)
    .bss                                     0x200008a4   Section     4020  a_lcd.o(.bss)
    StaticWaveData                           0x200008a4   Data        4000  a_lcd.o(.bss)
    StaticAmpData                            0x20001844   Data          20  a_lcd.o(.bss)
    .bss                                     0x20001858   Section       20  a_dsp.o(.bss)
    HEAP                                     0x20001870   Section     8192  startup_stm32g474xx.o(HEAP)
    STACK                                    0x20003870   Section     8192  startup_stm32g474xx.o(STACK)

    Global Symbols

    Symbol Name                              Value     Ov Type        Size  Object(Section)

    BuildAttributes$$THM_ISAv4$E$P$D$K$B$S$7EM$VFPi3$EXTD16$VFPS$VFMA$PE$A:L22UL41UL21$X:L11$S22US41US21$IEEE1$IW$USESV6$~STKCKD$USESV7$~SHL$OTIME$ROPI$IEEEJ$EBA8$MICROLIB$REQ8$PRES8$EABIv2 0x00000000   Number         0  anon$$obj.o ABSOLUTE
    __ARM_use_no_argv                        0x00000000   Number         0  main.o ABSOLUTE
    _printf_a                                0x00000000   Number         0  stubs.o ABSOLUTE
    _printf_c                                0x00000000   Number         0  stubs.o ABSOLUTE
    _printf_charcount                        0x00000000   Number         0  stubs.o ABSOLUTE
    _printf_d                                0x00000000   Number         0  stubs.o ABSOLUTE
    _printf_e                                0x00000000   Number         0  stubs.o ABSOLUTE
    _printf_f                                0x00000000   Number         0  stubs.o ABSOLUTE
    _printf_flags                            0x00000000   Number         0  stubs.o ABSOLUTE
    _printf_fp_dec                           0x00000000   Number         0  stubs.o ABSOLUTE
    _printf_fp_hex                           0x00000000   Number         0  stubs.o ABSOLUTE
    _printf_g                                0x00000000   Number         0  stubs.o ABSOLUTE
    _printf_i                                0x00000000   Number         0  stubs.o ABSOLUTE
    _printf_int_dec                          0x00000000   Number         0  stubs.o ABSOLUTE
    _printf_l                                0x00000000   Number         0  stubs.o ABSOLUTE
    _printf_lc                               0x00000000   Number         0  stubs.o ABSOLUTE
    _printf_ll                               0x00000000   Number         0  stubs.o ABSOLUTE
    _printf_lld                              0x00000000   Number         0  stubs.o ABSOLUTE
    _printf_lli                              0x00000000   Number         0  stubs.o ABSOLUTE
    _printf_llo                              0x00000000   Number         0  stubs.o ABSOLUTE
    _printf_llu                              0x00000000   Number         0  stubs.o ABSOLUTE
    _printf_llx                              0x00000000   Number         0  stubs.o ABSOLUTE
    _printf_longlong_dec                     0x00000000   Number         0  stubs.o ABSOLUTE
    _printf_longlong_hex                     0x00000000   Number         0  stubs.o ABSOLUTE
    _printf_longlong_oct                     0x00000000   Number         0  stubs.o ABSOLUTE
    _printf_ls                               0x00000000   Number         0  stubs.o ABSOLUTE
    _printf_mbtowc                           0x00000000   Number         0  stubs.o ABSOLUTE
    _printf_n                                0x00000000   Number         0  stubs.o ABSOLUTE
    _printf_o                                0x00000000   Number         0  stubs.o ABSOLUTE
    _printf_p                                0x00000000   Number         0  stubs.o ABSOLUTE
    _printf_percent                          0x00000000   Number         0  stubs.o ABSOLUTE
    _printf_pre_padding                      0x00000000   Number         0  stubs.o ABSOLUTE
    _printf_return_value                     0x00000000   Number         0  stubs.o ABSOLUTE
    _printf_s                                0x00000000   Number         0  stubs.o ABSOLUTE
    _printf_sizespec                         0x00000000   Number         0  stubs.o ABSOLUTE
    _printf_str                              0x00000000   Number         0  stubs.o ABSOLUTE
    _printf_truncate_signed                  0x00000000   Number         0  stubs.o ABSOLUTE
    _printf_truncate_unsigned                0x00000000   Number         0  stubs.o ABSOLUTE
    _printf_u                                0x00000000   Number         0  stubs.o ABSOLUTE
    _printf_wc                               0x00000000   Number         0  stubs.o ABSOLUTE
    _printf_wctomb                           0x00000000   Number         0  stubs.o ABSOLUTE
    _printf_widthprec                        0x00000000   Number         0  stubs.o ABSOLUTE
    _printf_x                                0x00000000   Number         0  stubs.o ABSOLUTE
    __cpp_initialize__aeabi_                  - Undefined Weak Reference
    __cxa_finalize                            - Undefined Weak Reference
    __decompress                              - Undefined Weak Reference
    _clock_init                               - Undefined Weak Reference
    _microlib_exit                            - Undefined Weak Reference
    _scanf_int                                - Undefined Weak Reference
    _scanf_longlong                           - Undefined Weak Reference
    _scanf_string                             - Undefined Weak Reference
    __Vectors_Size                           0x000001d8   Number         0  startup_stm32g474xx.o ABSOLUTE
    __Vectors                                0x08000000   Data           4  startup_stm32g474xx.o(RESET)
    __Vectors_End                            0x080001d8   Data           0  startup_stm32g474xx.o(RESET)
    __main                                   0x080001d9   Thumb Code     0  entry.o(.ARM.Collect$$$$00000000)
    _main_stk                                0x080001d9   Thumb Code     0  entry2.o(.ARM.Collect$$$$00000001)
    _main_scatterload                        0x080001dd   Thumb Code     0  entry5.o(.ARM.Collect$$$$00000004)
    __main_after_scatterload                 0x080001e1   Thumb Code     0  entry5.o(.ARM.Collect$$$$00000004)
    _main_clock                              0x080001e1   Thumb Code     0  entry7b.o(.ARM.Collect$$$$00000008)
    _main_cpp_init                           0x080001e1   Thumb Code     0  entry8b.o(.ARM.Collect$$$$0000000A)
    _main_init                               0x080001e1   Thumb Code     0  entry9a.o(.ARM.Collect$$$$0000000B)
    __rt_final_cpp                           0x080001e9   Thumb Code     0  entry10a.o(.ARM.Collect$$$$0000000D)
    __rt_final_exit                          0x080001e9   Thumb Code     0  entry11a.o(.ARM.Collect$$$$0000000F)
    Reset_Handler                            0x080001ed   Thumb Code     8  startup_stm32g474xx.o(.text)
    ADC1_2_IRQHandler                        0x08000207   Thumb Code     0  startup_stm32g474xx.o(.text)
    ADC3_IRQHandler                          0x08000207   Thumb Code     0  startup_stm32g474xx.o(.text)
    ADC4_IRQHandler                          0x08000207   Thumb Code     0  startup_stm32g474xx.o(.text)
    ADC5_IRQHandler                          0x08000207   Thumb Code     0  startup_stm32g474xx.o(.text)
    COMP1_2_3_IRQHandler                     0x08000207   Thumb Code     0  startup_stm32g474xx.o(.text)
    COMP4_5_6_IRQHandler                     0x08000207   Thumb Code     0  startup_stm32g474xx.o(.text)
    COMP7_IRQHandler                         0x08000207   Thumb Code     0  startup_stm32g474xx.o(.text)
    CORDIC_IRQHandler                        0x08000207   Thumb Code     0  startup_stm32g474xx.o(.text)
    CRS_IRQHandler                           0x08000207   Thumb Code     0  startup_stm32g474xx.o(.text)
    DMA1_Channel2_IRQHandler                 0x08000207   Thumb Code     0  startup_stm32g474xx.o(.text)
    DMA1_Channel3_IRQHandler                 0x08000207   Thumb Code     0  startup_stm32g474xx.o(.text)
    DMA1_Channel4_IRQHandler                 0x08000207   Thumb Code     0  startup_stm32g474xx.o(.text)
    DMA1_Channel5_IRQHandler                 0x08000207   Thumb Code     0  startup_stm32g474xx.o(.text)
    DMA1_Channel6_IRQHandler                 0x08000207   Thumb Code     0  startup_stm32g474xx.o(.text)
    DMA1_Channel7_IRQHandler                 0x08000207   Thumb Code     0  startup_stm32g474xx.o(.text)
    DMA1_Channel8_IRQHandler                 0x08000207   Thumb Code     0  startup_stm32g474xx.o(.text)
    DMA2_Channel1_IRQHandler                 0x08000207   Thumb Code     0  startup_stm32g474xx.o(.text)
    DMA2_Channel2_IRQHandler                 0x08000207   Thumb Code     0  startup_stm32g474xx.o(.text)
    DMA2_Channel3_IRQHandler                 0x08000207   Thumb Code     0  startup_stm32g474xx.o(.text)
    DMA2_Channel4_IRQHandler                 0x08000207   Thumb Code     0  startup_stm32g474xx.o(.text)
    DMA2_Channel5_IRQHandler                 0x08000207   Thumb Code     0  startup_stm32g474xx.o(.text)
    DMA2_Channel6_IRQHandler                 0x08000207   Thumb Code     0  startup_stm32g474xx.o(.text)
    DMA2_Channel7_IRQHandler                 0x08000207   Thumb Code     0  startup_stm32g474xx.o(.text)
    DMA2_Channel8_IRQHandler                 0x08000207   Thumb Code     0  startup_stm32g474xx.o(.text)
    DMAMUX_OVR_IRQHandler                    0x08000207   Thumb Code     0  startup_stm32g474xx.o(.text)
    EXTI0_IRQHandler                         0x08000207   Thumb Code     0  startup_stm32g474xx.o(.text)
    EXTI15_10_IRQHandler                     0x08000207   Thumb Code     0  startup_stm32g474xx.o(.text)
    EXTI1_IRQHandler                         0x08000207   Thumb Code     0  startup_stm32g474xx.o(.text)
    EXTI2_IRQHandler                         0x08000207   Thumb Code     0  startup_stm32g474xx.o(.text)
    EXTI3_IRQHandler                         0x08000207   Thumb Code     0  startup_stm32g474xx.o(.text)
    EXTI4_IRQHandler                         0x08000207   Thumb Code     0  startup_stm32g474xx.o(.text)
    EXTI9_5_IRQHandler                       0x08000207   Thumb Code     0  startup_stm32g474xx.o(.text)
    FDCAN1_IT0_IRQHandler                    0x08000207   Thumb Code     0  startup_stm32g474xx.o(.text)
    FDCAN1_IT1_IRQHandler                    0x08000207   Thumb Code     0  startup_stm32g474xx.o(.text)
    FDCAN2_IT0_IRQHandler                    0x08000207   Thumb Code     0  startup_stm32g474xx.o(.text)
    FDCAN2_IT1_IRQHandler                    0x08000207   Thumb Code     0  startup_stm32g474xx.o(.text)
    FDCAN3_IT0_IRQHandler                    0x08000207   Thumb Code     0  startup_stm32g474xx.o(.text)
    FDCAN3_IT1_IRQHandler                    0x08000207   Thumb Code     0  startup_stm32g474xx.o(.text)
    FLASH_IRQHandler                         0x08000207   Thumb Code     0  startup_stm32g474xx.o(.text)
    FMAC_IRQHandler                          0x08000207   Thumb Code     0  startup_stm32g474xx.o(.text)
    FMC_IRQHandler                           0x08000207   Thumb Code     0  startup_stm32g474xx.o(.text)
    FPU_IRQHandler                           0x08000207   Thumb Code     0  startup_stm32g474xx.o(.text)
    HRTIM1_FLT_IRQHandler                    0x08000207   Thumb Code     0  startup_stm32g474xx.o(.text)
    HRTIM1_Master_IRQHandler                 0x08000207   Thumb Code     0  startup_stm32g474xx.o(.text)
    HRTIM1_TIMA_IRQHandler                   0x08000207   Thumb Code     0  startup_stm32g474xx.o(.text)
    HRTIM1_TIMB_IRQHandler                   0x08000207   Thumb Code     0  startup_stm32g474xx.o(.text)
    HRTIM1_TIMC_IRQHandler                   0x08000207   Thumb Code     0  startup_stm32g474xx.o(.text)
    HRTIM1_TIMD_IRQHandler                   0x08000207   Thumb Code     0  startup_stm32g474xx.o(.text)
    HRTIM1_TIME_IRQHandler                   0x08000207   Thumb Code     0  startup_stm32g474xx.o(.text)
    HRTIM1_TIMF_IRQHandler                   0x08000207   Thumb Code     0  startup_stm32g474xx.o(.text)
    I2C1_ER_IRQHandler                       0x08000207   Thumb Code     0  startup_stm32g474xx.o(.text)
    I2C1_EV_IRQHandler                       0x08000207   Thumb Code     0  startup_stm32g474xx.o(.text)
    I2C2_ER_IRQHandler                       0x08000207   Thumb Code     0  startup_stm32g474xx.o(.text)
    I2C2_EV_IRQHandler                       0x08000207   Thumb Code     0  startup_stm32g474xx.o(.text)
    I2C3_ER_IRQHandler                       0x08000207   Thumb Code     0  startup_stm32g474xx.o(.text)
    I2C3_EV_IRQHandler                       0x08000207   Thumb Code     0  startup_stm32g474xx.o(.text)
    I2C4_ER_IRQHandler                       0x08000207   Thumb Code     0  startup_stm32g474xx.o(.text)
    I2C4_EV_IRQHandler                       0x08000207   Thumb Code     0  startup_stm32g474xx.o(.text)
    LPTIM1_IRQHandler                        0x08000207   Thumb Code     0  startup_stm32g474xx.o(.text)
    LPUART1_IRQHandler                       0x08000207   Thumb Code     0  startup_stm32g474xx.o(.text)
    PVD_PVM_IRQHandler                       0x08000207   Thumb Code     0  startup_stm32g474xx.o(.text)
    QUADSPI_IRQHandler                       0x08000207   Thumb Code     0  startup_stm32g474xx.o(.text)
    RCC_IRQHandler                           0x08000207   Thumb Code     0  startup_stm32g474xx.o(.text)
    RNG_IRQHandler                           0x08000207   Thumb Code     0  startup_stm32g474xx.o(.text)
    RTC_Alarm_IRQHandler                     0x08000207   Thumb Code     0  startup_stm32g474xx.o(.text)
    RTC_TAMP_LSECSS_IRQHandler               0x08000207   Thumb Code     0  startup_stm32g474xx.o(.text)
    RTC_WKUP_IRQHandler                      0x08000207   Thumb Code     0  startup_stm32g474xx.o(.text)
    SAI1_IRQHandler                          0x08000207   Thumb Code     0  startup_stm32g474xx.o(.text)
    SPI1_IRQHandler                          0x08000207   Thumb Code     0  startup_stm32g474xx.o(.text)
    SPI2_IRQHandler                          0x08000207   Thumb Code     0  startup_stm32g474xx.o(.text)
    SPI3_IRQHandler                          0x08000207   Thumb Code     0  startup_stm32g474xx.o(.text)
    SPI4_IRQHandler                          0x08000207   Thumb Code     0  startup_stm32g474xx.o(.text)
    TIM1_BRK_TIM15_IRQHandler                0x08000207   Thumb Code     0  startup_stm32g474xx.o(.text)
    TIM1_CC_IRQHandler                       0x08000207   Thumb Code     0  startup_stm32g474xx.o(.text)
    TIM20_BRK_IRQHandler                     0x08000207   Thumb Code     0  startup_stm32g474xx.o(.text)
    TIM20_CC_IRQHandler                      0x08000207   Thumb Code     0  startup_stm32g474xx.o(.text)
    TIM20_TRG_COM_IRQHandler                 0x08000207   Thumb Code     0  startup_stm32g474xx.o(.text)
    TIM20_UP_IRQHandler                      0x08000207   Thumb Code     0  startup_stm32g474xx.o(.text)
    TIM2_IRQHandler                          0x08000207   Thumb Code     0  startup_stm32g474xx.o(.text)
    TIM3_IRQHandler                          0x08000207   Thumb Code     0  startup_stm32g474xx.o(.text)
    TIM4_IRQHandler                          0x08000207   Thumb Code     0  startup_stm32g474xx.o(.text)
    TIM5_IRQHandler                          0x08000207   Thumb Code     0  startup_stm32g474xx.o(.text)
    TIM6_DAC_IRQHandler                      0x08000207   Thumb Code     0  startup_stm32g474xx.o(.text)
    TIM7_DAC_IRQHandler                      0x08000207   Thumb Code     0  startup_stm32g474xx.o(.text)
    TIM8_BRK_IRQHandler                      0x08000207   Thumb Code     0  startup_stm32g474xx.o(.text)
    TIM8_CC_IRQHandler                       0x08000207   Thumb Code     0  startup_stm32g474xx.o(.text)
    TIM8_TRG_COM_IRQHandler                  0x08000207   Thumb Code     0  startup_stm32g474xx.o(.text)
    TIM8_UP_IRQHandler                       0x08000207   Thumb Code     0  startup_stm32g474xx.o(.text)
    UART4_IRQHandler                         0x08000207   Thumb Code     0  startup_stm32g474xx.o(.text)
    UART5_IRQHandler                         0x08000207   Thumb Code     0  startup_stm32g474xx.o(.text)
    UCPD1_IRQHandler                         0x08000207   Thumb Code     0  startup_stm32g474xx.o(.text)
    USART2_IRQHandler                        0x08000207   Thumb Code     0  startup_stm32g474xx.o(.text)
    USART3_IRQHandler                        0x08000207   Thumb Code     0  startup_stm32g474xx.o(.text)
    USBWakeUp_IRQHandler                     0x08000207   Thumb Code     0  startup_stm32g474xx.o(.text)
    USB_HP_IRQHandler                        0x08000207   Thumb Code     0  startup_stm32g474xx.o(.text)
    USB_LP_IRQHandler                        0x08000207   Thumb Code     0  startup_stm32g474xx.o(.text)
    WWDG_IRQHandler                          0x08000207   Thumb Code     0  startup_stm32g474xx.o(.text)
    __aeabi_uldivmod                         0x08000211   Thumb Code    98  uldiv.o(.text)
    __aeabi_memcpy                           0x08000273   Thumb Code    36  memcpya.o(.text)
    __aeabi_memcpy4                          0x08000273   Thumb Code     0  memcpya.o(.text)
    __aeabi_memcpy8                          0x08000273   Thumb Code     0  memcpya.o(.text)
    __aeabi_memset                           0x08000297   Thumb Code    14  memseta.o(.text)
    __aeabi_memset4                          0x08000297   Thumb Code     0  memseta.o(.text)
    __aeabi_memset8                          0x08000297   Thumb Code     0  memseta.o(.text)
    __aeabi_memclr                           0x080002a5   Thumb Code     4  memseta.o(.text)
    __aeabi_memclr4                          0x080002a5   Thumb Code     0  memseta.o(.text)
    __aeabi_memclr8                          0x080002a5   Thumb Code     0  memseta.o(.text)
    _memset$wrapper                          0x080002a9   Thumb Code    18  memseta.o(.text)
    strlen                                   0x080002bb   Thumb Code    14  strlen.o(.text)
    strncmp                                  0x080002c9   Thumb Code    30  strncmp.o(.text)
    _scanf_real                              0x08000411   Thumb Code     0  scanf_fp.o(.text)
    _scanf_really_real                       0x08000411   Thumb Code   556  scanf_fp.o(.text)
    __aeabi_fadd                             0x08000649   Thumb Code   164  fadd.o(.text)
    __aeabi_fsub                             0x080006ed   Thumb Code     6  fadd.o(.text)
    __aeabi_frsub                            0x080006f3   Thumb Code     6  fadd.o(.text)
    __aeabi_fmul                             0x080006f9   Thumb Code   100  fmul.o(.text)
    __aeabi_dadd                             0x0800075d   Thumb Code   322  dadd.o(.text)
    __aeabi_dsub                             0x0800089f   Thumb Code     6  dadd.o(.text)
    __aeabi_drsub                            0x080008a5   Thumb Code     6  dadd.o(.text)
    __aeabi_dmul                             0x080008ab   Thumb Code   228  dmul.o(.text)
    __aeabi_ddiv                             0x0800098f   Thumb Code   222  ddiv.o(.text)
    __aeabi_i2d                              0x08000a6d   Thumb Code    34  dflti.o(.text)
    __aeabi_ui2d                             0x08000a8f   Thumb Code    26  dfltui.o(.text)
    __aeabi_d2iz                             0x08000aa9   Thumb Code    62  dfixi.o(.text)
    __aeabi_d2uiz                            0x08000ae7   Thumb Code    50  dfixui.o(.text)
    __aeabi_f2d                              0x08000b19   Thumb Code    38  f2d.o(.text)
    __aeabi_cdcmpeq                          0x08000b41   Thumb Code     0  cdcmple.o(.text)
    __aeabi_cdcmple                          0x08000b41   Thumb Code    48  cdcmple.o(.text)
    __aeabi_cdrcmple                         0x08000b71   Thumb Code    48  cdrcmple.o(.text)
    __aeabi_d2f                              0x08000ba1   Thumb Code    56  d2f.o(.text)
    __aeabi_uidiv                            0x08000bd9   Thumb Code     0  uidiv.o(.text)
    __aeabi_uidivmod                         0x08000bd9   Thumb Code    44  uidiv.o(.text)
    __aeabi_llsl                             0x08000c05   Thumb Code    30  llshl.o(.text)
    _ll_shift_l                              0x08000c05   Thumb Code     0  llshl.o(.text)
    __aeabi_llsr                             0x08000c23   Thumb Code    32  llushr.o(.text)
    _ll_ushift_r                             0x08000c23   Thumb Code     0  llushr.o(.text)
    __aeabi_lasr                             0x08000c43   Thumb Code    36  llsshr.o(.text)
    _ll_sshift_r                             0x08000c43   Thumb Code     0  llsshr.o(.text)
    _sgetc                                   0x08000c67   Thumb Code    30  _sgetc.o(.text)
    _sbackspace                              0x08000c85   Thumb Code    34  _sgetc.o(.text)
    __strtod_int                             0x08000cdf   Thumb Code    90  strtod.o(.text)
    __I$use$fp                               0x08000d45   Thumb Code     0  iusefp.o(.text)
    _float_round                             0x08000d45   Thumb Code    18  fepilogue.o(.text)
    _float_epilogue                          0x08000d57   Thumb Code    92  fepilogue.o(.text)
    _double_round                            0x08000db3   Thumb Code    30  depilogue.o(.text)
    _double_epilogue                         0x08000dd1   Thumb Code   156  depilogue.o(.text)
    __aeabi_ul2d                             0x08000e6d   Thumb Code    24  dfltul.o(.text)
    __aeabi_d2ulz                            0x08000e85   Thumb Code    48  dfixul.o(.text)
    __scatterload                            0x08000eb5   Thumb Code    28  init.o(.text)
    __scatterload_rt2                        0x08000eb5   Thumb Code     0  init.o(.text)
    isspace                                  0x08000ed9   Thumb Code    10  isspace_c.o(.text)
    __ctype_lookup                           0x08000ee5   Thumb Code    34  ctype_c.o(.text)
    arm_bitreversal_f32                      0x08000f0d   Thumb Code   174  arm_bitreversal.o(.text.arm_bitreversal_f32)
    arm_cfft_radix2_f32                      0x08000fbb   Thumb Code    66  arm_cfft_radix2_f32.o(.text.arm_cfft_radix2_f32)
    arm_cfft_radix2_init_f32                 0x08000ffd   Thumb Code   190  arm_cfft_radix2_init_f32.o(.text.arm_cfft_radix2_init_f32)
    arm_cmplx_mag_f32                        0x080010bd   Thumb Code   232  arm_cmplx_mag_f32.o(.text.arm_cmplx_mag_f32)
    arm_radix2_butterfly_f32                 0x080011a5   Thumb Code   518  arm_cfft_radix2_f32.o(.text.arm_radix2_butterfly_f32)
    arm_radix2_butterfly_inverse_f32         0x080013ad   Thumb Code   538  arm_cfft_radix2_f32.o(.text.arm_radix2_butterfly_inverse_f32)
    ADC_DMAConvCplt                          0x080015c7   Thumb Code   126  stm32g4xx_hal_adc.o(i.ADC_DMAConvCplt)
    ADC_DMAError                             0x08001645   Thumb Code    26  stm32g4xx_hal_adc.o(i.ADC_DMAError)
    ADC_DMAHalfConvCplt                      0x0800165f   Thumb Code    10  stm32g4xx_hal_adc.o(i.ADC_DMAHalfConvCplt)
    ADC_Enable                               0x08001669   Thumb Code   134  stm32g4xx_hal_adc.o(i.ADC_Enable)
    ADMIN_Init                               0x080016f5   Thumb Code    92  common.o(i.ADMIN_Init)
    ADMIN_Mainloop                           0x0800176d   Thumb Code   684  common.o(i.ADMIN_Mainloop)
    BusFault_Handler                         0x08001a79   Thumb Code     2  stm32g4xx_it.o(i.BusFault_Handler)
    DMA1_Channel1_IRQHandler                 0x08001a7d   Thumb Code     6  stm32g4xx_it.o(i.DMA1_Channel1_IRQHandler)
    DebugMon_Handler                         0x08001b2f   Thumb Code     2  stm32g4xx_it.o(i.DebugMon_Handler)
    Error_Handler                            0x08001b31   Thumb Code     4  main.o(i.Error_Handler)
    FFT_GetValuesModulus                     0x08001b35   Thumb Code   168  a_dsp.o(i.FFT_GetValuesModulus)
    Gui_DrawFont_GBK16                       0x08001be5   Thumb Code   344  gui.o(i.Gui_DrawFont_GBK16)
    Gui_DrawLine                             0x08001d45   Thumb Code   178  gui.o(i.Gui_DrawLine)
    Gui_DrawPoint                            0x08001df7   Thumb Code    18  spi_tftlcd.o(i.Gui_DrawPoint)
    Gui_ShowWave                             0x08001e09   Thumb Code  1576  a_lcd.o(i.Gui_ShowWave)
    HAL_ADCEx_MultiModeConfigChannel         0x08002441   Thumb Code   340  stm32g4xx_hal_adc_ex.o(i.HAL_ADCEx_MultiModeConfigChannel)
    HAL_ADC_ConfigChannel                    0x080025ad   Thumb Code  1094  stm32g4xx_hal_adc.o(i.HAL_ADC_ConfigChannel)
    HAL_ADC_ConvCpltCallback                 0x08002a2d   Thumb Code     2  stm32g4xx_hal_adc.o(i.HAL_ADC_ConvCpltCallback)
    HAL_ADC_ConvHalfCpltCallback             0x08002a2f   Thumb Code     2  stm32g4xx_hal_adc.o(i.HAL_ADC_ConvHalfCpltCallback)
    HAL_ADC_ErrorCallback                    0x08002a31   Thumb Code     2  stm32g4xx_hal_adc.o(i.HAL_ADC_ErrorCallback)
    HAL_ADC_Init                             0x08002a35   Thumb Code   544  stm32g4xx_hal_adc.o(i.HAL_ADC_Init)
    HAL_ADC_MspInit                          0x08002c81   Thumb Code   158  adc.o(i.HAL_ADC_MspInit)
    HAL_ADC_Start_DMA                        0x08002d31   Thumb Code   264  stm32g4xx_hal_adc.o(i.HAL_ADC_Start_DMA)
    HAL_DMA_Abort                            0x08002e61   Thumb Code   104  stm32g4xx_hal_dma.o(i.HAL_DMA_Abort)
    HAL_DMA_Abort_IT                         0x08002ec9   Thumb Code   118  stm32g4xx_hal_dma.o(i.HAL_DMA_Abort_IT)
    HAL_DMA_IRQHandler                       0x08002f3f   Thumb Code   204  stm32g4xx_hal_dma.o(i.HAL_DMA_IRQHandler)
    HAL_DMA_Init                             0x0800300d   Thumb Code   180  stm32g4xx_hal_dma.o(i.HAL_DMA_Init)
    HAL_DMA_Start_IT                         0x080030cd   Thumb Code   144  stm32g4xx_hal_dma.o(i.HAL_DMA_Start_IT)
    HAL_Delay                                0x0800315d   Thumb Code    32  stm32g4xx_hal.o(i.HAL_Delay)
    HAL_GPIO_Init                            0x08003181   Thumb Code   400  stm32g4xx_hal_gpio.o(i.HAL_GPIO_Init)
    HAL_GPIO_ReadPin                         0x08003331   Thumb Code    14  stm32g4xx_hal_gpio.o(i.HAL_GPIO_ReadPin)
    HAL_GPIO_WritePin                        0x0800333f   Thumb Code    12  stm32g4xx_hal_gpio.o(i.HAL_GPIO_WritePin)
    HAL_GetTick                              0x0800334d   Thumb Code     6  stm32g4xx_hal.o(i.HAL_GetTick)
    HAL_IncTick                              0x08003359   Thumb Code    12  stm32g4xx_hal.o(i.HAL_IncTick)
    HAL_Init                                 0x08003369   Thumb Code    30  stm32g4xx_hal.o(i.HAL_Init)
    HAL_InitTick                             0x08003389   Thumb Code    68  stm32g4xx_hal.o(i.HAL_InitTick)
    HAL_MspInit                              0x080033d5   Thumb Code    42  stm32g4xx_hal_msp.o(i.HAL_MspInit)
    HAL_NVIC_EnableIRQ                       0x08003405   Thumb Code    26  stm32g4xx_hal_cortex.o(i.HAL_NVIC_EnableIRQ)
    HAL_NVIC_SetPriority                     0x08003421   Thumb Code    60  stm32g4xx_hal_cortex.o(i.HAL_NVIC_SetPriority)
    HAL_NVIC_SetPriorityGrouping             0x08003461   Thumb Code    26  stm32g4xx_hal_cortex.o(i.HAL_NVIC_SetPriorityGrouping)
    HAL_PWREx_ControlVoltageScaling          0x08003485   Thumb Code   190  stm32g4xx_hal_pwr_ex.o(i.HAL_PWREx_ControlVoltageScaling)
    HAL_PWREx_DisableUCPDDeadBattery         0x08003551   Thumb Code    12  stm32g4xx_hal_pwr_ex.o(i.HAL_PWREx_DisableUCPDDeadBattery)
    HAL_RCCEx_PeriphCLKConfig                0x08003561   Thumb Code   776  stm32g4xx_hal_rcc_ex.o(i.HAL_RCCEx_PeriphCLKConfig)
    HAL_RCC_ClockConfig                      0x08003871   Thumb Code   432  stm32g4xx_hal_rcc.o(i.HAL_RCC_ClockConfig)
    HAL_RCC_GetHCLKFreq                      0x08003a39   Thumb Code     6  stm32g4xx_hal_rcc.o(i.HAL_RCC_GetHCLKFreq)
    HAL_RCC_GetPCLK1Freq                     0x08003a45   Thumb Code    26  stm32g4xx_hal_rcc.o(i.HAL_RCC_GetPCLK1Freq)
    HAL_RCC_GetPCLK2Freq                     0x08003a69   Thumb Code    26  stm32g4xx_hal_rcc.o(i.HAL_RCC_GetPCLK2Freq)
    HAL_RCC_GetSysClockFreq                  0x08003a8d   Thumb Code   106  stm32g4xx_hal_rcc.o(i.HAL_RCC_GetSysClockFreq)
    HAL_RCC_OscConfig                        0x08003b05   Thumb Code  1112  stm32g4xx_hal_rcc.o(i.HAL_RCC_OscConfig)
    HAL_SPI_Init                             0x08003f5d   Thumb Code   236  stm32g4xx_hal_spi.o(i.HAL_SPI_Init)
    HAL_SPI_MspInit                          0x08004049   Thumb Code    88  spi.o(i.HAL_SPI_MspInit)
    HAL_SPI_Transmit                         0x080040a9   Thumb Code   444  stm32g4xx_hal_spi.o(i.HAL_SPI_Transmit)
    HAL_SYSTICK_Config                       0x08004265   Thumb Code    40  stm32g4xx_hal_cortex.o(i.HAL_SYSTICK_Config)
    HAL_TIMEx_Break2Callback                 0x0800428d   Thumb Code     2  stm32g4xx_hal_tim_ex.o(i.HAL_TIMEx_Break2Callback)
    HAL_TIMEx_BreakCallback                  0x0800428f   Thumb Code     2  stm32g4xx_hal_tim_ex.o(i.HAL_TIMEx_BreakCallback)
    HAL_TIMEx_CommutCallback                 0x08004291   Thumb Code     2  stm32g4xx_hal_tim_ex.o(i.HAL_TIMEx_CommutCallback)
    HAL_TIMEx_ConfigBreakDeadTime            0x08004295   Thumb Code   192  stm32g4xx_hal_tim_ex.o(i.HAL_TIMEx_ConfigBreakDeadTime)
    HAL_TIMEx_DirectionChangeCallback        0x08004361   Thumb Code     2  stm32g4xx_hal_tim_ex.o(i.HAL_TIMEx_DirectionChangeCallback)
    HAL_TIMEx_EncoderIndexCallback           0x08004363   Thumb Code     2  stm32g4xx_hal_tim_ex.o(i.HAL_TIMEx_EncoderIndexCallback)
    HAL_TIMEx_IndexErrorCallback             0x08004365   Thumb Code     2  stm32g4xx_hal_tim_ex.o(i.HAL_TIMEx_IndexErrorCallback)
    HAL_TIMEx_MasterConfigSynchronization    0x08004369   Thumb Code   152  stm32g4xx_hal_tim_ex.o(i.HAL_TIMEx_MasterConfigSynchronization)
    HAL_TIMEx_TransitionErrorCallback        0x08004421   Thumb Code     2  stm32g4xx_hal_tim_ex.o(i.HAL_TIMEx_TransitionErrorCallback)
    HAL_TIM_Base_Init                        0x08004423   Thumb Code    78  stm32g4xx_hal_tim.o(i.HAL_TIM_Base_Init)
    HAL_TIM_Base_MspInit                     0x08004471   Thumb Code   114  tim.o(i.HAL_TIM_Base_MspInit)
    HAL_TIM_Base_Start_IT                    0x080044f5   Thumb Code   116  stm32g4xx_hal_tim.o(i.HAL_TIM_Base_Start_IT)
    HAL_TIM_Base_Stop_IT                     0x08004589   Thumb Code    48  stm32g4xx_hal_tim.o(i.HAL_TIM_Base_Stop_IT)
    HAL_TIM_ConfigClockSource                0x080045b9   Thumb Code   244  stm32g4xx_hal_tim.o(i.HAL_TIM_ConfigClockSource)
    HAL_TIM_IC_CaptureCallback               0x080046b1   Thumb Code     2  stm32g4xx_hal_tim.o(i.HAL_TIM_IC_CaptureCallback)
    HAL_TIM_IRQHandler                       0x080046b3   Thumb Code   516  stm32g4xx_hal_tim.o(i.HAL_TIM_IRQHandler)
    HAL_TIM_MspPostInit                      0x080048b9   Thumb Code   152  tim.o(i.HAL_TIM_MspPostInit)
    HAL_TIM_OC_DelayElapsedCallback          0x0800495d   Thumb Code     2  stm32g4xx_hal_tim.o(i.HAL_TIM_OC_DelayElapsedCallback)
    HAL_TIM_PWM_ConfigChannel                0x0800495f   Thumb Code   310  stm32g4xx_hal_tim.o(i.HAL_TIM_PWM_ConfigChannel)
    HAL_TIM_PWM_Init                         0x08004a95   Thumb Code    78  stm32g4xx_hal_tim.o(i.HAL_TIM_PWM_Init)
    HAL_TIM_PWM_MspInit                      0x08004ae5   Thumb Code    88  tim.o(i.HAL_TIM_PWM_MspInit)
    HAL_TIM_PWM_PulseFinishedCallback        0x08004b45   Thumb Code     2  stm32g4xx_hal_tim.o(i.HAL_TIM_PWM_PulseFinishedCallback)
    HAL_TIM_PWM_Start                        0x08004b49   Thumb Code   258  stm32g4xx_hal_tim.o(i.HAL_TIM_PWM_Start)
    HAL_TIM_PeriodElapsedCallback            0x08004c75   Thumb Code   136  a_interrupt.o(i.HAL_TIM_PeriodElapsedCallback)
    HAL_TIM_TriggerCallback                  0x08004d11   Thumb Code     2  stm32g4xx_hal_tim.o(i.HAL_TIM_TriggerCallback)
    HAL_UARTEx_DisableFifoMode               0x08004d13   Thumb Code    60  stm32g4xx_hal_uart_ex.o(i.HAL_UARTEx_DisableFifoMode)
    HAL_UARTEx_RxEventCallback               0x08004d4f   Thumb Code     2  stm32g4xx_hal_uart.o(i.HAL_UARTEx_RxEventCallback)
    HAL_UARTEx_RxFifoFullCallback            0x08004d51   Thumb Code     2  stm32g4xx_hal_uart_ex.o(i.HAL_UARTEx_RxFifoFullCallback)
    HAL_UARTEx_SetRxFifoThreshold            0x08004d53   Thumb Code    76  stm32g4xx_hal_uart_ex.o(i.HAL_UARTEx_SetRxFifoThreshold)
    HAL_UARTEx_SetTxFifoThreshold            0x08004d9f   Thumb Code    76  stm32g4xx_hal_uart_ex.o(i.HAL_UARTEx_SetTxFifoThreshold)
    HAL_UARTEx_TxFifoEmptyCallback           0x08004deb   Thumb Code     2  stm32g4xx_hal_uart_ex.o(i.HAL_UARTEx_TxFifoEmptyCallback)
    HAL_UARTEx_WakeupCallback                0x08004ded   Thumb Code     2  stm32g4xx_hal_uart_ex.o(i.HAL_UARTEx_WakeupCallback)
    HAL_UART_AbortReceiveCpltCallback        0x08004def   Thumb Code     2  stm32g4xx_hal_uart.o(i.HAL_UART_AbortReceiveCpltCallback)
    HAL_UART_AbortReceive_IT                 0x08004df1   Thumb Code   188  stm32g4xx_hal_uart.o(i.HAL_UART_AbortReceive_IT)
    HAL_UART_ErrorCallback                   0x08004eb5   Thumb Code     2  stm32g4xx_hal_uart.o(i.HAL_UART_ErrorCallback)
    HAL_UART_IRQHandler                      0x08004eb9   Thumb Code   734  stm32g4xx_hal_uart.o(i.HAL_UART_IRQHandler)
    HAL_UART_Init                            0x080051a5   Thumb Code   112  stm32g4xx_hal_uart.o(i.HAL_UART_Init)
    HAL_UART_MspInit                         0x08005215   Thumb Code   128  usart.o(i.HAL_UART_MspInit)
    HAL_UART_Receive_IT                      0x080052a1   Thumb Code    84  stm32g4xx_hal_uart.o(i.HAL_UART_Receive_IT)
    HAL_UART_RxCpltCallback                  0x080052f9   Thumb Code    72  a_interrupt.o(i.HAL_UART_RxCpltCallback)
    HAL_UART_TxCpltCallback                  0x08005351   Thumb Code     2  stm32g4xx_hal_uart.o(i.HAL_UART_TxCpltCallback)
    HardFault_Handler                        0x08005353   Thumb Code     2  stm32g4xx_it.o(i.HardFault_Handler)
    IT_start                                 0x08005355   Thumb Code    34  common.o(i.IT_start)
    IT_stop                                  0x0800538d   Thumb Code    30  common.o(i.IT_stop)
    KEY_scan                                 0x080053bd   Thumb Code   184  a_key.o(i.KEY_scan)
    LCD_WR_DATA                              0x08005481   Thumb Code    16  spi_tftlcd.o(i.LCD_WR_DATA)
    LCD_WR_REG                               0x08005495   Thumb Code    16  spi_tftlcd.o(i.LCD_WR_REG)
    Lcd_Clear                                0x08005515   Thumb Code    66  spi_tftlcd.o(i.Lcd_Clear)
    Lcd_Init                                 0x0800555d   Thumb Code   542  spi_tftlcd.o(i.Lcd_Init)
    Lcd_Reset                                0x0800577b   Thumb Code    36  spi_tftlcd.o(i.Lcd_Reset)
    Lcd_SetRegion                            0x0800579f   Thumb Code    58  spi_tftlcd.o(i.Lcd_SetRegion)
    Lcd_SetXY                                0x080057d9   Thumb Code    40  spi_tftlcd.o(i.Lcd_SetXY)
    Lcd_WriteData_16Bit                      0x08005801   Thumb Code    20  spi_tftlcd.o(i.Lcd_WriteData_16Bit)
    MX_ADC1_Init                             0x08005815   Thumb Code   144  adc.o(i.MX_ADC1_Init)
    MX_DMA_Init                              0x080058ad   Thumb Code    56  dma.o(i.MX_DMA_Init)
    MX_GPIO_Init                             0x080058e9   Thumb Code   150  gpio.o(i.MX_GPIO_Init)
    MX_SPI1_Init                             0x0800598d   Thumb Code    78  spi.o(i.MX_SPI1_Init)
    MX_TIM15_Init                            0x080059e5   Thumb Code    98  tim.o(i.MX_TIM15_Init)
    MX_TIM16_Init                            0x08005a51   Thumb Code    48  tim.o(i.MX_TIM16_Init)
    MX_TIM17_Init                            0x08005a89   Thumb Code    48  tim.o(i.MX_TIM17_Init)
    MX_TIM1_Init                             0x08005ac1   Thumb Code   172  tim.o(i.MX_TIM1_Init)
    MX_TIM2_Init                             0x08005b75   Thumb Code   142  tim.o(i.MX_TIM2_Init)
    MX_USART1_UART_Init                      0x08005c09   Thumb Code    94  usart.o(i.MX_USART1_UART_Init)
    MemManage_Handler                        0x08005c71   Thumb Code     2  stm32g4xx_it.o(i.MemManage_Handler)
    NMI_Handler                              0x08005c73   Thumb Code     2  stm32g4xx_it.o(i.NMI_Handler)
    PendSV_Handler                           0x08005c75   Thumb Code     2  stm32g4xx_it.o(i.PendSV_Handler)
    SPI1_Init                                0x08005cc9   Thumb Code     2  spi_tftlcd.o(i.SPI1_Init)
    SPI_WriteByte                            0x08005ecd   Thumb Code    16  spi_tftlcd.o(i.SPI_WriteByte)
    SVC_Handler                              0x08005ee1   Thumb Code     2  stm32g4xx_it.o(i.SVC_Handler)
    SysTick_Handler                          0x08005ee3   Thumb Code     4  stm32g4xx_it.o(i.SysTick_Handler)
    SystemClock_Config                       0x08005ee7   Thumb Code   104  main.o(i.SystemClock_Config)
    SystemInit                               0x08005f51   Thumb Code    12  system_stm32g4xx.o(i.SystemInit)
    TIM1_TRG_COM_TIM17_IRQHandler            0x08005f61   Thumb Code    18  stm32g4xx_it.o(i.TIM1_TRG_COM_TIM17_IRQHandler)
    TIM1_UP_TIM16_IRQHandler                 0x08005f7d   Thumb Code    18  stm32g4xx_it.o(i.TIM1_UP_TIM16_IRQHandler)
    TIM_Base_SetConfig                       0x08005f99   Thumb Code   176  stm32g4xx_hal_tim.o(i.TIM_Base_SetConfig)
    TIM_CCxChannelCmd                        0x0800606d   Thumb Code    26  stm32g4xx_hal_tim.o(i.TIM_CCxChannelCmd)
    TIM_ETR_SetConfig                        0x08006087   Thumb Code    20  stm32g4xx_hal_tim.o(i.TIM_ETR_SetConfig)
    TIM_OC2_SetConfig                        0x08006161   Thumb Code   136  stm32g4xx_hal_tim.o(i.TIM_OC2_SetConfig)
    UART_AdvFeatureConfig                    0x080064d1   Thumb Code   200  stm32g4xx_hal_uart.o(i.UART_AdvFeatureConfig)
    UART_CheckIdleState                      0x08006599   Thumb Code    96  stm32g4xx_hal_uart.o(i.UART_CheckIdleState)
    UART_SetConfig                           0x08006ad5   Thumb Code   734  stm32g4xx_hal_uart.o(i.UART_SetConfig)
    UART_Start_Receive_IT                    0x08006de5   Thumb Code   282  stm32g4xx_hal_uart.o(i.UART_Start_Receive_IT)
    UART_WaitOnFlagUntilTimeout              0x08006f11   Thumb Code   190  stm32g4xx_hal_uart.o(i.UART_WaitOnFlagUntilTimeout)
    USART1_IRQHandler                        0x08006fd1   Thumb Code     6  stm32g4xx_it.o(i.USART1_IRQHandler)
    UsageFault_Handler                       0x08006fdd   Thumb Code     2  stm32g4xx_it.o(i.UsageFault_Handler)
    __0snprintf                              0x08006fe1   Thumb Code    44  printfa.o(i.__0snprintf)
    __1snprintf                              0x08006fe1   Thumb Code     0  printfa.o(i.__0snprintf)
    __2snprintf                              0x08006fe1   Thumb Code     0  printfa.o(i.__0snprintf)
    __c89snprintf                            0x08006fe1   Thumb Code     0  printfa.o(i.__0snprintf)
    snprintf                                 0x08006fe1   Thumb Code     0  printfa.o(i.__0snprintf)
    free                                     0x08007031   Thumb Code    88  mallocr.o(i.__free$realloc)
    __hardfp_strtod                          0x08007091   Thumb Code    30  strtod.o(i.__hardfp_strtod)
    malloc                                   0x080070b9   Thumb Code    64  mallocr.o(i.__malloc$realloc)
    __scatterload_copy                       0x08007109   Thumb Code    14  handlers.o(i.__scatterload_copy)
    __scatterload_null                       0x08007117   Thumb Code     2  handlers.o(i.__scatterload_null)
    __scatterload_zeroinit                   0x08007119   Thumb Code    14  handlers.o(i.__scatterload_zeroinit)
    __set_errno                              0x08007129   Thumb Code     6  errno.o(i.__set_errno)
    _is_digit                                0x080072b9   Thumb Code    14  scanf_fp.o(i._is_digit)
    cJSON_Delete                             0x08007a45   Thumb Code    66  cjson.o(i.cJSON_Delete)
    cJSON_Parse                              0x08007aa5   Thumb Code     8  cjson.o(i.cJSON_Parse)
    cJSON_ParseWithLengthOpts                0x08007aad   Thumb Code   206  cjson.o(i.cJSON_ParseWithLengthOpts)
    cJSON_ParseWithOpts                      0x08007b81   Thumb Code    38  cjson.o(i.cJSON_ParseWithOpts)
    main                                     0x08007bfd   Thumb Code    58  main.o(i.main)
    realloc                                  0x080081c5   Thumb Code   102  mallocr.o(i.realloc)
    sqrtf                                    0x08008265   Thumb Code    62  sqrtf.o(i.sqrtf)
    UARTPrescTable                           0x08008378   Data          24  stm32g4xx_hal_uart.o(.constdata)
    AHBPrescTable                            0x080083a0   Data          16  system_stm32g4xx.o(.constdata)
    APBPrescTable                            0x080083b0   Data           8  system_stm32g4xx.o(.constdata)
    asc16                                    0x080083b8   Data        1521  gui.o(.constdata)
    sz32                                     0x080089a9   Data        1921  gui.o(.constdata)
    hz16                                     0x0800912a   Data        1768  gui.o(.constdata)
    hz24                                     0x08009812   Data        1406  gui.o(.constdata)
    __ctype_categories                       0x08009d90   Data          64  ctype_c.o(.constdata)
    armBitRevTable                           0x08009dd0   Data        2048  arm_common_tables.o(.rodata.armBitRevTable)
    twiddleCoef_4096                         0x0800a5d0   Data       32768  arm_common_tables.o(.rodata.twiddleCoef_4096)
    Region$$Table$$Base                      0x080125d0   Number         0  anon$$obj.o(Region$$Table)
    Region$$Table$$Limit                     0x080125f0   Number         0  anon$$obj.o(Region$$Table)
    uwTickPrio                               0x20000000   Data           4  stm32g4xx_hal.o(.data)
    uwTickFreq                               0x20000004   Data           4  stm32g4xx_hal.o(.data)
    uwTick                                   0x20000008   Data           4  stm32g4xx_hal.o(.data)
    SystemCoreClock                          0x2000000c   Data           4  system_stm32g4xx.o(.data)
    Uart_Rx_byte                             0x20000010   Data           1  a_interrupt.o(.data)
    LED_Red_Flag                             0x20000011   Data           1  a_interrupt.o(.data)
    LED_Blue_Flag                            0x20000012   Data           1  a_interrupt.o(.data)
    LED_Green_Flag                           0x20000013   Data           1  a_interrupt.o(.data)
    Buzzer_Flag                              0x20000014   Data           1  a_interrupt.o(.data)
    Uart_Rx_size                             0x20000016   Data           2  a_interrupt.o(.data)
    root                                     0x20000018   Data           4  a_interrupt.o(.data)
    key_judge                                0x2000001c   Data           8  a_key.o(.data)
    key_state                                0x20000024   Data           8  a_key.o(.data)
    key_time                                 0x2000002c   Data           8  a_key.o(.data)
    key_flag                                 0x20000034   Data           8  a_key.o(.data)
    ShowFlag                                 0x2000003c   Data           1  common.o(.data)
    __microlib_freelist                      0x2000005c   Data           4  mvars.o(.data)
    __microlib_freelist_initialised          0x20000060   Data           4  mvars.o(.data)
    hadc1                                    0x20000068   Data         108  adc.o(.bss)
    hdma_adc1                                0x200000d4   Data          96  adc.o(.bss)
    hspi1                                    0x20000134   Data         100  spi.o(.bss)
    htim1                                    0x20000198   Data          76  tim.o(.bss)
    htim2                                    0x200001e4   Data          76  tim.o(.bss)
    htim15                                   0x20000230   Data          76  tim.o(.bss)
    htim16                                   0x2000027c   Data          76  tim.o(.bss)
    htim17                                   0x200002c8   Data          76  tim.o(.bss)
    huart1                                   0x20000314   Data         144  usart.o(.bss)
    Uart_Rx_bytes                            0x200003a4   Data         128  a_interrupt.o(.bss)
    text                                     0x20000424   Data         128  common.o(.bss)
    ADC_Buffer                               0x200004a4   Data        1024  a_adc.o(.bss)
    S_FFT                                    0x20001858   Data          20  a_dsp.o(.bss)
    __heap_base                              0x20001870   Data           0  startup_stm32g474xx.o(HEAP)
    __heap_limit                             0x20003870   Data           0  startup_stm32g474xx.o(HEAP)
    __initial_sp                             0x20005870   Data           0  startup_stm32g474xx.o(STACK)



==============================================================================

Memory Map of the image

  Image Entry point : 0x080001d9

  Load Region LR_IROM1 (Base: 0x08000000, Size: 0x00012658, Max: 0x00080000, ABSOLUTE)

    Execution Region ER_IROM1 (Exec base: 0x08000000, Load base: 0x08000000, Size: 0x000125f0, Max: 0x00080000, ABSOLUTE)

    Exec Addr    Load Addr    Size         Type   Attr      Idx    E Section Name        Object

    0x08000000   0x08000000   0x000001d8   Data   RO            3    RESET               startup_stm32g474xx.o
    0x080001d8   0x080001d8   0x00000000   Code   RO         6272  * .ARM.Collect$$$$00000000  mc_w.l(entry.o)
    0x080001d8   0x080001d8   0x00000004   Code   RO         6618    .ARM.Collect$$$$00000001  mc_w.l(entry2.o)
    0x080001dc   0x080001dc   0x00000004   Code   RO         6621    .ARM.Collect$$$$00000004  mc_w.l(entry5.o)
    0x080001e0   0x080001e0   0x00000000   Code   RO         6623    .ARM.Collect$$$$00000008  mc_w.l(entry7b.o)
    0x080001e0   0x080001e0   0x00000000   Code   RO         6625    .ARM.Collect$$$$0000000A  mc_w.l(entry8b.o)
    0x080001e0   0x080001e0   0x00000008   Code   RO         6626    .ARM.Collect$$$$0000000B  mc_w.l(entry9a.o)
    0x080001e8   0x080001e8   0x00000000   Code   RO         6628    .ARM.Collect$$$$0000000D  mc_w.l(entry10a.o)
    0x080001e8   0x080001e8   0x00000000   Code   RO         6630    .ARM.Collect$$$$0000000F  mc_w.l(entry11a.o)
    0x080001e8   0x080001e8   0x00000004   Code   RO         6619    .ARM.Collect$$$$00002712  mc_w.l(entry2.o)
    0x080001ec   0x080001ec   0x00000024   Code   RO            4    .text               startup_stm32g474xx.o
    0x08000210   0x08000210   0x00000062   Code   RO         6275    .text               mc_w.l(uldiv.o)
    0x08000272   0x08000272   0x00000024   Code   RO         6279    .text               mc_w.l(memcpya.o)
    0x08000296   0x08000296   0x00000024   Code   RO         6281    .text               mc_w.l(memseta.o)
    0x080002ba   0x080002ba   0x0000000e   Code   RO         6285    .text               mc_w.l(strlen.o)
    0x080002c8   0x080002c8   0x0000001e   Code   RO         6291    .text               mc_w.l(strncmp.o)
    0x080002e6   0x080002e6   0x00000002   PAD
    0x080002e8   0x080002e8   0x00000360   Code   RO         6588    .text               mc_w.l(scanf_fp.o)
    0x08000648   0x08000648   0x000000b0   Code   RO         6592    .text               mf_w.l(fadd.o)
    0x080006f8   0x080006f8   0x00000064   Code   RO         6594    .text               mf_w.l(fmul.o)
    0x0800075c   0x0800075c   0x0000014e   Code   RO         6596    .text               mf_w.l(dadd.o)
    0x080008aa   0x080008aa   0x000000e4   Code   RO         6598    .text               mf_w.l(dmul.o)
    0x0800098e   0x0800098e   0x000000de   Code   RO         6600    .text               mf_w.l(ddiv.o)
    0x08000a6c   0x08000a6c   0x00000022   Code   RO         6602    .text               mf_w.l(dflti.o)
    0x08000a8e   0x08000a8e   0x0000001a   Code   RO         6604    .text               mf_w.l(dfltui.o)
    0x08000aa8   0x08000aa8   0x0000003e   Code   RO         6606    .text               mf_w.l(dfixi.o)
    0x08000ae6   0x08000ae6   0x00000032   Code   RO         6608    .text               mf_w.l(dfixui.o)
    0x08000b18   0x08000b18   0x00000026   Code   RO         6610    .text               mf_w.l(f2d.o)
    0x08000b3e   0x08000b3e   0x00000002   PAD
    0x08000b40   0x08000b40   0x00000030   Code   RO         6612    .text               mf_w.l(cdcmple.o)
    0x08000b70   0x08000b70   0x00000030   Code   RO         6614    .text               mf_w.l(cdrcmple.o)
    0x08000ba0   0x08000ba0   0x00000038   Code   RO         6616    .text               mf_w.l(d2f.o)
    0x08000bd8   0x08000bd8   0x0000002c   Code   RO         6635    .text               mc_w.l(uidiv.o)
    0x08000c04   0x08000c04   0x0000001e   Code   RO         6637    .text               mc_w.l(llshl.o)
    0x08000c22   0x08000c22   0x00000020   Code   RO         6639    .text               mc_w.l(llushr.o)
    0x08000c42   0x08000c42   0x00000024   Code   RO         6641    .text               mc_w.l(llsshr.o)
    0x08000c66   0x08000c66   0x00000040   Code   RO         6654    .text               mc_w.l(_sgetc.o)
    0x08000ca6   0x08000ca6   0x00000002   PAD
    0x08000ca8   0x08000ca8   0x0000009c   Code   RO         6656    .text               mc_w.l(strtod.o)
    0x08000d44   0x08000d44   0x00000000   Code   RO         6658    .text               mc_w.l(iusefp.o)
    0x08000d44   0x08000d44   0x0000006e   Code   RO         6659    .text               mf_w.l(fepilogue.o)
    0x08000db2   0x08000db2   0x000000ba   Code   RO         6661    .text               mf_w.l(depilogue.o)
    0x08000e6c   0x08000e6c   0x00000018   Code   RO         6663    .text               mf_w.l(dfltul.o)
    0x08000e84   0x08000e84   0x00000030   Code   RO         6665    .text               mf_w.l(dfixul.o)
    0x08000eb4   0x08000eb4   0x00000024   Code   RO         6667    .text               mc_w.l(init.o)
    0x08000ed8   0x08000ed8   0x0000000a   Code   RO         6670    .text               mc_w.l(isspace_c.o)
    0x08000ee2   0x08000ee2   0x00000002   PAD
    0x08000ee4   0x08000ee4   0x00000028   Code   RO         6675    .text               mc_w.l(ctype_c.o)
    0x08000f0c   0x08000f0c   0x000000ae   Code   RO         6139    .text.arm_bitreversal_f32  arm_cortexM4l_math.lib(arm_bitreversal.o)
    0x08000fba   0x08000fba   0x00000042   Code   RO         6114    .text.arm_cfft_radix2_f32  arm_cortexM4l_math.lib(arm_cfft_radix2_f32.o)
    0x08000ffc   0x08000ffc   0x000000be   Code   RO         6129    .text.arm_cfft_radix2_init_f32  arm_cortexM4l_math.lib(arm_cfft_radix2_init_f32.o)
    0x080010ba   0x080010ba   0x00000002   PAD
    0x080010bc   0x080010bc   0x000000e8   Code   RO         6104    .text.arm_cmplx_mag_f32  arm_cortexM4l_math.lib(arm_cmplx_mag_f32.o)
    0x080011a4   0x080011a4   0x00000206   Code   RO         6118    .text.arm_radix2_butterfly_f32  arm_cortexM4l_math.lib(arm_cfft_radix2_f32.o)
    0x080013aa   0x080013aa   0x00000002   PAD
    0x080013ac   0x080013ac   0x0000021a   Code   RO         6116    .text.arm_radix2_butterfly_inverse_f32  arm_cortexM4l_math.lib(arm_cfft_radix2_f32.o)
    0x080015c6   0x080015c6   0x0000007e   Code   RO          657    i.ADC_DMAConvCplt   stm32g4xx_hal_adc.o
    0x08001644   0x08001644   0x0000001a   Code   RO          658    i.ADC_DMAError      stm32g4xx_hal_adc.o
    0x0800165e   0x0800165e   0x0000000a   Code   RO          659    i.ADC_DMAHalfConvCplt  stm32g4xx_hal_adc.o
    0x08001668   0x08001668   0x0000008c   Code   RO          661    i.ADC_Enable        stm32g4xx_hal_adc.o
    0x080016f4   0x080016f4   0x00000078   Code   RO         4866    i.ADMIN_Init        common.o
    0x0800176c   0x0800176c   0x0000030c   Code   RO         4867    i.ADMIN_Mainloop    common.o
    0x08001a78   0x08001a78   0x00000002   Code   RO          532    i.BusFault_Handler  stm32g4xx_it.o
    0x08001a7a   0x08001a7a   0x00000002   PAD
    0x08001a7c   0x08001a7c   0x0000000c   Code   RO          533    i.DMA1_Channel1_IRQHandler  stm32g4xx_it.o
    0x08001a88   0x08001a88   0x00000040   Code   RO         2012    i.DMA_CalcDMAMUXChannelBaseAndMask  stm32g4xx_hal_dma.o
    0x08001ac8   0x08001ac8   0x00000024   Code   RO         2013    i.DMA_CalcDMAMUXRequestGenBaseAndMask  stm32g4xx_hal_dma.o
    0x08001aec   0x08001aec   0x00000042   Code   RO         2014    i.DMA_SetConfig     stm32g4xx_hal_dma.o
    0x08001b2e   0x08001b2e   0x00000002   Code   RO          534    i.DebugMon_Handler  stm32g4xx_it.o
    0x08001b30   0x08001b30   0x00000004   Code   RO           13    i.Error_Handler     main.o
    0x08001b34   0x08001b34   0x000000b0   Code   RO         4981    i.FFT_GetValuesModulus  a_dsp.o
    0x08001be4   0x08001be4   0x00000160   Code   RO         5886    i.Gui_DrawFont_GBK16  gui.o
    0x08001d44   0x08001d44   0x000000b2   Code   RO         5889    i.Gui_DrawLine      gui.o
    0x08001df6   0x08001df6   0x00000012   Code   RO         5998    i.Gui_DrawPoint     spi_tftlcd.o
    0x08001e08   0x08001e08   0x00000638   Code   RO         4950    i.Gui_ShowWave      a_lcd.o
    0x08002440   0x08002440   0x0000016c   Code   RO          916    i.HAL_ADCEx_MultiModeConfigChannel  stm32g4xx_hal_adc_ex.o
    0x080025ac   0x080025ac   0x00000480   Code   RO          663    i.HAL_ADC_ConfigChannel  stm32g4xx_hal_adc.o
    0x08002a2c   0x08002a2c   0x00000002   Code   RO          664    i.HAL_ADC_ConvCpltCallback  stm32g4xx_hal_adc.o
    0x08002a2e   0x08002a2e   0x00000002   Code   RO          665    i.HAL_ADC_ConvHalfCpltCallback  stm32g4xx_hal_adc.o
    0x08002a30   0x08002a30   0x00000002   Code   RO          667    i.HAL_ADC_ErrorCallback  stm32g4xx_hal_adc.o
    0x08002a32   0x08002a32   0x00000002   PAD
    0x08002a34   0x08002a34   0x0000024c   Code   RO          672    i.HAL_ADC_Init      stm32g4xx_hal_adc.o
    0x08002c80   0x08002c80   0x000000b0   Code   RO          299    i.HAL_ADC_MspInit   adc.o
    0x08002d30   0x08002d30   0x00000130   Code   RO          680    i.HAL_ADC_Start_DMA  stm32g4xx_hal_adc.o
    0x08002e60   0x08002e60   0x00000068   Code   RO         2015    i.HAL_DMA_Abort     stm32g4xx_hal_dma.o
    0x08002ec8   0x08002ec8   0x00000076   Code   RO         2016    i.HAL_DMA_Abort_IT  stm32g4xx_hal_dma.o
    0x08002f3e   0x08002f3e   0x000000cc   Code   RO         2020    i.HAL_DMA_IRQHandler  stm32g4xx_hal_dma.o
    0x0800300a   0x0800300a   0x00000002   PAD
    0x0800300c   0x0800300c   0x000000c0   Code   RO         2021    i.HAL_DMA_Init      stm32g4xx_hal_dma.o
    0x080030cc   0x080030cc   0x00000090   Code   RO         2025    i.HAL_DMA_Start_IT  stm32g4xx_hal_dma.o
    0x0800315c   0x0800315c   0x00000024   Code   RO         1120    i.HAL_Delay         stm32g4xx_hal.o
    0x08003180   0x08003180   0x000001b0   Code   RO         1877    i.HAL_GPIO_Init     stm32g4xx_hal_gpio.o
    0x08003330   0x08003330   0x0000000e   Code   RO         1879    i.HAL_GPIO_ReadPin  stm32g4xx_hal_gpio.o
    0x0800333e   0x0800333e   0x0000000c   Code   RO         1881    i.HAL_GPIO_WritePin  stm32g4xx_hal_gpio.o
    0x0800334a   0x0800334a   0x00000002   PAD
    0x0800334c   0x0800334c   0x0000000c   Code   RO         1124    i.HAL_GetTick       stm32g4xx_hal.o
    0x08003358   0x08003358   0x00000010   Code   RO         1127    i.HAL_IncTick       stm32g4xx_hal.o
    0x08003368   0x08003368   0x0000001e   Code   RO         1128    i.HAL_Init          stm32g4xx_hal.o
    0x08003386   0x08003386   0x00000002   PAD
    0x08003388   0x08003388   0x0000004c   Code   RO         1129    i.HAL_InitTick      stm32g4xx_hal.o
    0x080033d4   0x080033d4   0x00000030   Code   RO          632    i.HAL_MspInit       stm32g4xx_hal_msp.o
    0x08003404   0x08003404   0x0000001a   Code   RO         2524    i.HAL_NVIC_EnableIRQ  stm32g4xx_hal_cortex.o
    0x0800341e   0x0800341e   0x00000002   PAD
    0x08003420   0x08003420   0x00000040   Code   RO         2530    i.HAL_NVIC_SetPriority  stm32g4xx_hal_cortex.o
    0x08003460   0x08003460   0x00000024   Code   RO         2531    i.HAL_NVIC_SetPriorityGrouping  stm32g4xx_hal_cortex.o
    0x08003484   0x08003484   0x000000cc   Code   RO         2280    i.HAL_PWREx_ControlVoltageScaling  stm32g4xx_hal_pwr_ex.o
    0x08003550   0x08003550   0x00000010   Code   RO         2292    i.HAL_PWREx_DisableUCPDDeadBattery  stm32g4xx_hal_pwr_ex.o
    0x08003560   0x08003560   0x00000310   Code   RO         1478    i.HAL_RCCEx_PeriphCLKConfig  stm32g4xx_hal_rcc_ex.o
    0x08003870   0x08003870   0x000001c8   Code   RO         1348    i.HAL_RCC_ClockConfig  stm32g4xx_hal_rcc.o
    0x08003a38   0x08003a38   0x0000000c   Code   RO         1354    i.HAL_RCC_GetHCLKFreq  stm32g4xx_hal_rcc.o
    0x08003a44   0x08003a44   0x00000024   Code   RO         1356    i.HAL_RCC_GetPCLK1Freq  stm32g4xx_hal_rcc.o
    0x08003a68   0x08003a68   0x00000024   Code   RO         1357    i.HAL_RCC_GetPCLK2Freq  stm32g4xx_hal_rcc.o
    0x08003a8c   0x08003a8c   0x00000078   Code   RO         1358    i.HAL_RCC_GetSysClockFreq  stm32g4xx_hal_rcc.o
    0x08003b04   0x08003b04   0x00000458   Code   RO         1361    i.HAL_RCC_OscConfig  stm32g4xx_hal_rcc.o
    0x08003f5c   0x08003f5c   0x000000ec   Code   RO         2665    i.HAL_SPI_Init      stm32g4xx_hal_spi.o
    0x08004048   0x08004048   0x00000060   Code   RO          365    i.HAL_SPI_MspInit   spi.o
    0x080040a8   0x080040a8   0x000001bc   Code   RO         2673    i.HAL_SPI_Transmit  stm32g4xx_hal_spi.o
    0x08004264   0x08004264   0x00000028   Code   RO         2535    i.HAL_SYSTICK_Config  stm32g4xx_hal_cortex.o
    0x0800428c   0x0800428c   0x00000002   Code   RO         3732    i.HAL_TIMEx_Break2Callback  stm32g4xx_hal_tim_ex.o
    0x0800428e   0x0800428e   0x00000002   Code   RO         3733    i.HAL_TIMEx_BreakCallback  stm32g4xx_hal_tim_ex.o
    0x08004290   0x08004290   0x00000002   Code   RO         3734    i.HAL_TIMEx_CommutCallback  stm32g4xx_hal_tim_ex.o
    0x08004292   0x08004292   0x00000002   PAD
    0x08004294   0x08004294   0x000000cc   Code   RO         3737    i.HAL_TIMEx_ConfigBreakDeadTime  stm32g4xx_hal_tim_ex.o
    0x08004360   0x08004360   0x00000002   Code   RO         3745    i.HAL_TIMEx_DirectionChangeCallback  stm32g4xx_hal_tim_ex.o
    0x08004362   0x08004362   0x00000002   Code   RO         3759    i.HAL_TIMEx_EncoderIndexCallback  stm32g4xx_hal_tim_ex.o
    0x08004364   0x08004364   0x00000002   Code   RO         3773    i.HAL_TIMEx_IndexErrorCallback  stm32g4xx_hal_tim_ex.o
    0x08004366   0x08004366   0x00000002   PAD
    0x08004368   0x08004368   0x000000b8   Code   RO         3774    i.HAL_TIMEx_MasterConfigSynchronization  stm32g4xx_hal_tim_ex.o
    0x08004420   0x08004420   0x00000002   Code   RO         3795    i.HAL_TIMEx_TransitionErrorCallback  stm32g4xx_hal_tim_ex.o
    0x08004422   0x08004422   0x0000004e   Code   RO         3007    i.HAL_TIM_Base_Init  stm32g4xx_hal_tim.o
    0x08004470   0x08004470   0x00000084   Code   RO          407    i.HAL_TIM_Base_MspInit  tim.o
    0x080044f4   0x080044f4   0x00000094   Code   RO         3012    i.HAL_TIM_Base_Start_IT  stm32g4xx_hal_tim.o
    0x08004588   0x08004588   0x00000030   Code   RO         3015    i.HAL_TIM_Base_Stop_IT  stm32g4xx_hal_tim.o
    0x080045b8   0x080045b8   0x000000f8   Code   RO         3016    i.HAL_TIM_ConfigClockSource  stm32g4xx_hal_tim.o
    0x080046b0   0x080046b0   0x00000002   Code   RO         3041    i.HAL_TIM_IC_CaptureCallback  stm32g4xx_hal_tim.o
    0x080046b2   0x080046b2   0x00000204   Code   RO         3055    i.HAL_TIM_IRQHandler  stm32g4xx_hal_tim.o
    0x080048b6   0x080048b6   0x00000002   PAD
    0x080048b8   0x080048b8   0x000000a4   Code   RO          408    i.HAL_TIM_MspPostInit  tim.o
    0x0800495c   0x0800495c   0x00000002   Code   RO         3058    i.HAL_TIM_OC_DelayElapsedCallback  stm32g4xx_hal_tim.o
    0x0800495e   0x0800495e   0x00000136   Code   RO         3079    i.HAL_TIM_PWM_ConfigChannel  stm32g4xx_hal_tim.o
    0x08004a94   0x08004a94   0x0000004e   Code   RO         3082    i.HAL_TIM_PWM_Init  stm32g4xx_hal_tim.o
    0x08004ae2   0x08004ae2   0x00000002   PAD
    0x08004ae4   0x08004ae4   0x00000060   Code   RO          410    i.HAL_TIM_PWM_MspInit  tim.o
    0x08004b44   0x08004b44   0x00000002   Code   RO         3085    i.HAL_TIM_PWM_PulseFinishedCallback  stm32g4xx_hal_tim.o
    0x08004b46   0x08004b46   0x00000002   PAD
    0x08004b48   0x08004b48   0x0000012c   Code   RO         3087    i.HAL_TIM_PWM_Start  stm32g4xx_hal_tim.o
    0x08004c74   0x08004c74   0x0000009c   Code   RO         4741    i.HAL_TIM_PeriodElapsedCallback  a_interrupt.o
    0x08004d10   0x08004d10   0x00000002   Code   RO         3098    i.HAL_TIM_TriggerCallback  stm32g4xx_hal_tim.o
    0x08004d12   0x08004d12   0x0000003c   Code   RO         4586    i.HAL_UARTEx_DisableFifoMode  stm32g4xx_hal_uart_ex.o
    0x08004d4e   0x08004d4e   0x00000002   Code   RO         4170    i.HAL_UARTEx_RxEventCallback  stm32g4xx_hal_uart.o
    0x08004d50   0x08004d50   0x00000002   Code   RO         4593    i.HAL_UARTEx_RxFifoFullCallback  stm32g4xx_hal_uart_ex.o
    0x08004d52   0x08004d52   0x0000004c   Code   RO         4594    i.HAL_UARTEx_SetRxFifoThreshold  stm32g4xx_hal_uart_ex.o
    0x08004d9e   0x08004d9e   0x0000004c   Code   RO         4595    i.HAL_UARTEx_SetTxFifoThreshold  stm32g4xx_hal_uart_ex.o
    0x08004dea   0x08004dea   0x00000002   Code   RO         4597    i.HAL_UARTEx_TxFifoEmptyCallback  stm32g4xx_hal_uart_ex.o
    0x08004dec   0x08004dec   0x00000002   Code   RO         4598    i.HAL_UARTEx_WakeupCallback  stm32g4xx_hal_uart_ex.o
    0x08004dee   0x08004dee   0x00000002   Code   RO         4174    i.HAL_UART_AbortReceiveCpltCallback  stm32g4xx_hal_uart.o
    0x08004df0   0x08004df0   0x000000c4   Code   RO         4175    i.HAL_UART_AbortReceive_IT  stm32g4xx_hal_uart.o
    0x08004eb4   0x08004eb4   0x00000002   Code   RO         4186    i.HAL_UART_ErrorCallback  stm32g4xx_hal_uart.o
    0x08004eb6   0x08004eb6   0x00000002   PAD
    0x08004eb8   0x08004eb8   0x000002ec   Code   RO         4189    i.HAL_UART_IRQHandler  stm32g4xx_hal_uart.o
    0x080051a4   0x080051a4   0x00000070   Code   RO         4190    i.HAL_UART_Init     stm32g4xx_hal_uart.o
    0x08005214   0x08005214   0x0000008c   Code   RO          491    i.HAL_UART_MspInit  usart.o
    0x080052a0   0x080052a0   0x00000058   Code   RO         4195    i.HAL_UART_Receive_IT  stm32g4xx_hal_uart.o
    0x080052f8   0x080052f8   0x00000058   Code   RO         4742    i.HAL_UART_RxCpltCallback  a_interrupt.o
    0x08005350   0x08005350   0x00000002   Code   RO         4202    i.HAL_UART_TxCpltCallback  stm32g4xx_hal_uart.o
    0x08005352   0x08005352   0x00000002   Code   RO          535    i.HardFault_Handler  stm32g4xx_it.o
    0x08005354   0x08005354   0x00000038   Code   RO         4868    i.IT_start          common.o
    0x0800538c   0x0800538c   0x00000030   Code   RO         4869    i.IT_stop           common.o
    0x080053bc   0x080053bc   0x000000c4   Code   RO         4836    i.KEY_scan          a_key.o
    0x08005480   0x08005480   0x00000014   Code   RO         6000    i.LCD_WR_DATA       spi_tftlcd.o
    0x08005494   0x08005494   0x00000014   Code   RO         6001    i.LCD_WR_REG        spi_tftlcd.o
    0x080054a8   0x080054a8   0x0000000c   Code   RO          686    i.LL_ADC_GetOffsetChannel  stm32g4xx_hal_adc.o
    0x080054b4   0x080054b4   0x00000008   Code   RO          687    i.LL_ADC_INJ_IsConversionOngoing  stm32g4xx_hal_adc.o
    0x080054bc   0x080054bc   0x00000008   Code   RO          688    i.LL_ADC_IsEnabled  stm32g4xx_hal_adc.o
    0x080054c4   0x080054c4   0x00000008   Code   RO          689    i.LL_ADC_REG_IsConversionOngoing  stm32g4xx_hal_adc.o
    0x080054cc   0x080054cc   0x00000008   Code   RO          927    i.LL_ADC_REG_IsConversionOngoing  stm32g4xx_hal_adc_ex.o
    0x080054d4   0x080054d4   0x00000010   Code   RO          690    i.LL_ADC_REG_IsTriggerSourceSWStart  stm32g4xx_hal_adc.o
    0x080054e4   0x080054e4   0x0000001e   Code   RO          692    i.LL_ADC_SetChannelSamplingTime  stm32g4xx_hal_adc.o
    0x08005502   0x08005502   0x00000010   Code   RO          693    i.LL_ADC_SetOffsetState  stm32g4xx_hal_adc.o
    0x08005512   0x08005512   0x00000002   PAD
    0x08005514   0x08005514   0x00000048   Code   RO         6003    i.Lcd_Clear         spi_tftlcd.o
    0x0800555c   0x0800555c   0x0000021e   Code   RO         6004    i.Lcd_Init          spi_tftlcd.o
    0x0800577a   0x0800577a   0x00000024   Code   RO         6005    i.Lcd_Reset         spi_tftlcd.o
    0x0800579e   0x0800579e   0x0000003a   Code   RO         6006    i.Lcd_SetRegion     spi_tftlcd.o
    0x080057d8   0x080057d8   0x00000028   Code   RO         6007    i.Lcd_SetXY         spi_tftlcd.o
    0x08005800   0x08005800   0x00000014   Code   RO         6008    i.Lcd_WriteData_16Bit  spi_tftlcd.o
    0x08005814   0x08005814   0x00000098   Code   RO          300    i.MX_ADC1_Init      adc.o
    0x080058ac   0x080058ac   0x0000003c   Code   RO          340    i.MX_DMA_Init       dma.o
    0x080058e8   0x080058e8   0x000000a4   Code   RO          274    i.MX_GPIO_Init      gpio.o
    0x0800598c   0x0800598c   0x00000058   Code   RO          366    i.MX_SPI1_Init      spi.o
    0x080059e4   0x080059e4   0x0000006c   Code   RO          411    i.MX_TIM15_Init     tim.o
    0x08005a50   0x08005a50   0x00000038   Code   RO          412    i.MX_TIM16_Init     tim.o
    0x08005a88   0x08005a88   0x00000038   Code   RO          413    i.MX_TIM17_Init     tim.o
    0x08005ac0   0x08005ac0   0x000000b4   Code   RO          414    i.MX_TIM1_Init      tim.o
    0x08005b74   0x08005b74   0x00000094   Code   RO          415    i.MX_TIM2_Init      tim.o
    0x08005c08   0x08005c08   0x00000068   Code   RO          492    i.MX_USART1_UART_Init  usart.o
    0x08005c70   0x08005c70   0x00000002   Code   RO          536    i.MemManage_Handler  stm32g4xx_it.o
    0x08005c72   0x08005c72   0x00000002   Code   RO          537    i.NMI_Handler       stm32g4xx_it.o
    0x08005c74   0x08005c74   0x00000002   Code   RO          538    i.PendSV_Handler    stm32g4xx_it.o
    0x08005c76   0x08005c76   0x00000002   PAD
    0x08005c78   0x08005c78   0x00000050   Code   RO         1362    i.RCC_GetSysClockFreqFromPLLSource  stm32g4xx_hal_rcc.o
    0x08005cc8   0x08005cc8   0x00000002   Code   RO         6009    i.SPI1_Init         spi_tftlcd.o
    0x08005cca   0x08005cca   0x00000064   Code   RO         2703    i.SPI_EndRxTxTransaction  stm32g4xx_hal_spi.o
    0x08005d2e   0x08005d2e   0x00000002   PAD
    0x08005d30   0x08005d30   0x000000e0   Code   RO         2708    i.SPI_WaitFifoStateUntilTimeout  stm32g4xx_hal_spi.o
    0x08005e10   0x08005e10   0x000000bc   Code   RO         2709    i.SPI_WaitFlagStateUntilTimeout  stm32g4xx_hal_spi.o
    0x08005ecc   0x08005ecc   0x00000014   Code   RO         6011    i.SPI_WriteByte     spi_tftlcd.o
    0x08005ee0   0x08005ee0   0x00000002   Code   RO          539    i.SVC_Handler       stm32g4xx_it.o
    0x08005ee2   0x08005ee2   0x00000004   Code   RO          540    i.SysTick_Handler   stm32g4xx_it.o
    0x08005ee6   0x08005ee6   0x00000068   Code   RO           14    i.SystemClock_Config  main.o
    0x08005f4e   0x08005f4e   0x00000002   PAD
    0x08005f50   0x08005f50   0x00000010   Code   RO         4704    i.SystemInit        system_stm32g4xx.o
    0x08005f60   0x08005f60   0x0000001c   Code   RO          541    i.TIM1_TRG_COM_TIM17_IRQHandler  stm32g4xx_it.o
    0x08005f7c   0x08005f7c   0x0000001c   Code   RO          542    i.TIM1_UP_TIM16_IRQHandler  stm32g4xx_it.o
    0x08005f98   0x08005f98   0x000000d4   Code   RO         3100    i.TIM_Base_SetConfig  stm32g4xx_hal_tim.o
    0x0800606c   0x0800606c   0x0000001a   Code   RO         3101    i.TIM_CCxChannelCmd  stm32g4xx_hal_tim.o
    0x08006086   0x08006086   0x00000014   Code   RO         3111    i.TIM_ETR_SetConfig  stm32g4xx_hal_tim.o
    0x0800609a   0x0800609a   0x00000002   PAD
    0x0800609c   0x0800609c   0x00000014   Code   RO         3112    i.TIM_ITRx_SetConfig  stm32g4xx_hal_tim.o
    0x080060b0   0x080060b0   0x000000b0   Code   RO         3113    i.TIM_OC1_SetConfig  stm32g4xx_hal_tim.o
    0x08006160   0x08006160   0x000000a4   Code   RO         3114    i.TIM_OC2_SetConfig  stm32g4xx_hal_tim.o
    0x08006204   0x08006204   0x000000a4   Code   RO         3115    i.TIM_OC3_SetConfig  stm32g4xx_hal_tim.o
    0x080062a8   0x080062a8   0x000000a4   Code   RO         3116    i.TIM_OC4_SetConfig  stm32g4xx_hal_tim.o
    0x0800634c   0x0800634c   0x00000078   Code   RO         3117    i.TIM_OC5_SetConfig  stm32g4xx_hal_tim.o
    0x080063c4   0x080063c4   0x0000007c   Code   RO         3118    i.TIM_OC6_SetConfig  stm32g4xx_hal_tim.o
    0x08006440   0x08006440   0x00000022   Code   RO         3120    i.TIM_TI1_ConfigInputStage  stm32g4xx_hal_tim.o
    0x08006462   0x08006462   0x00000024   Code   RO         3122    i.TIM_TI2_ConfigInputStage  stm32g4xx_hal_tim.o
    0x08006486   0x08006486   0x00000002   PAD
    0x08006488   0x08006488   0x00000048   Code   RO         4599    i.UARTEx_SetNbDataToProcess  stm32g4xx_hal_uart_ex.o
    0x080064d0   0x080064d0   0x000000c8   Code   RO         4204    i.UART_AdvFeatureConfig  stm32g4xx_hal_uart.o
    0x08006598   0x08006598   0x00000060   Code   RO         4205    i.UART_CheckIdleState  stm32g4xx_hal_uart.o
    0x080065f8   0x080065f8   0x00000014   Code   RO         4206    i.UART_DMAAbortOnError  stm32g4xx_hal_uart.o
    0x0800660c   0x0800660c   0x00000028   Code   RO         4211    i.UART_DMARxOnlyAbortCallback  stm32g4xx_hal_uart.o
    0x08006634   0x08006634   0x00000054   Code   RO         4216    i.UART_EndRxTransfer  stm32g4xx_hal_uart.o
    0x08006688   0x08006688   0x00000024   Code   RO         4217    i.UART_EndTransmit_IT  stm32g4xx_hal_uart.o
    0x080066ac   0x080066ac   0x000000a0   Code   RO         4219    i.UART_RxISR_16BIT  stm32g4xx_hal_uart.o
    0x0800674c   0x0800674c   0x00000174   Code   RO         4220    i.UART_RxISR_16BIT_FIFOEN  stm32g4xx_hal_uart.o
    0x080068c0   0x080068c0   0x000000a0   Code   RO         4221    i.UART_RxISR_8BIT   stm32g4xx_hal_uart.o
    0x08006960   0x08006960   0x00000174   Code   RO         4222    i.UART_RxISR_8BIT_FIFOEN  stm32g4xx_hal_uart.o
    0x08006ad4   0x08006ad4   0x00000310   Code   RO         4223    i.UART_SetConfig    stm32g4xx_hal_uart.o
    0x08006de4   0x08006de4   0x0000012c   Code   RO         4225    i.UART_Start_Receive_IT  stm32g4xx_hal_uart.o
    0x08006f10   0x08006f10   0x000000be   Code   RO         4230    i.UART_WaitOnFlagUntilTimeout  stm32g4xx_hal_uart.o
    0x08006fce   0x08006fce   0x00000002   PAD
    0x08006fd0   0x08006fd0   0x0000000c   Code   RO          543    i.USART1_IRQHandler  stm32g4xx_it.o
    0x08006fdc   0x08006fdc   0x00000002   Code   RO          544    i.UsageFault_Handler  stm32g4xx_it.o
    0x08006fde   0x08006fde   0x00000002   PAD
    0x08006fe0   0x08006fe0   0x00000030   Code   RO         6531    i.__0snprintf       mc_w.l(printfa.o)
    0x08007010   0x08007010   0x00000020   Code   RO         2537    i.__NVIC_SetPriority  stm32g4xx_hal_cortex.o
    0x08007030   0x08007030   0x0000005c   Code   RO         6562    i.__free$realloc    mc_w.l(mallocr.o)
    0x0800708c   0x0800708c   0x00000004   PAD
    0x08007090   0x08007090   0x00000028   Code   RO         6266    i.__hardfp_strtod   m_wm.l(strtod.o)
    0x080070b8   0x080070b8   0x00000050   Code   RO         6563    i.__malloc$realloc  mc_w.l(mallocr.o)
    0x08007108   0x08007108   0x0000000e   Code   RO         6680    i.__scatterload_copy  mc_w.l(handlers.o)
    0x08007116   0x08007116   0x00000002   Code   RO         6681    i.__scatterload_null  mc_w.l(handlers.o)
    0x08007118   0x08007118   0x0000000e   Code   RO         6682    i.__scatterload_zeroinit  mc_w.l(handlers.o)
    0x08007126   0x08007126   0x00000002   PAD
    0x08007128   0x08007128   0x0000000c   Code   RO         6647    i.__set_errno       mc_w.l(errno.o)
    0x08007134   0x08007134   0x00000184   Code   RO         6537    i._fp_digits        mc_w.l(printfa.o)
    0x080072b8   0x080072b8   0x0000000e   Code   RO         6590    i._is_digit         mc_w.l(scanf_fp.o)
    0x080072c6   0x080072c6   0x00000002   PAD
    0x080072c8   0x080072c8   0x000006dc   Code   RO         6538    i._printf_core      mc_w.l(printfa.o)
    0x080079a4   0x080079a4   0x00000024   Code   RO         6539    i._printf_post_padding  mc_w.l(printfa.o)
    0x080079c8   0x080079c8   0x0000002e   Code   RO         6540    i._printf_pre_padding  mc_w.l(printfa.o)
    0x080079f6   0x080079f6   0x00000016   Code   RO         6541    i._snputc           mc_w.l(printfa.o)
    0x08007a0c   0x08007a0c   0x00000036   Code   RO         5011    i.buffer_skip_whitespace  cjson.o
    0x08007a42   0x08007a42   0x00000002   PAD
    0x08007a44   0x08007a44   0x00000048   Code   RO         5043    i.cJSON_Delete      cjson.o
    0x08007a8c   0x08007a8c   0x00000018   Code   RO         5073    i.cJSON_New_Item    cjson.o
    0x08007aa4   0x08007aa4   0x00000008   Code   RO         5074    i.cJSON_Parse       cjson.o
    0x08007aac   0x08007aac   0x000000d4   Code   RO         5076    i.cJSON_ParseWithLengthOpts  cjson.o
    0x08007b80   0x08007b80   0x00000026   Code   RO         5077    i.cJSON_ParseWithOpts  cjson.o
    0x08007ba6   0x08007ba6   0x00000004   Code   RO         5098    i.get_decimal_point  cjson.o
    0x08007baa   0x08007baa   0x00000002   PAD
    0x08007bac   0x08007bac   0x00000050   Code   RO         6564    i.internal_alloc    mc_w.l(mallocr.o)
    0x08007bfc   0x08007bfc   0x0000003a   Code   RO           15    i.main              main.o
    0x08007c36   0x08007c36   0x000000da   Code   RO         5101    i.parse_array       cjson.o
    0x08007d10   0x08007d10   0x00000044   Code   RO         5102    i.parse_hex4        cjson.o
    0x08007d54   0x08007d54   0x00000108   Code   RO         5103    i.parse_number      cjson.o
    0x08007e5c   0x08007e5c   0x00000110   Code   RO         5104    i.parse_object      cjson.o
    0x08007f6c   0x08007f6c   0x0000014a   Code   RO         5105    i.parse_string      cjson.o
    0x080080b6   0x080080b6   0x00000002   PAD
    0x080080b8   0x080080b8   0x0000010c   Code   RO         5106    i.parse_value       cjson.o
    0x080081c4   0x080081c4   0x0000006c   Code   RO         6565    i.realloc           mc_w.l(mallocr.o)
    0x08008230   0x08008230   0x00000034   Code   RO         5117    i.skip_utf8_bom     cjson.o
    0x08008264   0x08008264   0x0000003e   Code   RO         6256    i.sqrtf             m_wm.l(sqrtf.o)
    0x080082a2   0x080082a2   0x000000d6   Code   RO         5120    i.utf16_literal_to_utf8  cjson.o
    0x08008378   0x08008378   0x00000018   Data   RO         4231    .constdata          stm32g4xx_hal_uart.o
    0x08008390   0x08008390   0x00000010   Data   RO         4601    .constdata          stm32g4xx_hal_uart_ex.o
    0x080083a0   0x080083a0   0x00000010   Data   RO         4705    .constdata          system_stm32g4xx.o
    0x080083b0   0x080083b0   0x00000008   Data   RO         4706    .constdata          system_stm32g4xx.o
    0x080083b8   0x080083b8   0x000019d8   Data   RO         5898    .constdata          gui.o
    0x08009d90   0x08009d90   0x00000040   Data   RO         6676    .constdata          mc_w.l(ctype_c.o)
    0x08009dd0   0x08009dd0   0x00000800   Data   RO         6154    .rodata.armBitRevTable  arm_cortexM4l_math.lib(arm_common_tables.o)
    0x0800a5d0   0x0800a5d0   0x00008000   Data   RO         6163    .rodata.twiddleCoef_4096  arm_cortexM4l_math.lib(arm_common_tables.o)
    0x080125d0   0x080125d0   0x00000020   Data   RO         6678    Region$$Table       anon$$obj.o


    Execution Region RW_IRAM1 (Exec base: 0x20000000, Load base: 0x080125f0, Size: 0x00005870, Max: 0x00020000, ABSOLUTE)

    Exec Addr    Load Addr    Size         Type   Attr      Idx    E Section Name        Object

    0x20000000   0x080125f0   0x0000000c   Data   RW         1148    .data               stm32g4xx_hal.o
    0x2000000c   0x080125fc   0x00000004   Data   RW         4707    .data               system_stm32g4xx.o
    0x20000010   0x08012600   0x0000000c   Data   RW         4744    .data               a_interrupt.o
    0x2000001c   0x0801260c   0x00000020   Data   RW         4837    .data               a_key.o
    0x2000003c   0x0801262c   0x00000001   Data   RW         4871    .data               common.o
    0x2000003d   0x0801262d   0x00000001   PAD
    0x2000003e   0x0801262e   0x0000000a   Data   RW         4952    .data               a_lcd.o
    0x20000048   0x08012638   0x00000014   Data   RW         5122    .data               cjson.o
    0x2000005c   0x0801264c   0x00000004   Data   RW         6643    .data               mc_w.l(mvars.o)
    0x20000060   0x08012650   0x00000004   Data   RW         6644    .data               mc_w.l(mvars.o)
    0x20000064   0x08012654   0x00000004   Data   RW         6648    .data               mc_w.l(errno.o)
    0x20000068        -       0x000000cc   Zero   RW          301    .bss                adc.o
    0x20000134        -       0x00000064   Zero   RW          367    .bss                spi.o
    0x20000198        -       0x0000017c   Zero   RW          416    .bss                tim.o
    0x20000314        -       0x00000090   Zero   RW          493    .bss                usart.o
    0x200003a4        -       0x00000080   Zero   RW         4743    .bss                a_interrupt.o
    0x20000424        -       0x00000080   Zero   RW         4870    .bss                common.o
    0x200004a4        -       0x00000400   Zero   RW         4917    .bss                a_adc.o
    0x200008a4        -       0x00000fb4   Zero   RW         4951    .bss                a_lcd.o
    0x20001858        -       0x00000014   Zero   RW         4982    .bss                a_dsp.o
    0x2000186c   0x08012658   0x00000004   PAD
    0x20001870        -       0x00002000   Zero   RW            2    HEAP                startup_stm32g474xx.o
    0x20003870        -       0x00002000   Zero   RW            1    STACK               startup_stm32g474xx.o


==============================================================================

Image component sizes


      Code (inc. data)   RO Data    RW Data    ZI Data      Debug   Object Name

         0          0          0          0       1024        635   a_adc.o
       176          8          0          0         20       1081   a_dsp.o
       244         36          0         12        128       3930   a_interrupt.o
       196         12          0         32          0       1223   a_key.o
      1592         44          0         10       4020       3927   a_lcd.o
       328         26          0          0        204       1887   adc.o
      2098         68          0         20          0      15471   cjson.o
      1004        164          0          1        128       3215   common.o
        60          4          0          0          0        786   dma.o
       164         14          0          0          0        955   gpio.o
       530          8       6616          0          0       3419   gui.o
       166          0          0          0          0     933709   main.o
       184         18          0          0        100       1665   spi.o
       848         18          0          0          0       6572   spi_tftlcd.o
        36          8        472          0      16384        824   startup_stm32g474xx.o
       170         22          0         12          0       4253   stm32g4xx_hal.o
      2450        148          0          0          0      81277   stm32g4xx_hal_adc.o
       372         24          0          0          0      68723   stm32g4xx_hal_adc_ex.o
       198         14          0          0          0      33875   stm32g4xx_hal_cortex.o
       928         28          0          0          0       6490   stm32g4xx_hal_dma.o
       458         32          0          0          0       2907   stm32g4xx_hal_gpio.o
        48          6          0          0          0        838   stm32g4xx_hal_msp.o
       220         18          0          0          0       1449   stm32g4xx_hal_pwr_ex.o
      1852        100          0          0          0       8072   stm32g4xx_hal_rcc.o
       784          8          0          0          0       2032   stm32g4xx_hal_rcc_ex.o
      1192         10          0          0          0       5706   stm32g4xx_hal_spi.o
      2994        290          0          0          0      18861   stm32g4xx_hal_tim.o
       402         44          0          0          0       6500   stm32g4xx_hal_tim_ex.o
      3966        140         24          0          0      38777   stm32g4xx_hal_uart.o
       290          6         16          0          0       5358   stm32g4xx_hal_uart_ex.o
       100         32          0          0          0       6048   stm32g4xx_it.o
        16          4         24          4          0       1099   system_stm32g4xx.o
       940         78          0          0        380       5752   tim.o
       244         22          0          0        144       1770   usart.o

    ----------------------------------------------------------------------
     25296       1454       7184         92      22536    1279086   Object Totals
         0          0         32          0          0          0   (incl. Generated)
        46          0          0          1          4          0   (incl. Padding)

    ----------------------------------------------------------------------

      Code (inc. data)   RO Data    RW Data    ZI Data      Debug   Library Member Name

       174          0          0          0          0       2571   arm_bitreversal.o
      1122          0          0          0          0       3758   arm_cfft_radix2_f32.o
       190          0          0          0          0       1634   arm_cfft_radix2_init_f32.o
       232          0          0          0          0       1739   arm_cmplx_mag_f32.o
         0          0      34816          0          0       4961   arm_common_tables.o
        62          0          0          0          0        136   sqrtf.o
        40         10          0          0          0        128   strtod.o
        64          0          0          0          0         84   _sgetc.o
        40          6         64          0          0         68   ctype_c.o
         0          0          0          0          0          0   entry.o
         0          0          0          0          0          0   entry10a.o
         0          0          0          0          0          0   entry11a.o
         8          4          0          0          0          0   entry2.o
         4          0          0          0          0          0   entry5.o
         0          0          0          0          0          0   entry7b.o
         0          0          0          0          0          0   entry8b.o
         8          4          0          0          0          0   entry9a.o
        12          6          0          4          0         68   errno.o
        30          0          0          0          0          0   handlers.o
        36          8          0          0          0         68   init.o
        10          0          0          0          0         68   isspace_c.o
         0          0          0          0          0          0   iusefp.o
        30          0          0          0          0         68   llshl.o
        36          0          0          0          0         68   llsshr.o
        32          0          0          0          0         68   llushr.o
       360         30          0          0          0        356   mallocr.o
        36          0          0          0          0         68   memcpya.o
        36          0          0          0          0        108   memseta.o
         0          0          0          8          0          0   mvars.o
      2296         84          0          0          0        520   printfa.o
       878         12          0          0          0        216   scanf_fp.o
        14          0          0          0          0         68   strlen.o
        30          0          0          0          0         80   strncmp.o
       156         12          0          0          0        120   strtod.o
        44          0          0          0          0         80   uidiv.o
        98          0          0          0          0         92   uldiv.o
        48          0          0          0          0         68   cdcmple.o
        48          0          0          0          0         68   cdrcmple.o
        56          0          0          0          0         88   d2f.o
       334          0          0          0          0        148   dadd.o
       222          0          0          0          0        100   ddiv.o
       186          0          0          0          0        176   depilogue.o
        62          0          0          0          0         80   dfixi.o
        50          0          0          0          0         76   dfixui.o
        48          0          0          0          0         68   dfixul.o
        34          0          0          0          0         76   dflti.o
        26          0          0          0          0         76   dfltui.o
        24          0          0          0          0         76   dfltul.o
       228          0          0          0          0         96   dmul.o
        38          0          0          0          0         68   f2d.o
       176          0          0          0          0        140   fadd.o
       110          0          0          0          0        168   fepilogue.o
       100          0          0          0          0         76   fmul.o

    ----------------------------------------------------------------------
      7888        180      34880         12          0      18843   Library Totals
        20          4          0          0          0          0   (incl. Padding)

    ----------------------------------------------------------------------

      Code (inc. data)   RO Data    RW Data    ZI Data      Debug   Library Name

      1718          0      34816          0          0      14663   arm_cortexM4l_math.lib
       102         10          0          0          0        264   m_wm.l
      4258        166         64         12          0       2268   mc_w.l
      1790          0          0          0          0       1648   mf_w.l

    ----------------------------------------------------------------------
      7888        180      34880         12          0      18843   Library Totals

    ----------------------------------------------------------------------

==============================================================================


      Code (inc. data)   RO Data    RW Data    ZI Data      Debug   

     33184       1634      42064        104      22536    1277653   Grand Totals
     33184       1634      42064        104      22536    1277653   ELF Image Totals
     33184       1634      42064        104          0          0   ROM Totals

==============================================================================

    Total RO  Size (Code + RO Data)                75248 (  73.48kB)
    Total RW  Size (RW Data + ZI Data)             22640 (  22.11kB)
    Total ROM Size (Code + RO Data + RW Data)      75352 (  73.59kB)

==============================================================================

