Component: ARM Compiler 5.06 update 6 (build 750) Tool: armlink [4d35ed]

==============================================================================

Section Cross References

    startup_stm32g474xx.o(RESET) refers to startup_stm32g474xx.o(STACK) for __initial_sp
    startup_stm32g474xx.o(RESET) refers to startup_stm32g474xx.o(.text) for Reset_Handler
    startup_stm32g474xx.o(RESET) refers to stm32g4xx_it.o(i.NMI_Handler) for NMI_Handler
    startup_stm32g474xx.o(RESET) refers to stm32g4xx_it.o(i.HardFault_Handler) for HardFault_Handler
    startup_stm32g474xx.o(RESET) refers to stm32g4xx_it.o(i.MemManage_Handler) for MemManage_Handler
    startup_stm32g474xx.o(RESET) refers to stm32g4xx_it.o(i.BusFault_Handler) for BusFault_Handler
    startup_stm32g474xx.o(RESET) refers to stm32g4xx_it.o(i.UsageFault_Handler) for UsageFault_Handler
    startup_stm32g474xx.o(RESET) refers to stm32g4xx_it.o(i.SVC_Handler) for SVC_Handler
    startup_stm32g474xx.o(RESET) refers to stm32g4xx_it.o(i.DebugMon_Handler) for DebugMon_Handler
    startup_stm32g474xx.o(RESET) refers to stm32g4xx_it.o(i.PendSV_Handler) for PendSV_Handler
    startup_stm32g474xx.o(RESET) refers to stm32g4xx_it.o(i.SysTick_Handler) for SysTick_Handler
    startup_stm32g474xx.o(RESET) refers to stm32g4xx_it.o(i.DMA1_Channel1_IRQHandler) for DMA1_Channel1_IRQHandler
    startup_stm32g474xx.o(RESET) refers to stm32g4xx_it.o(i.TIM1_TRG_COM_TIM17_IRQHandler) for TIM1_TRG_COM_TIM17_IRQHandler
    startup_stm32g474xx.o(RESET) refers to stm32g4xx_it.o(i.USART1_IRQHandler) for USART1_IRQHandler
    startup_stm32g474xx.o(RESET) refers to stm32g4xx_it.o(i.DMAMUX_OVR_IRQHandler) for DMAMUX_OVR_IRQHandler
    startup_stm32g474xx.o(.text) refers to system_stm32g4xx.o(i.SystemInit) for SystemInit
    startup_stm32g474xx.o(.text) refers to entry.o(.ARM.Collect$$$$00000000) for __main
    main.o(i.SystemClock_Config) refers to memseta.o(.text) for __aeabi_memclr4
    main.o(i.SystemClock_Config) refers to stm32g4xx_hal_pwr_ex.o(i.HAL_PWREx_ControlVoltageScaling) for HAL_PWREx_ControlVoltageScaling
    main.o(i.SystemClock_Config) refers to stm32g4xx_hal_rcc.o(i.HAL_RCC_OscConfig) for HAL_RCC_OscConfig
    main.o(i.SystemClock_Config) refers to stm32g4xx_hal_rcc.o(i.HAL_RCC_ClockConfig) for HAL_RCC_ClockConfig
    main.o(i.main) refers to stm32g4xx_hal.o(i.HAL_Init) for HAL_Init
    main.o(i.main) refers to main.o(i.SystemClock_Config) for SystemClock_Config
    main.o(i.main) refers to gpio.o(i.MX_GPIO_Init) for MX_GPIO_Init
    main.o(i.main) refers to dma.o(i.MX_DMA_Init) for MX_DMA_Init
    main.o(i.main) refers to spi.o(i.MX_SPI1_Init) for MX_SPI1_Init
    main.o(i.main) refers to adc.o(i.MX_ADC1_Init) for MX_ADC1_Init
    main.o(i.main) refers to tim.o(i.MX_TIM1_Init) for MX_TIM1_Init
    main.o(i.main) refers to tim.o(i.MX_TIM2_Init) for MX_TIM2_Init
    main.o(i.main) refers to tim.o(i.MX_TIM17_Init) for MX_TIM17_Init
    main.o(i.main) refers to usart.o(i.MX_USART1_UART_Init) for MX_USART1_UART_Init
    main.o(i.main) refers to tim.o(i.MX_TIM15_Init) for MX_TIM15_Init
    main.o(i.main) refers to common.o(i.ADMIN_Init) for ADMIN_Init
    main.o(i.main) refers to common.o(i.ADMIN_Mainloop) for ADMIN_Mainloop
    gpio.o(i.MX_GPIO_Init) refers to memseta.o(.text) for __aeabi_memclr4
    gpio.o(i.MX_GPIO_Init) refers to stm32g4xx_hal_gpio.o(i.HAL_GPIO_WritePin) for HAL_GPIO_WritePin
    gpio.o(i.MX_GPIO_Init) refers to stm32g4xx_hal_gpio.o(i.HAL_GPIO_Init) for HAL_GPIO_Init
    adc.o(i.HAL_ADC_MspDeInit) refers to stm32g4xx_hal_gpio.o(i.HAL_GPIO_DeInit) for HAL_GPIO_DeInit
    adc.o(i.HAL_ADC_MspDeInit) refers to stm32g4xx_hal_dma.o(i.HAL_DMA_DeInit) for HAL_DMA_DeInit
    adc.o(i.HAL_ADC_MspInit) refers to memseta.o(.text) for __aeabi_memclr4
    adc.o(i.HAL_ADC_MspInit) refers to stm32g4xx_hal_rcc_ex.o(i.HAL_RCCEx_PeriphCLKConfig) for HAL_RCCEx_PeriphCLKConfig
    adc.o(i.HAL_ADC_MspInit) refers to main.o(i.Error_Handler) for Error_Handler
    adc.o(i.HAL_ADC_MspInit) refers to stm32g4xx_hal_gpio.o(i.HAL_GPIO_Init) for HAL_GPIO_Init
    adc.o(i.HAL_ADC_MspInit) refers to stm32g4xx_hal_dma.o(i.HAL_DMA_Init) for HAL_DMA_Init
    adc.o(i.HAL_ADC_MspInit) refers to adc.o(.bss) for .bss
    adc.o(i.MX_ADC1_Init) refers to memseta.o(.text) for __aeabi_memclr4
    adc.o(i.MX_ADC1_Init) refers to stm32g4xx_hal_adc.o(i.HAL_ADC_Init) for HAL_ADC_Init
    adc.o(i.MX_ADC1_Init) refers to main.o(i.Error_Handler) for Error_Handler
    adc.o(i.MX_ADC1_Init) refers to stm32g4xx_hal_adc_ex.o(i.HAL_ADCEx_MultiModeConfigChannel) for HAL_ADCEx_MultiModeConfigChannel
    adc.o(i.MX_ADC1_Init) refers to stm32g4xx_hal_adc.o(i.HAL_ADC_ConfigChannel) for HAL_ADC_ConfigChannel
    adc.o(i.MX_ADC1_Init) refers to adc.o(.bss) for .bss
    dma.o(i.MX_DMA_Init) refers to stm32g4xx_hal_cortex.o(i.HAL_NVIC_SetPriority) for HAL_NVIC_SetPriority
    dma.o(i.MX_DMA_Init) refers to stm32g4xx_hal_cortex.o(i.HAL_NVIC_EnableIRQ) for HAL_NVIC_EnableIRQ
[...]
    i.UART_SetConfig                         0x08006638   Section        0  stm32g4xx_hal_uart.o(i.UART_SetConfig)
    i.UART_Start_Receive_IT                  0x080068d0   Section        0  stm32g4xx_hal_uart.o(i.UART_Start_Receive_IT)
    i.UART_WaitOnFlagUntilTimeout            0x080069e8   Section        0  stm32g4xx_hal_uart.o(i.UART_WaitOnFlagUntilTimeout)
    i.USART1_IRQHandler                      0x08006ab0   Section        0  stm32g4xx_it.o(i.USART1_IRQHandler)
    i.UsageFault_Handler                     0x08006abc   Section        0  stm32g4xx_it.o(i.UsageFault_Handler)
    i.__0snprintf                            0x08006ac0   Section        0  printfa.o(i.__0snprintf)
    i.__NVIC_SetPriority                     0x08006af0   Section        0  stm32g4xx_hal_cortex.o(i.__NVIC_SetPriority)
    __NVIC_SetPriority                       0x08006af1   Thumb Code    32  stm32g4xx_hal_cortex.o(i.__NVIC_SetPriority)
    i.__free$realloc                         0x08006b10   Section        0  mallocr.o(i.__free$realloc)
    i.__hardfp_strtod                        0x08006b70   Section        0  strtod.o(i.__hardfp_strtod)
    i.__malloc$realloc                       0x08006b98   Section        0  mallocr.o(i.__malloc$realloc)
    i.__scatterload_copy                     0x08006be8   Section       14  handlers.o(i.__scatterload_copy)
    i.__scatterload_null                     0x08006bf6   Section        2  handlers.o(i.__scatterload_null)
    i.__scatterload_zeroinit                 0x08006bf8   Section       14  handlers.o(i.__scatterload_zeroinit)
    i.__set_errno                            0x08006c08   Section        0  errno.o(i.__set_errno)
    i._fp_digits                             0x08006c14   Section        0  printfa.o(i._fp_digits)
    _fp_digits                               0x08006c15   Thumb Code   366  printfa.o(i._fp_digits)
    i._is_digit                              0x08006d98   Section        0  scanf_fp.o(i._is_digit)
    i._printf_core                           0x08006da8   Section        0  printfa.o(i._printf_core)
    _printf_core                             0x08006da9   Thumb Code  1744  printfa.o(i._printf_core)
    i._printf_post_padding                   0x08007484   Section        0  printfa.o(i._printf_post_padding)
    _printf_post_padding                     0x08007485   Thumb Code    36  printfa.o(i._printf_post_padding)
    i._printf_pre_padding                    0x080074a8   Section        0  printfa.o(i._printf_pre_padding)
    _printf_pre_padding                      0x080074a9   Thumb Code    46  printfa.o(i._printf_pre_padding)
    i._snputc                                0x080074d6   Section        0  printfa.o(i._snputc)
    _snputc                                  0x080074d7   Thumb Code    22  printfa.o(i._snputc)
    i.buffer_skip_whitespace                 0x080074ec   Section        0  cjson.o(i.buffer_skip_whitespace)
    buffer_skip_whitespace                   0x080074ed   Thumb Code    48  cjson.o(i.buffer_skip_whitespace)
    i.cJSON_Delete                           0x0800751c   Section        0  cjson.o(i.cJSON_Delete)
    i.cJSON_New_Item                         0x08007564   Section        0  cjson.o(i.cJSON_New_Item)
    cJSON_New_Item                           0x08007565   Thumb Code    22  cjson.o(i.cJSON_New_Item)
    i.cJSON_Parse                            0x0800757a   Section        0  cjson.o(i.cJSON_Parse)
    i.cJSON_ParseWithLengthOpts              0x08007584   Section        0  cjson.o(i.cJSON_ParseWithLengthOpts)
    i.cJSON_ParseWithOpts                    0x08007660   Section        0  cjson.o(i.cJSON_ParseWithOpts)
    i.internal_alloc                         0x08007684   Section        0  mallocr.o(i.internal_alloc)
    internal_alloc                           0x08007685   Thumb Code    76  mallocr.o(i.internal_alloc)
    i.main                                   0x080076d4   Section        0  main.o(i.main)
    i.parse_array                            0x0800770a   Section        0  cjson.o(i.parse_array)
    parse_array                              0x0800770b   Thumb Code   208  cjson.o(i.parse_array)
    i.parse_hex4                             0x080077da   Section        0  cjson.o(i.parse_hex4)
    parse_hex4                               0x080077db   Thumb Code    64  cjson.o(i.parse_hex4)
    i.parse_number                           0x0800781c   Section        0  cjson.o(i.parse_number)
    parse_number                             0x0800781d   Thumb Code   240  cjson.o(i.parse_number)
    i.parse_object                           0x0800791c   Section        0  cjson.o(i.parse_object)
    parse_object                             0x0800791d   Thumb Code   266  cjson.o(i.parse_object)
    i.parse_string                           0x08007a26   Section        0  cjson.o(i.parse_string)
    parse_string                             0x08007a27   Thumb Code   268  cjson.o(i.parse_string)
    i.parse_value                            0x08007b34   Section        0  cjson.o(i.parse_value)
    parse_value                              0x08007b35   Thumb Code   226  cjson.o(i.parse_value)
    i.realloc                                0x08007c30   Section        0  mallocr.o(i.realloc)
    i.sqrtf                                  0x08007c9c   Section        0  sqrtf.o(i.sqrtf)
    i.utf16_literal_to_utf8                  0x08007cdc   Section        0  cjson.o(i.utf16_literal_to_utf8)
    utf16_literal_to_utf8                    0x08007cdd   Thumb Code   210  cjson.o(i.utf16_literal_to_utf8)
    .constdata                               0x08007dae   Section       24  stm32g4xx_hal_uart.o(.constdata)
    .constdata                               0x08007dc6   Section       16  stm32g4xx_hal_uart_ex.o(.constdata)
    numerator                                0x08007dc6   Data           8  stm32g4xx_hal_uart_ex.o(.constdata)
    denominator                              0x08007dce   Data           8  stm32g4xx_hal_uart_ex.o(.constdata)
    .constdata                               0x08007dd6   Section       16  system_stm32g4xx.o(.constdata)
    .constdata                               0x08007de6   Section        8  system_stm32g4xx.o(.constdata)
    .constdata                               0x08007dee   Section     6616  gui.o(.constdata)
    .constdata                               0x080097c6   Section       64  ctype_c.o(.constdata)
    .data                                    0x20000000   Section       12  stm32g4xx_hal.o(.data)
    .data                                    0x2000000c   Section        4  system_stm32g4xx.o(.data)
    .data                                    0x20000010   Section        8  a_interrupt.o(.data)
    .data                                    0x20000018   Section       32  a_key.o(.data)
    .data                                    0x20000038   Section        1  common.o(.data)
    .data                                    0x20000039   Section        1  a_adc.o(.data)
    .data                                    0x2000003a   Section       10  a_lcd.o(.data)
    Flag                                     0x2000003a   Data           1  a_lcd.o(.data)
    Flag                                     0x2000003b   Data           1  a_lcd.o(.data)
    StaticWaveLen                            0x2000003c   Data           2  a_lcd.o(.data)
    x0                                       0x2000003e   Data           2  a_lcd.o(.data)
    y0                                       0x20000040   Data           2  a_lcd.o(.data)
    StaticAmpLen                             0x20000042   Data           2  a_lcd.o(.data)
    .data                                    0x20000044   Section       20  cjson.o(.data)
    global_error                             0x20000044   Data           8  cjson.o(.data)
    global_hooks                             0x2000004c   Data          12  cjson.o(.data)
    .data                                    0x20000058   Section        4  mvars.o(.data)
    .data                                    0x2000005c   Section        4  mvars.o(.data)
    .data                                    0x20000060   Section        4  errno.o(.data)
    _errno                                   0x20000060   Data           4  errno.o(.data)
    .bss                                     0x20000064   Section      204  adc.o(.bss)
    .bss                                     0x20000130   Section      100  spi.o(.bss)
    .bss                                     0x20000194   Section      304  tim.o(.bss)
    .bss                                     0x200002c4   Section      144  usart.o(.bss)
    .bss                                     0x20000354   Section      128  a_interrupt.o(.bss)
    .bss                                     0x200003d4   Section      148  common.o(.bss)
    .bss                                     0x20000468   Section     1024  a_adc.o(.bss)
    .bss                                     0x20000868   Section     4020  a_lcd.o(.bss)
    StaticWaveData                           0x20000868   Data        4000  a_lcd.o(.bss)
    StaticAmpData                            0x20001808   Data          20  a_lcd.o(.bss)
    HEAP                                     0x20001820   Section     8192  startup_stm32g474xx.o(HEAP)
    STACK                                    0x20003820   Section     8192  startup_stm32g474xx.o(STACK)

    Global Symbols

    Symbol Name                              Value     Ov Type        Size  Object(Section)

    BuildAttributes$$THM_ISAv4$E$P$D$K$B$S$7EM$VFPi3$EXTD16$VFPS$VFMA$PE$A:L22UL41UL21$X:L11$S22US41US21$IEEE1$IW$USESV6$~STKCKD$USESV7$~SHL$OTIME$ROPI$IEEEJ$EBA8$MICROLIB$REQ8$PRES8$EABIv2 0x00000000   Number         0  anon$$obj.o ABSOLUTE
    __ARM_use_no_argv                        0x00000000   Number         0  main.o ABSOLUTE
    _printf_a                                0x00000000   Number         0  stubs.o ABSOLUTE
    _printf_c                                0x00000000   Number         0  stubs.o ABSOLUTE
    _printf_charcount                        0x00000000   Number         0  stubs.o ABSOLUTE
    _printf_d                                0x00000000   Number         0  stubs.o ABSOLUTE
    _printf_e                                0x00000000   Number         0  stubs.o ABSOLUTE
    _printf_f                                0x00000000   Number         0  stubs.o ABSOLUTE
    _printf_flags                            0x00000000   Number         0  stubs.o ABSOLUTE
    _printf_fp_dec                           0x00000000   Number         0  stubs.o ABSOLUTE
    _printf_fp_hex                           0x00000000   Number         0  stubs.o ABSOLUTE
    _printf_g                                0x00000000   Number         0  stubs.o ABSOLUTE
    _printf_i                                0x00000000   Number         0  stubs.o ABSOLUTE
    _printf_int_dec                          0x00000000   Number         0  stubs.o ABSOLUTE
    _printf_l                                0x00000000   Number         0  stubs.o ABSOLUTE
    _printf_lc                               0x00000000   Number         0  stubs.o ABSOLUTE
    _printf_ll                               0x00000000   Number         0  stubs.o ABSOLUTE
    _printf_lld                              0x00000000   Number         0  stubs.o ABSOLUTE
    _printf_lli                              0x00000000   Number         0  stubs.o ABSOLUTE
    _printf_llo                              0x00000000   Number         0  stubs.o ABSOLUTE
    _printf_llu                              0x00000000   Number         0  stubs.o ABSOLUTE
    _printf_llx                              0x00000000   Number         0  stubs.o ABSOLUTE
    _printf_longlong_dec                     0x00000000   Number         0  stubs.o ABSOLUTE
    _printf_longlong_hex                     0x00000000   Number         0  stubs.o ABSOLUTE
    _printf_longlong_oct                     0x00000000   Number         0  stubs.o ABSOLUTE
    _printf_ls                               0x00000000   Number         0  stubs.o ABSOLUTE
    _printf_mbtowc                           0x00000000   Number         0  stubs.o ABSOLUTE
    _printf_n                                0x00000000   Number         0  stubs.o ABSOLUTE
    _printf_o                                0x00000000   Number         0  stubs.o ABSOLUTE
    _printf_p                                0x00000000   Number         0  stubs.o ABSOLUTE
    _printf_percent                          0x00000000   Number         0  stubs.o ABSOLUTE
    _printf_pre_padding                      0x00000000   Number         0  stubs.o ABSOLUTE
    _printf_return_value                     0x00000000   Number         0  stubs.o ABSOLUTE
    _printf_s                                0x00000000   Number         0  stubs.o ABSOLUTE
    _printf_sizespec                         0x00000000   Number         0  stubs.o ABSOLUTE
    _printf_str                              0x00000000   Number         0  stubs.o ABSOLUTE
    _printf_truncate_signed                  0x00000000   Number         0  stubs.o ABSOLUTE
    _printf_truncate_unsigned                0x00000000   Number         0  stubs.o ABSOLUTE
    _printf_u                                0x00000000   Number         0  stubs.o ABSOLUTE
    _printf_wc                               0x00000000   Number         0  stubs.o ABSOLUTE
    _printf_wctomb                           0x00000000   Number         0  stubs.o ABSOLUTE
    _printf_widthprec                        0x00000000   Number         0  stubs.o ABSOLUTE
    _printf_x                                0x00000000   Number         0  stubs.o ABSOLUTE
    __cpp_initialize__aeabi_                  - Undefined Weak Reference
    __cxa_finalize                            - Undefined Weak Reference
    __decompress                              - Undefined Weak Reference
    _clock_init                               - Undefined Weak Reference
    _microlib_exit                            - Undefined Weak Reference
    _scanf_int                                - Undefined Weak Reference
    _scanf_longlong                           - Undefined Weak Reference
    _scanf_string                             - Undefined Weak Reference
    __Vectors_Size                           0x000001d8   Number         0  startup_stm32g474xx.o ABSOLUTE
    __Vectors                                0x08000000   Data           4  startup_stm32g474xx.o(RESET)
    __Vectors_End                            0x080001d8   Data           0  startup_stm32g474xx.o(RESET)
    __main                                   0x080001d9   Thumb Code     0  entry.o(.ARM.Collect$$$$00000000)
    _main_stk                                0x080001d9   Thumb Code     0  entry2.o(.ARM.Collect$$$$00000001)
    _main_scatterload                        0x080001dd   Thumb Code     0  entry5.o(.ARM.Collect$$$$00000004)
    __main_after_scatterload                 0x080001e1   Thumb Code     0  entry5.o(.ARM.Collect$$$$00000004)
    _main_clock                              0x080001e1   Thumb Code     0  entry7b.o(.ARM.Collect$$$$00000008)
    _main_cpp_init                           0x080001e1   Thumb Code     0  entry8b.o(.ARM.Collect$$$$0000000A)
    _main_init                               0x080001e1   Thumb Code     0  entry9a.o(.ARM.Collect$$$$0000000B)
    __rt_final_cpp                           0x080001e9   Thumb Code     0  entry10a.o(.ARM.Collect$$$$0000000D)
    __rt_final_exit                          0x080001e9   Thumb Code     0  entry11a.o(.ARM.Collect$$$$0000000F)
    Reset_Handler                            0x080001ed   Thumb Code     8  startup_stm32g474xx.o(.text)
    ADC1_2_IRQHandler                        0x08000207   Thumb Code     0  startup_stm32g474xx.o(.text)
    ADC3_IRQHandler                          0x08000207   Thumb Code     0  startup_stm32g474xx.o(.text)
    ADC4_IRQHandler                          0x08000207   Thumb Code     0  startup_stm32g474xx.o(.text)
    ADC5_IRQHandler                          0x08000207   Thumb Code     0  startup_stm32g474xx.o(.text)
    COMP1_2_3_IRQHandler                     0x08000207   Thumb Code     0  startup_stm32g474xx.o(.text)
    COMP4_5_6_IRQHandler                     0x08000207   Thumb Code     0  startup_stm32g474xx.o(.text)
    COMP7_IRQHandler                         0x08000207   Thumb Code     0  startup_stm32g474xx.o(.text)
    CORDIC_IRQHandler                        0x08000207   Thumb Code     0  startup_stm32g474xx.o(.text)
    CRS_IRQHandler                           0x08000207   Thumb Code     0  startup_stm32g474xx.o(.text)
    DMA1_Channel2_IRQHandler                 0x08000207   Thumb Code     0  startup_stm32g474xx.o(.text)
    DMA1_Channel3_IRQHandler                 0x08000207   Thumb Code     0  startup_stm32g474xx.o(.text)
    DMA1_Channel4_IRQHandler                 0x08000207   Thumb Code     0  startup_stm32g474xx.o(.text)
    DMA1_Channel5_IRQHandler                 0x08000207   Thumb Code     0  startup_stm32g474xx.o(.text)
    DMA1_Channel6_IRQHandler                 0x08000207   Thumb Code     0  startup_stm32g474xx.o(.text)
    DMA1_Channel7_IRQHandler                 0x08000207   Thumb Code     0  startup_stm32g474xx.o(.text)
    DMA1_Channel8_IRQHandler                 0x08000207   Thumb Code     0  startup_stm32g474xx.o(.text)
    DMA2_Channel1_IRQHandler                 0x08000207   Thumb Code     0  startup_stm32g474xx.o(.text)
    DMA2_Channel2_IRQHandler                 0x08000207   Thumb Code     0  startup_stm32g474xx.o(.text)
    DMA2_Channel3_IRQHandler                 0x08000207   Thumb Code     0  startup_stm32g474xx.o(.text)
    DMA2_Channel4_IRQHandler                 0x08000207   Thumb Code     0  startup_stm32g474xx.o(.text)
    DMA2_Channel5_IRQHandler                 0x08000207   Thumb Code     0  startup_stm32g474xx.o(.text)
    DMA2_Channel6_IRQHandler                 0x08000207   Thumb Code     0  startup_stm32g474xx.o(.text)
    DMA2_Channel7_IRQHandler                 0x08000207   Thumb Code     0  startup_stm32g474xx.o(.text)
    DMA2_Channel8_IRQHandler                 0x08000207   Thumb Code     0  startup_stm32g474xx.o(.text)
    EXTI0_IRQHandler                         0x08000207   Thumb Code     0  startup_stm32g474xx.o(.text)
    EXTI15_10_IRQHandler                     0x08000207   Thumb Code     0  startup_stm32g474xx.o(.text)
    EXTI1_IRQHandler                         0x08000207   Thumb Code     0  startup_stm32g474xx.o(.text)
    EXTI2_IRQHandler                         0x08000207   Thumb Code     0  startup_stm32g474xx.o(.text)
    EXTI3_IRQHandler                         0x08000207   Thumb Code     0  startup_stm32g474xx.o(.text)
    EXTI4_IRQHandler                         0x08000207   Thumb Code     0  startup_stm32g474xx.o(.text)
    EXTI9_5_IRQHandler                       0x08000207   Thumb Code     0  startup_stm32g474xx.o(.text)
    FDCAN1_IT0_IRQHandler                    0x08000207   Thumb Code     0  startup_stm32g474xx.o(.text)
    FDCAN1_IT1_IRQHandler                    0x08000207   Thumb Code     0  startup_stm32g474xx.o(.text)
    FDCAN2_IT0_IRQHandler                    0x08000207   Thumb Code     0  startup_stm32g474xx.o(.text)
    FDCAN2_IT1_IRQHandler                    0x08000207   Thumb Code     0  startup_stm32g474xx.o(.text)
    FDCAN3_IT0_IRQHandler                    0x08000207   Thumb Code     0  startup_stm32g474xx.o(.text)
    FDCAN3_IT1_IRQHandler                    0x08000207   Thumb Code     0  startup_stm32g474xx.o(.text)
    FLASH_IRQHandler                         0x08000207   Thumb Code     0  startup_stm32g474xx.o(.text)
    FMAC_IRQHandler                          0x08000207   Thumb Code     0  startup_stm32g474xx.o(.text)
    FMC_IRQHandler                           0x08000207   Thumb Code     0  startup_stm32g474xx.o(.text)
    FPU_IRQHandler                           0x08000207   Thumb Code     0  startup_stm32g474xx.o(.text)
    HRTIM1_FLT_IRQHandler                    0x08000207   Thumb Code     0  startup_stm32g474xx.o(.text)
    HRTIM1_Master_IRQHandler                 0x08000207   Thumb Code     0  startup_stm32g474xx.o(.text)
    HRTIM1_TIMA_IRQHandler                   0x08000207   Thumb Code     0  startup_stm32g474xx.o(.text)
    HRTIM1_TIMB_IRQHandler                   0x08000207   Thumb Code     0  startup_stm32g474xx.o(.text)
    HRTIM1_TIMC_IRQHandler                   0x08000207   Thumb Code     0  startup_stm32g474xx.o(.text)
    HRTIM1_TIMD_IRQHandler                   0x08000207   Thumb Code     0  startup_stm32g474xx.o(.text)
    HRTIM1_TIME_IRQHandler                   0x08000207   Thumb Code     0  startup_stm32g474xx.o(.text)
    HRTIM1_TIMF_IRQHandler                   0x08000207   Thumb Code     0  startup_stm32g474xx.o(.text)
    I2C1_ER_IRQHandler                       0x08000207   Thumb Code     0  startup_stm32g474xx.o(.text)
    I2C1_EV_IRQHandler                       0x08000207   Thumb Code     0  startup_stm32g474xx.o(.text)
    I2C2_ER_IRQHandler                       0x08000207   Thumb Code     0  startup_stm32g474xx.o(.text)
    I2C2_EV_IRQHandler                       0x08000207   Thumb Code     0  startup_stm32g474xx.o(.text)
    I2C3_ER_IRQHandler                       0x08000207   Thumb Code     0  startup_stm32g474xx.o(.text)
    I2C3_EV_IRQHandler                       0x08000207   Thumb Code     0  startup_stm32g474xx.o(.text)
    I2C4_ER_IRQHandler                       0x08000207   Thumb Code     0  startup_stm32g474xx.o(.text)
    I2C4_EV_IRQHandler                       0x08000207   Thumb Code     0  startup_stm32g474xx.o(.text)
    LPTIM1_IRQHandler                        0x08000207   Thumb Code     0  startup_stm32g474xx.o(.text)
    LPUART1_IRQHandler                       0x08000207   Thumb Code     0  startup_stm32g474xx.o(.text)
    PVD_PVM_IRQHandler                       0x08000207   Thumb Code     0  startup_stm32g474xx.o(.text)
    QUADSPI_IRQHandler                       0x08000207   Thumb Code     0  startup_stm32g474xx.o(.text)
    RCC_IRQHandler                           0x08000207   Thumb Code     0  startup_stm32g474xx.o(.text)
    RNG_IRQHandler                           0x08000207   Thumb Code     0  startup_stm32g474xx.o(.text)
    RTC_Alarm_IRQHandler                     0x08000207   Thumb Code     0  startup_stm32g474xx.o(.text)
    RTC_TAMP_LSECSS_IRQHandler               0x08000207   Thumb Code     0  startup_stm32g474xx.o(.text)
    RTC_WKUP_IRQHandler                      0x08000207   Thumb Code     0  startup_stm32g474xx.o(.text)
    SAI1_IRQHandler                          0x08000207   Thumb Code     0  startup_stm32g474xx.o(.text)
    SPI1_IRQHandler                          0x08000207   Thumb Code     0  startup_stm32g474xx.o(.text)
    SPI2_IRQHandler                          0x08000207   Thumb Code     0  startup_stm32g474xx.o(.text)
    SPI3_IRQHandler                          0x08000207   Thumb Code     0  startup_stm32g474xx.o(.text)
    SPI4_IRQHandler                          0x08000207   Thumb Code     0  startup_stm32g474xx.o(.text)
    TIM1_BRK_TIM15_IRQHandler                0x08000207   Thumb Code     0  startup_stm32g474xx.o(.text)
    TIM1_CC_IRQHandler                       0x08000207   Thumb Code     0  startup_stm32g474xx.o(.text)
    TIM1_UP_TIM16_IRQHandler                 0x08000207   Thumb Code     0  startup_stm32g474xx.o(.text)
    TIM20_BRK_IRQHandler                     0x08000207   Thumb Code     0  startup_stm32g474xx.o(.text)
    TIM20_CC_IRQHandler                      0x08000207   Thumb Code     0  startup_stm32g474xx.o(.text)
    TIM20_TRG_COM_IRQHandler                 0x08000207   Thumb Code     0  startup_stm32g474xx.o(.text)
    TIM20_UP_IRQHandler                      0x08000207   Thumb Code     0  startup_stm32g474xx.o(.text)
    TIM2_IRQHandler                          0x08000207   Thumb Code     0  startup_stm32g474xx.o(.text)
    TIM3_IRQHandler                          0x08000207   Thumb Code     0  startup_stm32g474xx.o(.text)
    TIM4_IRQHandler                          0x08000207   Thumb Code     0  startup_stm32g474xx.o(.text)
    TIM5_IRQHandler                          0x08000207   Thumb Code     0  startup_stm32g474xx.o(.text)
    TIM6_DAC_IRQHandler                      0x08000207   Thumb Code     0  startup_stm32g474xx.o(.text)
    TIM7_DAC_IRQHandler                      0x08000207   Thumb Code     0  startup_stm32g474xx.o(.text)
    TIM8_BRK_IRQHandler                      0x08000207   Thumb Code     0  startup_stm32g474xx.o(.text)
    TIM8_CC_IRQHandler                       0x08000207   Thumb Code     0  startup_stm32g474xx.o(.text)
    TIM8_TRG_COM_IRQHandler                  0x08000207   Thumb Code     0  startup_stm32g474xx.o(.text)
    TIM8_UP_IRQHandler                       0x08000207   Thumb Code     0  startup_stm32g474xx.o(.text)
    UART4_IRQHandler                         0x08000207   Thumb Code     0  startup_stm32g474xx.o(.text)
    UART5_IRQHandler                         0x08000207   Thumb Code     0  startup_stm32g474xx.o(.text)
    UCPD1_IRQHandler                         0x08000207   Thumb Code     0  startup_stm32g474xx.o(.text)
    USART2_IRQHandler                        0x08000207   Thumb Code     0  startup_stm32g474xx.o(.text)
    USART3_IRQHandler                        0x08000207   Thumb Code     0  startup_stm32g474xx.o(.text)
    USBWakeUp_IRQHandler                     0x08000207   Thumb Code     0  startup_stm32g474xx.o(.text)
    USB_HP_IRQHandler                        0x08000207   Thumb Code     0  startup_stm32g474xx.o(.text)
    USB_LP_IRQHandler                        0x08000207   Thumb Code     0  startup_stm32g474xx.o(.text)
    WWDG_IRQHandler                          0x08000207   Thumb Code     0  startup_stm32g474xx.o(.text)
    __aeabi_uldivmod                         0x08000211   Thumb Code    98  uldiv.o(.text)
    __aeabi_memcpy                           0x08000273   Thumb Code    36  memcpya.o(.text)
    __aeabi_memcpy4                          0x08000273   Thumb Code     0  memcpya.o(.text)
    __aeabi_memcpy8                          0x08000273   Thumb Code     0  memcpya.o(.text)
    __aeabi_memset                           0x08000297   Thumb Code    14  memseta.o(.text)
    __aeabi_memset4                          0x08000297   Thumb Code     0  memseta.o(.text)
    __aeabi_memset8                          0x08000297   Thumb Code     0  memseta.o(.text)
    __aeabi_memclr                           0x080002a5   Thumb Code     4  memseta.o(.text)
    __aeabi_memclr4                          0x080002a5   Thumb Code     0  memseta.o(.text)
    __aeabi_memclr8                          0x080002a5   Thumb Code     0  memseta.o(.text)
    _memset$wrapper                          0x080002a9   Thumb Code    18  memseta.o(.text)
    strlen                                   0x080002bb   Thumb Code    14  strlen.o(.text)
    strncmp                                  0x080002c9   Thumb Code    30  strncmp.o(.text)
    _scanf_real                              0x08000411   Thumb Code     0  scanf_fp.o(.text)
    _scanf_really_real                       0x08000411   Thumb Code   556  scanf_fp.o(.text)
    __aeabi_fadd                             0x08000649   Thumb Code   164  fadd.o(.text)
    __aeabi_fsub                             0x080006ed   Thumb Code     6  fadd.o(.text)
    __aeabi_frsub                            0x080006f3   Thumb Code     6  fadd.o(.text)
    __aeabi_fmul                             0x080006f9   Thumb Code   100  fmul.o(.text)
    __aeabi_dadd                             0x0800075d   Thumb Code   322  dadd.o(.text)
    __aeabi_dsub                             0x0800089f   Thumb Code     6  dadd.o(.text)
    __aeabi_drsub                            0x080008a5   Thumb Code     6  dadd.o(.text)
    __aeabi_dmul                             0x080008ab   Thumb Code   228  dmul.o(.text)
    __aeabi_ddiv                             0x0800098f   Thumb Code   222  ddiv.o(.text)
    __aeabi_i2d                              0x08000a6d   Thumb Code    34  dflti.o(.text)
    __aeabi_ui2d                             0x08000a8f   Thumb Code    26  dfltui.o(.text)
    __aeabi_d2iz                             0x08000aa9   Thumb Code    62  dfixi.o(.text)
    __aeabi_d2uiz                            0x08000ae7   Thumb Code    50  dfixui.o(.text)
    __aeabi_f2d                              0x08000b19   Thumb Code    38  f2d.o(.text)
    __aeabi_cdcmpeq                          0x08000b41   Thumb Code     0  cdcmple.o(.text)
    __aeabi_cdcmple                          0x08000b41   Thumb Code    48  cdcmple.o(.text)
    __aeabi_cdrcmple                         0x08000b71   Thumb Code    48  cdrcmple.o(.text)
    __aeabi_d2f                              0x08000ba1   Thumb Code    56  d2f.o(.text)
    __aeabi_uidiv                            0x08000bd9   Thumb Code     0  uidiv.o(.text)
    __aeabi_uidivmod                         0x08000bd9   Thumb Code    44  uidiv.o(.text)
    __aeabi_llsl                             0x08000c05   Thumb Code    30  llshl.o(.text)
    _ll_shift_l                              0x08000c05   Thumb Code     0  llshl.o(.text)
    __aeabi_llsr                             0x08000c23   Thumb Code    32  llushr.o(.text)
    _ll_ushift_r                             0x08000c23   Thumb Code     0  llushr.o(.text)
    __aeabi_lasr                             0x08000c43   Thumb Code    36  llsshr.o(.text)
    _ll_sshift_r                             0x08000c43   Thumb Code     0  llsshr.o(.text)
    _sgetc                                   0x08000c67   Thumb Code    30  _sgetc.o(.text)
    _sbackspace                              0x08000c85   Thumb Code    34  _sgetc.o(.text)
    __strtod_int                             0x08000cdf   Thumb Code    90  strtod.o(.text)
    __I$use$fp                               0x08000d45   Thumb Code     0  iusefp.o(.text)
    _float_round                             0x08000d45   Thumb Code    18  fepilogue.o(.text)
    _float_epilogue                          0x08000d57   Thumb Code    92  fepilogue.o(.text)
    _double_round                            0x08000db3   Thumb Code    30  depilogue.o(.text)
    _double_epilogue                         0x08000dd1   Thumb Code   156  depilogue.o(.text)
    __aeabi_ul2d                             0x08000e6d   Thumb Code    24  dfltul.o(.text)
    __aeabi_d2ulz                            0x08000e85   Thumb Code    48  dfixul.o(.text)
    __scatterload                            0x08000eb5   Thumb Code    28  init.o(.text)
    __scatterload_rt2                        0x08000eb5   Thumb Code     0  init.o(.text)
    isspace                                  0x08000ed9   Thumb Code    10  isspace_c.o(.text)
    __ctype_lookup                           0x08000ee5   Thumb Code    34  ctype_c.o(.text)
    arm_bitreversal_f32                      0x08000f0d   Thumb Code   174  arm_bitreversal.o(.text.arm_bitreversal_f32)
    arm_cfft_radix2_f32                      0x08000fbb   Thumb Code    66  arm_cfft_radix2_f32.o(.text.arm_cfft_radix2_f32)
    arm_cfft_radix2_init_f32                 0x08000ffd   Thumb Code   190  arm_cfft_radix2_init_f32.o(.text.arm_cfft_radix2_init_f32)
    arm_cmplx_mag_f32                        0x080010bd   Thumb Code   232  arm_cmplx_mag_f32.o(.text.arm_cmplx_mag_f32)
    arm_radix2_butterfly_f32                 0x080011a5   Thumb Code   518  arm_cfft_radix2_f32.o(.text.arm_radix2_butterfly_f32)
    arm_radix2_butterfly_inverse_f32         0x080013ad   Thumb Code   538  arm_cfft_radix2_f32.o(.text.arm_radix2_butterfly_inverse_f32)
    ADC_DMAConvCplt                          0x080015c7   Thumb Code   104  stm32g4xx_hal_adc.o(i.ADC_DMAConvCplt)
    ADC_DMAError                             0x0800162f   Thumb Code    26  stm32g4xx_hal_adc.o(i.ADC_DMAError)
    ADC_DMAHalfConvCplt                      0x08001649   Thumb Code    10  stm32g4xx_hal_adc.o(i.ADC_DMAHalfConvCplt)
    ADC_Enable                               0x08001655   Thumb Code   110  stm32g4xx_hal_adc.o(i.ADC_Enable)
    ADMIN_Init                               0x080016c9   Thumb Code    90  common.o(i.ADMIN_Init)
    ADMIN_Mainloop                           0x08001741   Thumb Code   728  common.o(i.ADMIN_Mainloop)
    BusFault_Handler                         0x08001a81   Thumb Code     2  stm32g4xx_it.o(i.BusFault_Handler)
    DMA1_Channel1_IRQHandler                 0x08001a85   Thumb Code     6  stm32g4xx_it.o(i.DMA1_Channel1_IRQHandler)
    DMAMUX_OVR_IRQHandler                    0x08001a91   Thumb Code     2  stm32g4xx_it.o(i.DMAMUX_OVR_IRQHandler)
    DebugMon_Handler                         0x08001b37   Thumb Code     2  stm32g4xx_it.o(i.DebugMon_Handler)
    Error_Handler                            0x08001b39   Thumb Code     4  main.o(i.Error_Handler)
    Gui_DrawFont_GBK16                       0x08001b3d   Thumb Code   364  gui.o(i.Gui_DrawFont_GBK16)
    Gui_DrawLine                             0x08001cb1   Thumb Code   170  gui.o(i.Gui_DrawLine)
    Gui_DrawPoint                            0x08001d5b   Thumb Code    18  spi_tftlcd.o(i.Gui_DrawPoint)
    Gui_ShowWave                             0x08001d6d   Thumb Code  1362  a_lcd.o(i.Gui_ShowWave)
    HAL_ADCEx_MultiModeConfigChannel         0x080022c9   Thumb Code   326  stm32g4xx_hal_adc_ex.o(i.HAL_ADCEx_MultiModeConfigChannel)
    HAL_ADC_ConfigChannel                    0x08002429   Thumb Code  1058  stm32g4xx_hal_adc.o(i.HAL_ADC_ConfigChannel)
    HAL_ADC_ConvCpltCallback                 0x08002889   Thumb Code     2  stm32g4xx_hal_adc.o(i.HAL_ADC_ConvCpltCallback)
    HAL_ADC_ConvHalfCpltCallback             0x0800288b   Thumb Code     2  stm32g4xx_hal_adc.o(i.HAL_ADC_ConvHalfCpltCallback)
    HAL_ADC_ErrorCallback                    0x0800288d   Thumb Code     2  stm32g4xx_hal_adc.o(i.HAL_ADC_ErrorCallback)
    HAL_ADC_Init                             0x08002891   Thumb Code   520  stm32g4xx_hal_adc.o(i.HAL_ADC_Init)
    HAL_ADC_MspInit                          0x08002ac9   Thumb Code   158  adc.o(i.HAL_ADC_MspInit)
    HAL_ADC_Start_DMA                        0x08002b79   Thumb Code   260  stm32g4xx_hal_adc.o(i.HAL_ADC_Start_DMA)
    HAL_DMA_Abort                            0x08002ca5   Thumb Code   106  stm32g4xx_hal_dma.o(i.HAL_DMA_Abort)
    HAL_DMA_Abort_IT                         0x08002d0f   Thumb Code   120  stm32g4xx_hal_dma.o(i.HAL_DMA_Abort_IT)
    HAL_DMA_IRQHandler                       0x08002d87   Thumb Code   186  stm32g4xx_hal_dma.o(i.HAL_DMA_IRQHandler)
    HAL_DMA_Init                             0x08002e41   Thumb Code   178  stm32g4xx_hal_dma.o(i.HAL_DMA_Init)
    HAL_DMA_Start_IT                         0x08002f01   Thumb Code   140  stm32g4xx_hal_dma.o(i.HAL_DMA_Start_IT)
    HAL_Delay                                0x08002f8d   Thumb Code    32  stm32g4xx_hal.o(i.HAL_Delay)
    HAL_GPIO_Init                            0x08002fb1   Thumb Code   550  stm32g4xx_hal_gpio.o(i.HAL_GPIO_Init)
    HAL_GPIO_ReadPin                         0x080031f9   Thumb Code    10  stm32g4xx_hal_gpio.o(i.HAL_GPIO_ReadPin)
    HAL_GPIO_WritePin                        0x08003203   Thumb Code    10  stm32g4xx_hal_gpio.o(i.HAL_GPIO_WritePin)
    HAL_GetTick                              0x0800320d   Thumb Code     6  stm32g4xx_hal.o(i.HAL_GetTick)
    HAL_IncTick                              0x08003219   Thumb Code    12  stm32g4xx_hal.o(i.HAL_IncTick)
    HAL_Init                                 0x08003229   Thumb Code    30  stm32g4xx_hal.o(i.HAL_Init)
    HAL_InitTick                             0x08003249   Thumb Code    58  stm32g4xx_hal.o(i.HAL_InitTick)
    HAL_MspInit                              0x0800328d   Thumb Code    42  stm32g4xx_hal_msp.o(i.HAL_MspInit)
    HAL_NVIC_EnableIRQ                       0x080032bd   Thumb Code    26  stm32g4xx_hal_cortex.o(i.HAL_NVIC_EnableIRQ)
    HAL_NVIC_SetPriority                     0x080032d9   Thumb Code    60  stm32g4xx_hal_cortex.o(i.HAL_NVIC_SetPriority)
    HAL_NVIC_SetPriorityGrouping             0x08003319   Thumb Code    26  stm32g4xx_hal_cortex.o(i.HAL_NVIC_SetPriorityGrouping)
    HAL_PWREx_ControlVoltageScaling          0x0800333d   Thumb Code   174  stm32g4xx_hal_pwr_ex.o(i.HAL_PWREx_ControlVoltageScaling)
    HAL_PWREx_DisableUCPDDeadBattery         0x080033f9   Thumb Code    12  stm32g4xx_hal_pwr_ex.o(i.HAL_PWREx_DisableUCPDDeadBattery)
    HAL_RCCEx_PeriphCLKConfig                0x08003409   Thumb Code   758  stm32g4xx_hal_rcc_ex.o(i.HAL_RCCEx_PeriphCLKConfig)
    HAL_RCC_ClockConfig                      0x08003709   Thumb Code   444  stm32g4xx_hal_rcc.o(i.HAL_RCC_ClockConfig)
    HAL_RCC_GetPCLK1Freq                     0x080038e5   Thumb Code    24  stm32g4xx_hal_rcc.o(i.HAL_RCC_GetPCLK1Freq)
    HAL_RCC_GetPCLK2Freq                     0x08003909   Thumb Code    24  stm32g4xx_hal_rcc.o(i.HAL_RCC_GetPCLK2Freq)
    HAL_RCC_GetSysClockFreq                  0x0800392d   Thumb Code    98  stm32g4xx_hal_rcc.o(i.HAL_RCC_GetSysClockFreq)
    HAL_RCC_OscConfig                        0x0800399d   Thumb Code  1036  stm32g4xx_hal_rcc.o(i.HAL_RCC_OscConfig)
    HAL_SPI_Init                             0x08003da9   Thumb Code   234  stm32g4xx_hal_spi.o(i.HAL_SPI_Init)
    HAL_SPI_MspInit                          0x08003e95   Thumb Code    88  spi.o(i.HAL_SPI_MspInit)
    HAL_SPI_Transmit                         0x08003ef5   Thumb Code   392  stm32g4xx_hal_spi.o(i.HAL_SPI_Transmit)
    HAL_SYSTICK_Config                       0x0800407d   Thumb Code    40  stm32g4xx_hal_cortex.o(i.HAL_SYSTICK_Config)
    HAL_TIMEx_Break2Callback                 0x080040a5   Thumb Code     2  stm32g4xx_hal_tim_ex.o(i.HAL_TIMEx_Break2Callback)
    HAL_TIMEx_BreakCallback                  0x080040a7   Thumb Code     2  stm32g4xx_hal_tim_ex.o(i.HAL_TIMEx_BreakCallback)
    HAL_TIMEx_CommutCallback                 0x080040a9   Thumb Code     2  stm32g4xx_hal_tim_ex.o(i.HAL_TIMEx_CommutCallback)
    HAL_TIMEx_ConfigBreakDeadTime            0x080040ad   Thumb Code   192  stm32g4xx_hal_tim_ex.o(i.HAL_TIMEx_ConfigBreakDeadTime)
    HAL_TIMEx_DirectionChangeCallback        0x08004179   Thumb Code     2  stm32g4xx_hal_tim_ex.o(i.HAL_TIMEx_DirectionChangeCallback)
    HAL_TIMEx_EncoderIndexCallback           0x0800417b   Thumb Code     2  stm32g4xx_hal_tim_ex.o(i.HAL_TIMEx_EncoderIndexCallback)
    HAL_TIMEx_IndexErrorCallback             0x0800417d   Thumb Code     2  stm32g4xx_hal_tim_ex.o(i.HAL_TIMEx_IndexErrorCallback)
    HAL_TIMEx_MasterConfigSynchronization    0x08004181   Thumb Code   150  stm32g4xx_hal_tim_ex.o(i.HAL_TIMEx_MasterConfigSynchronization)
    HAL_TIMEx_TransitionErrorCallback        0x08004239   Thumb Code     2  stm32g4xx_hal_tim_ex.o(i.HAL_TIMEx_TransitionErrorCallback)
    HAL_TIM_Base_Init                        0x0800423b   Thumb Code    98  stm32g4xx_hal_tim.o(i.HAL_TIM_Base_Init)
    HAL_TIM_Base_MspInit                     0x0800429d   Thumb Code    72  tim.o(i.HAL_TIM_Base_MspInit)
    HAL_TIM_Base_Start                       0x080042f1   Thumb Code    96  stm32g4xx_hal_tim.o(i.HAL_TIM_Base_Start)
    HAL_TIM_Base_Start_IT                    0x08004371   Thumb Code   106  stm32g4xx_hal_tim.o(i.HAL_TIM_Base_Start_IT)
    HAL_TIM_Base_Stop_IT                     0x080043fd   Thumb Code    48  stm32g4xx_hal_tim.o(i.HAL_TIM_Base_Stop_IT)
    HAL_TIM_ConfigClockSource                0x0800442d   Thumb Code   234  stm32g4xx_hal_tim.o(i.HAL_TIM_ConfigClockSource)
    HAL_TIM_IC_CaptureCallback               0x0800451d   Thumb Code     2  stm32g4xx_hal_tim.o(i.HAL_TIM_IC_CaptureCallback)
    HAL_TIM_IRQHandler                       0x0800451f   Thumb Code   508  stm32g4xx_hal_tim.o(i.HAL_TIM_IRQHandler)
    HAL_TIM_MspPostInit                      0x0800471d   Thumb Code   148  tim.o(i.HAL_TIM_MspPostInit)
    HAL_TIM_OC_DelayElapsedCallback          0x080047bd   Thumb Code     2  stm32g4xx_hal_tim.o(i.HAL_TIM_OC_DelayElapsedCallback)
    HAL_TIM_PWM_ConfigChannel                0x080047bf   Thumb Code   292  stm32g4xx_hal_tim.o(i.HAL_TIM_PWM_ConfigChannel)
    HAL_TIM_PWM_Init                         0x080048e3   Thumb Code    98  stm32g4xx_hal_tim.o(i.HAL_TIM_PWM_Init)
    HAL_TIM_PWM_MspInit                      0x08004945   Thumb Code    72  tim.o(i.HAL_TIM_PWM_MspInit)
    HAL_TIM_PWM_PulseFinishedCallback        0x08004995   Thumb Code     2  stm32g4xx_hal_tim.o(i.HAL_TIM_PWM_PulseFinishedCallback)
    HAL_TIM_PeriodElapsedCallback            0x08004999   Thumb Code    26  a_interrupt.o(i.HAL_TIM_PeriodElapsedCallback)
    HAL_TIM_TriggerCallback                  0x080049bd   Thumb Code     2  stm32g4xx_hal_tim.o(i.HAL_TIM_TriggerCallback)
    HAL_UARTEx_DisableFifoMode               0x080049bf   Thumb Code    62  stm32g4xx_hal_uart_ex.o(i.HAL_UARTEx_DisableFifoMode)
    HAL_UARTEx_RxEventCallback               0x080049fd   Thumb Code     2  stm32g4xx_hal_uart.o(i.HAL_UARTEx_RxEventCallback)
    HAL_UARTEx_RxFifoFullCallback            0x080049ff   Thumb Code     2  stm32g4xx_hal_uart_ex.o(i.HAL_UARTEx_RxFifoFullCallback)
    HAL_UARTEx_SetRxFifoThreshold            0x08004a01   Thumb Code    76  stm32g4xx_hal_uart_ex.o(i.HAL_UARTEx_SetRxFifoThreshold)
    HAL_UARTEx_SetTxFifoThreshold            0x08004a4d   Thumb Code    76  stm32g4xx_hal_uart_ex.o(i.HAL_UARTEx_SetTxFifoThreshold)
    HAL_UARTEx_TxFifoEmptyCallback           0x08004a99   Thumb Code     2  stm32g4xx_hal_uart_ex.o(i.HAL_UARTEx_TxFifoEmptyCallback)
    HAL_UARTEx_WakeupCallback                0x08004a9b   Thumb Code     2  stm32g4xx_hal_uart_ex.o(i.HAL_UARTEx_WakeupCallback)
    HAL_UART_AbortReceiveCpltCallback        0x08004a9d   Thumb Code     2  stm32g4xx_hal_uart.o(i.HAL_UART_AbortReceiveCpltCallback)
    HAL_UART_AbortReceive_IT                 0x08004aa1   Thumb Code   178  stm32g4xx_hal_uart.o(i.HAL_UART_AbortReceive_IT)
    HAL_UART_ErrorCallback                   0x08004b5d   Thumb Code     2  stm32g4xx_hal_uart.o(i.HAL_UART_ErrorCallback)
    HAL_UART_IRQHandler                      0x08004b61   Thumb Code   722  stm32g4xx_hal_uart.o(i.HAL_UART_IRQHandler)
    HAL_UART_Init                            0x08004e41   Thumb Code   106  stm32g4xx_hal_uart.o(i.HAL_UART_Init)
    HAL_UART_MspInit                         0x08004ead   Thumb Code   128  usart.o(i.HAL_UART_MspInit)
    HAL_UART_Receive_IT                      0x08004f39   Thumb Code    80  stm32g4xx_hal_uart.o(i.HAL_UART_Receive_IT)
    HAL_UART_RxCpltCallback                  0x08004f8d   Thumb Code    72  a_interrupt.o(i.HAL_UART_RxCpltCallback)
    HAL_UART_TxCpltCallback                  0x08004fe5   Thumb Code     2  stm32g4xx_hal_uart.o(i.HAL_UART_TxCpltCallback)
    HardFault_Handler                        0x08004fe7   Thumb Code     2  stm32g4xx_it.o(i.HardFault_Handler)
    IT_start                                 0x08004fe9   Thumb Code    28  common.o(i.IT_start)
    IT_stop                                  0x08005015   Thumb Code    24  common.o(i.IT_stop)
    KEY_scan                                 0x08005039   Thumb Code   180  a_key.o(i.KEY_scan)
    LCD_WR_DATA                              0x080050f9   Thumb Code    16  spi_tftlcd.o(i.LCD_WR_DATA)
    LCD_WR_REG                               0x0800510d   Thumb Code    16  spi_tftlcd.o(i.LCD_WR_REG)
    Lcd_Clear                                0x08005185   Thumb Code    66  spi_tftlcd.o(i.Lcd_Clear)
    Lcd_Init                                 0x080051cd   Thumb Code   538  spi_tftlcd.o(i.Lcd_Init)
    Lcd_Reset                                0x080053e7   Thumb Code    36  spi_tftlcd.o(i.Lcd_Reset)
    Lcd_SetRegion                            0x0800540b   Thumb Code    58  spi_tftlcd.o(i.Lcd_SetRegion)
    Lcd_SetXY                                0x08005445   Thumb Code    40  spi_tftlcd.o(i.Lcd_SetXY)
    Lcd_WriteData_16Bit                      0x0800546d   Thumb Code    20  spi_tftlcd.o(i.Lcd_WriteData_16Bit)
    MX_ADC1_Init                             0x08005481   Thumb Code   144  adc.o(i.MX_ADC1_Init)
    MX_DMA_Init                              0x08005519   Thumb Code    72  dma.o(i.MX_DMA_Init)
    MX_GPIO_Init                             0x08005565   Thumb Code   150  gpio.o(i.MX_GPIO_Init)
    MX_SPI1_Init                             0x08005609   Thumb Code    78  spi.o(i.MX_SPI1_Init)
    MX_TIM15_Init                            0x08005661   Thumb Code    98  tim.o(i.MX_TIM15_Init)
    MX_TIM17_Init                            0x080056cd   Thumb Code    48  tim.o(i.MX_TIM17_Init)
    MX_TIM1_Init                             0x08005705   Thumb Code   170  tim.o(i.MX_TIM1_Init)
    MX_TIM2_Init                             0x080057b9   Thumb Code   140  tim.o(i.MX_TIM2_Init)
    MX_USART1_UART_Init                      0x08005849   Thumb Code    94  usart.o(i.MX_USART1_UART_Init)
    MemManage_Handler                        0x080058b1   Thumb Code     2  stm32g4xx_it.o(i.MemManage_Handler)
    NMI_Handler                              0x080058b3   Thumb Code     2  stm32g4xx_it.o(i.NMI_Handler)
    PendSV_Handler                           0x080058b5   Thumb Code     2  stm32g4xx_it.o(i.PendSV_Handler)
    SPI_WriteByte                            0x08005a99   Thumb Code    16  spi_tftlcd.o(i.SPI_WriteByte)
    SVC_Handler                              0x08005aad   Thumb Code     2  stm32g4xx_it.o(i.SVC_Handler)
    SysTick_Handler                          0x08005aaf   Thumb Code     4  stm32g4xx_it.o(i.SysTick_Handler)
    SystemClock_Config                       0x08005ab3   Thumb Code   104  main.o(i.SystemClock_Config)
    SystemInit                               0x08005b1d   Thumb Code    12  system_stm32g4xx.o(i.SystemInit)
    TIM1_TRG_COM_TIM17_IRQHandler            0x08005b2d   Thumb Code    18  stm32g4xx_it.o(i.TIM1_TRG_COM_TIM17_IRQHandler)
    TIM_Base_SetConfig                       0x08005b49   Thumb Code   176  stm32g4xx_hal_tim.o(i.TIM_Base_SetConfig)
    TIM_ETR_SetConfig                        0x08005c1d   Thumb Code    20  stm32g4xx_hal_tim.o(i.TIM_ETR_SetConfig)
    TIM_OC2_SetConfig                        0x08005cf1   Thumb Code   132  stm32g4xx_hal_tim.o(i.TIM_OC2_SetConfig)
    UART_AdvFeatureConfig                    0x08006051   Thumb Code   200  stm32g4xx_hal_uart.o(i.UART_AdvFeatureConfig)
    UART_CheckIdleState                      0x08006119   Thumb Code    96  stm32g4xx_hal_uart.o(i.UART_CheckIdleState)
    UART_SetConfig                           0x08006639   Thumb Code   614  stm32g4xx_hal_uart.o(i.UART_SetConfig)
    UART_Start_Receive_IT                    0x080068d1   Thumb Code   262  stm32g4xx_hal_uart.o(i.UART_Start_Receive_IT)
    UART_WaitOnFlagUntilTimeout              0x080069e9   Thumb Code   198  stm32g4xx_hal_uart.o(i.UART_WaitOnFlagUntilTimeout)
    USART1_IRQHandler                        0x08006ab1   Thumb Code     6  stm32g4xx_it.o(i.USART1_IRQHandler)
    UsageFault_Handler                       0x08006abd   Thumb Code     2  stm32g4xx_it.o(i.UsageFault_Handler)
    __0snprintf                              0x08006ac1   Thumb Code    44  printfa.o(i.__0snprintf)
    __1snprintf                              0x08006ac1   Thumb Code     0  printfa.o(i.__0snprintf)
    __2snprintf                              0x08006ac1   Thumb Code     0  printfa.o(i.__0snprintf)
    __c89snprintf                            0x08006ac1   Thumb Code     0  printfa.o(i.__0snprintf)
    snprintf                                 0x08006ac1   Thumb Code     0  printfa.o(i.__0snprintf)
    free                                     0x08006b11   Thumb Code    88  mallocr.o(i.__free$realloc)
    __hardfp_strtod                          0x08006b71   Thumb Code    30  strtod.o(i.__hardfp_strtod)
    malloc                                   0x08006b99   Thumb Code    64  mallocr.o(i.__malloc$realloc)
    __scatterload_copy                       0x08006be9   Thumb Code    14  handlers.o(i.__scatterload_copy)
    __scatterload_null                       0x08006bf7   Thumb Code     2  handlers.o(i.__scatterload_null)
    __scatterload_zeroinit                   0x08006bf9   Thumb Code    14  handlers.o(i.__scatterload_zeroinit)
    __set_errno                              0x08006c09   Thumb Code     6  errno.o(i.__set_errno)
    _is_digit                                0x08006d99   Thumb Code    14  scanf_fp.o(i._is_digit)
    cJSON_Delete                             0x0800751d   Thumb Code    66  cjson.o(i.cJSON_Delete)
    cJSON_Parse                              0x0800757b   Thumb Code     8  cjson.o(i.cJSON_Parse)
    cJSON_ParseWithLengthOpts                0x08007585   Thumb Code   210  cjson.o(i.cJSON_ParseWithLengthOpts)
    cJSON_ParseWithOpts                      0x08007661   Thumb Code    34  cjson.o(i.cJSON_ParseWithOpts)
    main                                     0x080076d5   Thumb Code    54  main.o(i.main)
    realloc                                  0x08007c31   Thumb Code   102  mallocr.o(i.realloc)
    sqrtf                                    0x08007c9d   Thumb Code    62  sqrtf.o(i.sqrtf)
    UARTPrescTable                           0x08007dae   Data          24  stm32g4xx_hal_uart.o(.constdata)
    AHBPrescTable                            0x08007dd6   Data          16  system_stm32g4xx.o(.constdata)
    APBPrescTable                            0x08007de6   Data           8  system_stm32g4xx.o(.constdata)
    asc16                                    0x08007dee   Data        1521  gui.o(.constdata)
    sz32                                     0x080083df   Data        1921  gui.o(.constdata)
    hz16                                     0x08008b60   Data        1768  gui.o(.constdata)
    hz24                                     0x08009248   Data        1406  gui.o(.constdata)
    __ctype_categories                       0x080097c6   Data          64  ctype_c.o(.constdata)
    armBitRevTable                           0x08009806   Data        2048  arm_common_tables.o(.rodata.armBitRevTable)
    twiddleCoef_4096                         0x0800a008   Data       32768  arm_common_tables.o(.rodata.twiddleCoef_4096)
    Region$$Table$$Base                      0x08012008   Number         0  anon$$obj.o(Region$$Table)
    Region$$Table$$Limit                     0x08012028   Number         0  anon$$obj.o(Region$$Table)
    uwTickPrio                               0x20000000   Data           4  stm32g4xx_hal.o(.data)
    uwTickFreq                               0x20000004   Data           4  stm32g4xx_hal.o(.data)
    uwTick                                   0x20000008   Data           4  stm32g4xx_hal.o(.data)
    SystemCoreClock                          0x2000000c   Data           4  system_stm32g4xx.o(.data)
    Uart_Rx_byte                             0x20000010   Data           1  a_interrupt.o(.data)
    Uart_Rx_size                             0x20000012   Data           2  a_interrupt.o(.data)
    root                                     0x20000014   Data           4  a_interrupt.o(.data)
    key_judge                                0x20000018   Data           8  a_key.o(.data)
    key_state                                0x20000020   Data           8  a_key.o(.data)
    key_time                                 0x20000028   Data           8  a_key.o(.data)
    key_flag                                 0x20000030   Data           8  a_key.o(.data)
    ShowFlag                                 0x20000038   Data           1  common.o(.data)
    ADC_GetTemp_En                           0x20000039   Data           1  a_adc.o(.data)
    __microlib_freelist                      0x20000058   Data           4  mvars.o(.data)
    __microlib_freelist_initialised          0x2000005c   Data           4  mvars.o(.data)
    hadc1                                    0x20000064   Data         108  adc.o(.bss)
    hdma_adc1                                0x200000d0   Data          96  adc.o(.bss)
    hspi1                                    0x20000130   Data         100  spi.o(.bss)
    htim1                                    0x20000194   Data          76  tim.o(.bss)
    htim2                                    0x200001e0   Data          76  tim.o(.bss)
    htim15                                   0x2000022c   Data          76  tim.o(.bss)
    htim17                                   0x20000278   Data          76  tim.o(.bss)
    huart1                                   0x200002c4   Data         144  usart.o(.bss)
    Uart_Rx_bytes                            0x20000354   Data         128  a_interrupt.o(.bss)
    text                                     0x200003d4   Data         128  common.o(.bss)
    S                                        0x20000454   Data          20  common.o(.bss)
    ADC_Buffer                               0x20000468   Data        1024  a_adc.o(.bss)
    __heap_base                              0x20001820   Data           0  startup_stm32g474xx.o(HEAP)
    __heap_limit                             0x20003820   Data           0  startup_stm32g474xx.o(HEAP)
    __initial_sp                             0x20005820   Data           0  startup_stm32g474xx.o(STACK)



==============================================================================

Memory Map of the image

  Image Entry point : 0x080001d9

  Load Region LR_IROM1 (Base: 0x08000000, Size: 0x0001208c, Max: 0x00080000, ABSOLUTE)

    Execution Region ER_IROM1 (Exec base: 0x08000000, Load base: 0x08000000, Size: 0x00012028, Max: 0x00080000, ABSOLUTE)

    Exec Addr    Load Addr    Size         Type   Attr      Idx    E Section Name        Object

    0x08000000   0x08000000   0x000001d8   Data   RO            3    RESET               startup_stm32g474xx.o
    0x080001d8   0x080001d8   0x00000000   Code   RO         6054  * .ARM.Collect$$$$00000000  mc_w.l(entry.o)
    0x080001d8   0x080001d8   0x00000004   Code   RO         6400    .ARM.Collect$$$$00000001  mc_w.l(entry2.o)
    0x080001dc   0x080001dc   0x00000004   Code   RO         6403    .ARM.Collect$$$$00000004  mc_w.l(entry5.o)
    0x080001e0   0x080001e0   0x00000000   Code   RO         6405    .ARM.Collect$$$$00000008  mc_w.l(entry7b.o)
    0x080001e0   0x080001e0   0x00000000   Code   RO         6407    .ARM.Collect$$$$0000000A  mc_w.l(entry8b.o)
    0x080001e0   0x080001e0   0x00000008   Code   RO         6408    .ARM.Collect$$$$0000000B  mc_w.l(entry9a.o)
    0x080001e8   0x080001e8   0x00000000   Code   RO         6410    .ARM.Collect$$$$0000000D  mc_w.l(entry10a.o)
    0x080001e8   0x080001e8   0x00000000   Code   RO         6412    .ARM.Collect$$$$0000000F  mc_w.l(entry11a.o)
    0x080001e8   0x080001e8   0x00000004   Code   RO         6401    .ARM.Collect$$$$00002712  mc_w.l(entry2.o)
    0x080001ec   0x080001ec   0x00000024   Code   RO            4    .text               startup_stm32g474xx.o
    0x08000210   0x08000210   0x00000062   Code   RO         6057    .text               mc_w.l(uldiv.o)
    0x08000272   0x08000272   0x00000024   Code   RO         6061    .text               mc_w.l(memcpya.o)
    0x08000296   0x08000296   0x00000024   Code   RO         6063    .text               mc_w.l(memseta.o)
    0x080002ba   0x080002ba   0x0000000e   Code   RO         6067    .text               mc_w.l(strlen.o)
    0x080002c8   0x080002c8   0x0000001e   Code   RO         6073    .text               mc_w.l(strncmp.o)
    0x080002e6   0x080002e6   0x00000002   PAD
    0x080002e8   0x080002e8   0x00000360   Code   RO         6370    .text               mc_w.l(scanf_fp.o)
    0x08000648   0x08000648   0x000000b0   Code   RO         6374    .text               mf_w.l(fadd.o)
    0x080006f8   0x080006f8   0x00000064   Code   RO         6376    .text               mf_w.l(fmul.o)
    0x0800075c   0x0800075c   0x0000014e   Code   RO         6378    .text               mf_w.l(dadd.o)
    0x080008aa   0x080008aa   0x000000e4   Code   RO         6380    .text               mf_w.l(dmul.o)
    0x0800098e   0x0800098e   0x000000de   Code   RO         6382    .text               mf_w.l(ddiv.o)
    0x08000a6c   0x08000a6c   0x00000022   Code   RO         6384    .text               mf_w.l(dflti.o)
    0x08000a8e   0x08000a8e   0x0000001a   Code   RO         6386    .text               mf_w.l(dfltui.o)
    0x08000aa8   0x08000aa8   0x0000003e   Code   RO         6388    .text               mf_w.l(dfixi.o)
    0x08000ae6   0x08000ae6   0x00000032   Code   RO         6390    .text               mf_w.l(dfixui.o)
    0x08000b18   0x08000b18   0x00000026   Code   RO         6392    .text               mf_w.l(f2d.o)
    0x08000b3e   0x08000b3e   0x00000002   PAD
    0x08000b40   0x08000b40   0x00000030   Code   RO         6394    .text               mf_w.l(cdcmple.o)
    0x08000b70   0x08000b70   0x00000030   Code   RO         6396    .text               mf_w.l(cdrcmple.o)
    0x08000ba0   0x08000ba0   0x00000038   Code   RO         6398    .text               mf_w.l(d2f.o)
    0x08000bd8   0x08000bd8   0x0000002c   Code   RO         6417    .text               mc_w.l(uidiv.o)
    0x08000c04   0x08000c04   0x0000001e   Code   RO         6419    .text               mc_w.l(llshl.o)
    0x08000c22   0x08000c22   0x00000020   Code   RO         6421    .text               mc_w.l(llushr.o)
    0x08000c42   0x08000c42   0x00000024   Code   RO         6423    .text               mc_w.l(llsshr.o)
    0x08000c66   0x08000c66   0x00000040   Code   RO         6436    .text               mc_w.l(_sgetc.o)
    0x08000ca6   0x08000ca6   0x00000002   PAD
    0x08000ca8   0x08000ca8   0x0000009c   Code   RO         6438    .text               mc_w.l(strtod.o)
    0x08000d44   0x08000d44   0x00000000   Code   RO         6440    .text               mc_w.l(iusefp.o)
    0x08000d44   0x08000d44   0x0000006e   Code   RO         6441    .text               mf_w.l(fepilogue.o)
    0x08000db2   0x08000db2   0x000000ba   Code   RO         6443    .text               mf_w.l(depilogue.o)
    0x08000e6c   0x08000e6c   0x00000018   Code   RO         6445    .text               mf_w.l(dfltul.o)
    0x08000e84   0x08000e84   0x00000030   Code   RO         6447    .text               mf_w.l(dfixul.o)
    0x08000eb4   0x08000eb4   0x00000024   Code   RO         6449    .text               mc_w.l(init.o)
    0x08000ed8   0x08000ed8   0x0000000a   Code   RO         6452    .text               mc_w.l(isspace_c.o)
    0x08000ee2   0x08000ee2   0x00000002   PAD
    0x08000ee4   0x08000ee4   0x00000028   Code   RO         6457    .text               mc_w.l(ctype_c.o)
    0x08000f0c   0x08000f0c   0x000000ae   Code   RO         5921    .text.arm_bitreversal_f32  arm_cortexM4l_math.lib(arm_bitreversal.o)
    0x08000fba   0x08000fba   0x00000042   Code   RO         5896    .text.arm_cfft_radix2_f32  arm_cortexM4l_math.lib(arm_cfft_radix2_f32.o)
    0x08000ffc   0x08000ffc   0x000000be   Code   RO         5911    .text.arm_cfft_radix2_init_f32  arm_cortexM4l_math.lib(arm_cfft_radix2_init_f32.o)
    0x080010ba   0x080010ba   0x00000002   PAD
    0x080010bc   0x080010bc   0x000000e8   Code   RO         5886    .text.arm_cmplx_mag_f32  arm_cortexM4l_math.lib(arm_cmplx_mag_f32.o)
    0x080011a4   0x080011a4   0x00000206   Code   RO         5900    .text.arm_radix2_butterfly_f32  arm_cortexM4l_math.lib(arm_cfft_radix2_f32.o)
    0x080013aa   0x080013aa   0x00000002   PAD
    0x080013ac   0x080013ac   0x0000021a   Code   RO         5898    .text.arm_radix2_butterfly_inverse_f32  arm_cortexM4l_math.lib(arm_cfft_radix2_f32.o)
    0x080015c6   0x080015c6   0x00000068   Code   RO          632    i.ADC_DMAConvCplt   stm32g4xx_hal_adc.o
    0x0800162e   0x0800162e   0x0000001a   Code   RO          633    i.ADC_DMAError      stm32g4xx_hal_adc.o
    0x08001648   0x08001648   0x0000000a   Code   RO          634    i.ADC_DMAHalfConvCplt  stm32g4xx_hal_adc.o
    0x08001652   0x08001652   0x00000002   PAD
    0x08001654   0x08001654   0x00000074   Code   RO          636    i.ADC_Enable        stm32g4xx_hal_adc.o
    0x080016c8   0x080016c8   0x00000078   Code   RO         4750    i.ADMIN_Init        common.o
    0x08001740   0x08001740   0x00000340   Code   RO         4751    i.ADMIN_Mainloop    common.o
    0x08001a80   0x08001a80   0x00000002   Code   RO          507    i.BusFault_Handler  stm32g4xx_it.o
    0x08001a82   0x08001a82   0x00000002   PAD
    0x08001a84   0x08001a84   0x0000000c   Code   RO          508    i.DMA1_Channel1_IRQHandler  stm32g4xx_it.o
    0x08001a90   0x08001a90   0x00000002   Code   RO          509    i.DMAMUX_OVR_IRQHandler  stm32g4xx_it.o
    0x08001a92   0x08001a92   0x00000002   PAD
    0x08001a94   0x08001a94   0x00000040   Code   RO         1927    i.DMA_CalcDMAMUXChannelBaseAndMask  stm32g4xx_hal_dma.o
    0x08001ad4   0x08001ad4   0x00000024   Code   RO         1928    i.DMA_CalcDMAMUXRequestGenBaseAndMask  stm32g4xx_hal_dma.o
    0x08001af8   0x08001af8   0x0000003e   Code   RO         1929    i.DMA_SetConfig     stm32g4xx_hal_dma.o
    0x08001b36   0x08001b36   0x00000002   Code   RO          510    i.DebugMon_Handler  stm32g4xx_it.o
    0x08001b38   0x08001b38   0x00000004   Code   RO           13    i.Error_Handler     main.o
    0x08001b3c   0x08001b3c   0x00000174   Code   RO         5674    i.Gui_DrawFont_GBK16  gui.o
    0x08001cb0   0x08001cb0   0x000000aa   Code   RO         5677    i.Gui_DrawLine      gui.o
    0x08001d5a   0x08001d5a   0x00000012   Code   RO         5786    i.Gui_DrawPoint     spi_tftlcd.o
    0x08001d6c   0x08001d6c   0x0000055c   Code   RO         4833    i.Gui_ShowWave      a_lcd.o
    0x080022c8   0x080022c8   0x00000160   Code   RO          886    i.HAL_ADCEx_MultiModeConfigChannel  stm32g4xx_hal_adc_ex.o
    0x08002428   0x08002428   0x00000460   Code   RO          638    i.HAL_ADC_ConfigChannel  stm32g4xx_hal_adc.o
    0x08002888   0x08002888   0x00000002   Code   RO          639    i.HAL_ADC_ConvCpltCallback  stm32g4xx_hal_adc.o
    0x0800288a   0x0800288a   0x00000002   Code   RO          640    i.HAL_ADC_ConvHalfCpltCallback  stm32g4xx_hal_adc.o
    0x0800288c   0x0800288c   0x00000002   Code   RO          642    i.HAL_ADC_ErrorCallback  stm32g4xx_hal_adc.o
    0x0800288e   0x0800288e   0x00000002   PAD
    0x08002890   0x08002890   0x00000238   Code   RO          647    i.HAL_ADC_Init      stm32g4xx_hal_adc.o
    0x08002ac8   0x08002ac8   0x000000b0   Code   RO          280    i.HAL_ADC_MspInit   adc.o
    0x08002b78   0x08002b78   0x0000012c   Code   RO          655    i.HAL_ADC_Start_DMA  stm32g4xx_hal_adc.o
    0x08002ca4   0x08002ca4   0x0000006a   Code   RO         1930    i.HAL_DMA_Abort     stm32g4xx_hal_dma.o
    0x08002d0e   0x08002d0e   0x00000078   Code   RO         1931    i.HAL_DMA_Abort_IT  stm32g4xx_hal_dma.o
    0x08002d86   0x08002d86   0x000000ba   Code   RO         1935    i.HAL_DMA_IRQHandler  stm32g4xx_hal_dma.o
    0x08002e40   0x08002e40   0x000000c0   Code   RO         1936    i.HAL_DMA_Init      stm32g4xx_hal_dma.o
    0x08002f00   0x08002f00   0x0000008c   Code   RO         1940    i.HAL_DMA_Start_IT  stm32g4xx_hal_dma.o
    0x08002f8c   0x08002f8c   0x00000024   Code   RO         1085    i.HAL_Delay         stm32g4xx_hal.o
    0x08002fb0   0x08002fb0   0x00000248   Code   RO         1792    i.HAL_GPIO_Init     stm32g4xx_hal_gpio.o
    0x080031f8   0x080031f8   0x0000000a   Code   RO         1794    i.HAL_GPIO_ReadPin  stm32g4xx_hal_gpio.o
    0x08003202   0x08003202   0x0000000a   Code   RO         1796    i.HAL_GPIO_WritePin  stm32g4xx_hal_gpio.o
    0x0800320c   0x0800320c   0x0000000c   Code   RO         1089    i.HAL_GetTick       stm32g4xx_hal.o
    0x08003218   0x08003218   0x00000010   Code   RO         1092    i.HAL_IncTick       stm32g4xx_hal.o
    0x08003228   0x08003228   0x0000001e   Code   RO         1093    i.HAL_Init          stm32g4xx_hal.o
    0x08003246   0x08003246   0x00000002   PAD
    0x08003248   0x08003248   0x00000044   Code   RO         1094    i.HAL_InitTick      stm32g4xx_hal.o
    0x0800328c   0x0800328c   0x00000030   Code   RO          607    i.HAL_MspInit       stm32g4xx_hal_msp.o
    0x080032bc   0x080032bc   0x0000001a   Code   RO         2439    i.HAL_NVIC_EnableIRQ  stm32g4xx_hal_cortex.o
    0x080032d6   0x080032d6   0x00000002   PAD
    0x080032d8   0x080032d8   0x00000040   Code   RO         2445    i.HAL_NVIC_SetPriority  stm32g4xx_hal_cortex.o
    0x08003318   0x08003318   0x00000024   Code   RO         2446    i.HAL_NVIC_SetPriorityGrouping  stm32g4xx_hal_cortex.o
    0x0800333c   0x0800333c   0x000000bc   Code   RO         2195    i.HAL_PWREx_ControlVoltageScaling  stm32g4xx_hal_pwr_ex.o
    0x080033f8   0x080033f8   0x00000010   Code   RO         2207    i.HAL_PWREx_DisableUCPDDeadBattery  stm32g4xx_hal_pwr_ex.o
    0x08003408   0x08003408   0x00000300   Code   RO         1438    i.HAL_RCCEx_PeriphCLKConfig  stm32g4xx_hal_rcc_ex.o
    0x08003708   0x08003708   0x000001dc   Code   RO         1313    i.HAL_RCC_ClockConfig  stm32g4xx_hal_rcc.o
    0x080038e4   0x080038e4   0x00000024   Code   RO         1321    i.HAL_RCC_GetPCLK1Freq  stm32g4xx_hal_rcc.o
    0x08003908   0x08003908   0x00000024   Code   RO         1322    i.HAL_RCC_GetPCLK2Freq  stm32g4xx_hal_rcc.o
    0x0800392c   0x0800392c   0x00000070   Code   RO         1323    i.HAL_RCC_GetSysClockFreq  stm32g4xx_hal_rcc.o
    0x0800399c   0x0800399c   0x0000040c   Code   RO         1326    i.HAL_RCC_OscConfig  stm32g4xx_hal_rcc.o
    0x08003da8   0x08003da8   0x000000ea   Code   RO         2580    i.HAL_SPI_Init      stm32g4xx_hal_spi.o
    0x08003e92   0x08003e92   0x00000002   PAD
    0x08003e94   0x08003e94   0x00000060   Code   RO          346    i.HAL_SPI_MspInit   spi.o
    0x08003ef4   0x08003ef4   0x00000188   Code   RO         2588    i.HAL_SPI_Transmit  stm32g4xx_hal_spi.o
    0x0800407c   0x0800407c   0x00000028   Code   RO         2450    i.HAL_SYSTICK_Config  stm32g4xx_hal_cortex.o
    0x080040a4   0x080040a4   0x00000002   Code   RO         3636    i.HAL_TIMEx_Break2Callback  stm32g4xx_hal_tim_ex.o
    0x080040a6   0x080040a6   0x00000002   Code   RO         3637    i.HAL_TIMEx_BreakCallback  stm32g4xx_hal_tim_ex.o
    0x080040a8   0x080040a8   0x00000002   Code   RO         3638    i.HAL_TIMEx_CommutCallback  stm32g4xx_hal_tim_ex.o
    0x080040aa   0x080040aa   0x00000002   PAD
    0x080040ac   0x080040ac   0x000000cc   Code   RO         3641    i.HAL_TIMEx_ConfigBreakDeadTime  stm32g4xx_hal_tim_ex.o
    0x08004178   0x08004178   0x00000002   Code   RO         3649    i.HAL_TIMEx_DirectionChangeCallback  stm32g4xx_hal_tim_ex.o
    0x0800417a   0x0800417a   0x00000002   Code   RO         3663    i.HAL_TIMEx_EncoderIndexCallback  stm32g4xx_hal_tim_ex.o
    0x0800417c   0x0800417c   0x00000002   Code   RO         3677    i.HAL_TIMEx_IndexErrorCallback  stm32g4xx_hal_tim_ex.o
    0x0800417e   0x0800417e   0x00000002   PAD
    0x08004180   0x08004180   0x000000b8   Code   RO         3678    i.HAL_TIMEx_MasterConfigSynchronization  stm32g4xx_hal_tim_ex.o
    0x08004238   0x08004238   0x00000002   Code   RO         3699    i.HAL_TIMEx_TransitionErrorCallback  stm32g4xx_hal_tim_ex.o
    0x0800423a   0x0800423a   0x00000062   Code   RO         2922    i.HAL_TIM_Base_Init  stm32g4xx_hal_tim.o
    0x0800429c   0x0800429c   0x00000054   Code   RO          388    i.HAL_TIM_Base_MspInit  tim.o
    0x080042f0   0x080042f0   0x00000080   Code   RO         2925    i.HAL_TIM_Base_Start  stm32g4xx_hal_tim.o
    0x08004370   0x08004370   0x0000008c   Code   RO         2927    i.HAL_TIM_Base_Start_IT  stm32g4xx_hal_tim.o
    0x080043fc   0x080043fc   0x00000030   Code   RO         2930    i.HAL_TIM_Base_Stop_IT  stm32g4xx_hal_tim.o
    0x0800442c   0x0800442c   0x000000f0   Code   RO         2931    i.HAL_TIM_ConfigClockSource  stm32g4xx_hal_tim.o
    0x0800451c   0x0800451c   0x00000002   Code   RO         2956    i.HAL_TIM_IC_CaptureCallback  stm32g4xx_hal_tim.o
    0x0800451e   0x0800451e   0x000001fc   Code   RO         2970    i.HAL_TIM_IRQHandler  stm32g4xx_hal_tim.o
    0x0800471a   0x0800471a   0x00000002   PAD
    0x0800471c   0x0800471c   0x000000a0   Code   RO          389    i.HAL_TIM_MspPostInit  tim.o
    0x080047bc   0x080047bc   0x00000002   Code   RO         2973    i.HAL_TIM_OC_DelayElapsedCallback  stm32g4xx_hal_tim.o
    0x080047be   0x080047be   0x00000124   Code   RO         2994    i.HAL_TIM_PWM_ConfigChannel  stm32g4xx_hal_tim.o
    0x080048e2   0x080048e2   0x00000062   Code   RO         2997    i.HAL_TIM_PWM_Init  stm32g4xx_hal_tim.o
    0x08004944   0x08004944   0x00000050   Code   RO          391    i.HAL_TIM_PWM_MspInit  tim.o
    0x08004994   0x08004994   0x00000002   Code   RO         3000    i.HAL_TIM_PWM_PulseFinishedCallback  stm32g4xx_hal_tim.o
    0x08004996   0x08004996   0x00000002   PAD
    0x08004998   0x08004998   0x00000024   Code   RO         4635    i.HAL_TIM_PeriodElapsedCallback  a_interrupt.o
    0x080049bc   0x080049bc   0x00000002   Code   RO         3013    i.HAL_TIM_TriggerCallback  stm32g4xx_hal_tim.o
    0x080049be   0x080049be   0x0000003e   Code   RO         4485    i.HAL_UARTEx_DisableFifoMode  stm32g4xx_hal_uart_ex.o
    0x080049fc   0x080049fc   0x00000002   Code   RO         4074    i.HAL_UARTEx_RxEventCallback  stm32g4xx_hal_uart.o
    0x080049fe   0x080049fe   0x00000002   Code   RO         4492    i.HAL_UARTEx_RxFifoFullCallback  stm32g4xx_hal_uart_ex.o
    0x08004a00   0x08004a00   0x0000004c   Code   RO         4493    i.HAL_UARTEx_SetRxFifoThreshold  stm32g4xx_hal_uart_ex.o
    0x08004a4c   0x08004a4c   0x0000004c   Code   RO         4494    i.HAL_UARTEx_SetTxFifoThreshold  stm32g4xx_hal_uart_ex.o
    0x08004a98   0x08004a98   0x00000002   Code   RO         4496    i.HAL_UARTEx_TxFifoEmptyCallback  stm32g4xx_hal_uart_ex.o
    0x08004a9a   0x08004a9a   0x00000002   Code   RO         4497    i.HAL_UARTEx_WakeupCallback  stm32g4xx_hal_uart_ex.o
    0x08004a9c   0x08004a9c   0x00000002   Code   RO         4078    i.HAL_UART_AbortReceiveCpltCallback  stm32g4xx_hal_uart.o
    0x08004a9e   0x08004a9e   0x00000002   PAD
    0x08004aa0   0x08004aa0   0x000000bc   Code   RO         4079    i.HAL_UART_AbortReceive_IT  stm32g4xx_hal_uart.o
    0x08004b5c   0x08004b5c   0x00000002   Code   RO         4090    i.HAL_UART_ErrorCallback  stm32g4xx_hal_uart.o
    0x08004b5e   0x08004b5e   0x00000002   PAD
    0x08004b60   0x08004b60   0x000002e0   Code   RO         4093    i.HAL_UART_IRQHandler  stm32g4xx_hal_uart.o
    0x08004e40   0x08004e40   0x0000006a   Code   RO         4094    i.HAL_UART_Init     stm32g4xx_hal_uart.o
    0x08004eaa   0x08004eaa   0x00000002   PAD
    0x08004eac   0x08004eac   0x0000008c   Code   RO          466    i.HAL_UART_MspInit  usart.o
    0x08004f38   0x08004f38   0x00000054   Code   RO         4099    i.HAL_UART_Receive_IT  stm32g4xx_hal_uart.o
    0x08004f8c   0x08004f8c   0x00000058   Code   RO         4636    i.HAL_UART_RxCpltCallback  a_interrupt.o
    0x08004fe4   0x08004fe4   0x00000002   Code   RO         4106    i.HAL_UART_TxCpltCallback  stm32g4xx_hal_uart.o
    0x08004fe6   0x08004fe6   0x00000002   Code   RO          511    i.HardFault_Handler  stm32g4xx_it.o
    0x08004fe8   0x08004fe8   0x0000002c   Code   RO         4752    i.IT_start          common.o
    0x08005014   0x08005014   0x00000024   Code   RO         4753    i.IT_stop           common.o
    0x08005038   0x08005038   0x000000c0   Code   RO         4720    i.KEY_scan          a_key.o
    0x080050f8   0x080050f8   0x00000014   Code   RO         5788    i.LCD_WR_DATA       spi_tftlcd.o
    0x0800510c   0x0800510c   0x00000014   Code   RO         5789    i.LCD_WR_REG        spi_tftlcd.o
    0x08005120   0x08005120   0x0000000c   Code   RO          661    i.LL_ADC_GetOffsetChannel  stm32g4xx_hal_adc.o
    0x0800512c   0x0800512c   0x00000008   Code   RO          662    i.LL_ADC_INJ_IsConversionOngoing  stm32g4xx_hal_adc.o
    0x08005134   0x08005134   0x00000008   Code   RO          663    i.LL_ADC_REG_IsConversionOngoing  stm32g4xx_hal_adc.o
    0x0800513c   0x0800513c   0x00000008   Code   RO          896    i.LL_ADC_REG_IsConversionOngoing  stm32g4xx_hal_adc_ex.o
    0x08005144   0x08005144   0x00000010   Code   RO          664    i.LL_ADC_REG_IsTriggerSourceSWStart  stm32g4xx_hal_adc.o
    0x08005154   0x08005154   0x0000001e   Code   RO          666    i.LL_ADC_SetChannelSamplingTime  stm32g4xx_hal_adc.o
    0x08005172   0x08005172   0x00000010   Code   RO          667    i.LL_ADC_SetOffsetState  stm32g4xx_hal_adc.o
    0x08005182   0x08005182   0x00000002   PAD
    0x08005184   0x08005184   0x00000048   Code   RO         5791    i.Lcd_Clear         spi_tftlcd.o
    0x080051cc   0x080051cc   0x0000021a   Code   RO         5792    i.Lcd_Init          spi_tftlcd.o
    0x080053e6   0x080053e6   0x00000024   Code   RO         5793    i.Lcd_Reset         spi_tftlcd.o
    0x0800540a   0x0800540a   0x0000003a   Code   RO         5794    i.Lcd_SetRegion     spi_tftlcd.o
    0x08005444   0x08005444   0x00000028   Code   RO         5795    i.Lcd_SetXY         spi_tftlcd.o
    0x0800546c   0x0800546c   0x00000014   Code   RO         5796    i.Lcd_WriteData_16Bit  spi_tftlcd.o
    0x08005480   0x08005480   0x00000098   Code   RO          281    i.MX_ADC1_Init      adc.o
    0x08005518   0x08005518   0x0000004c   Code   RO          321    i.MX_DMA_Init       dma.o
    0x08005564   0x08005564   0x000000a4   Code   RO          255    i.MX_GPIO_Init      gpio.o
    0x08005608   0x08005608   0x00000058   Code   RO          347    i.MX_SPI1_Init      spi.o
    0x08005660   0x08005660   0x0000006c   Code   RO          392    i.MX_TIM15_Init     tim.o
    0x080056cc   0x080056cc   0x00000038   Code   RO          393    i.MX_TIM17_Init     tim.o
    0x08005704   0x08005704   0x000000b4   Code   RO          394    i.MX_TIM1_Init      tim.o
    0x080057b8   0x080057b8   0x00000090   Code   RO          395    i.MX_TIM2_Init      tim.o
    0x08005848   0x08005848   0x00000068   Code   RO          467    i.MX_USART1_UART_Init  usart.o
    0x080058b0   0x080058b0   0x00000002   Code   RO          512    i.MemManage_Handler  stm32g4xx_it.o
    0x080058b2   0x080058b2   0x00000002   Code   RO          513    i.NMI_Handler       stm32g4xx_it.o
    0x080058b4   0x080058b4   0x00000002   Code   RO          514    i.PendSV_Handler    stm32g4xx_it.o
    0x080058b6   0x080058b6   0x00000048   Code   RO         2618    i.SPI_EndRxTxTransaction  stm32g4xx_hal_spi.o
    0x080058fe   0x080058fe   0x00000002   PAD
    0x08005900   0x08005900   0x000000e0   Code   RO         2623    i.SPI_WaitFifoStateUntilTimeout  stm32g4xx_hal_spi.o
    0x080059e0   0x080059e0   0x000000b8   Code   RO         2624    i.SPI_WaitFlagStateUntilTimeout  stm32g4xx_hal_spi.o
    0x08005a98   0x08005a98   0x00000014   Code   RO         5799    i.SPI_WriteByte     spi_tftlcd.o
    0x08005aac   0x08005aac   0x00000002   Code   RO          515    i.SVC_Handler       stm32g4xx_it.o
    0x08005aae   0x08005aae   0x00000004   Code   RO          516    i.SysTick_Handler   stm32g4xx_it.o
    0x08005ab2   0x08005ab2   0x00000068   Code   RO           14    i.SystemClock_Config  main.o
    0x08005b1a   0x08005b1a   0x00000002   PAD
    0x08005b1c   0x08005b1c   0x00000010   Code   RO         4598    i.SystemInit        system_stm32g4xx.o
    0x08005b2c   0x08005b2c   0x0000001c   Code   RO          517    i.TIM1_TRG_COM_TIM17_IRQHandler  stm32g4xx_it.o
    0x08005b48   0x08005b48   0x000000d4   Code   RO         3015    i.TIM_Base_SetConfig  stm32g4xx_hal_tim.o
    0x08005c1c   0x08005c1c   0x00000014   Code   RO         3026    i.TIM_ETR_SetConfig  stm32g4xx_hal_tim.o
    0x08005c30   0x08005c30   0x00000014   Code   RO         3027    i.TIM_ITRx_SetConfig  stm32g4xx_hal_tim.o
    0x08005c44   0x08005c44   0x000000ac   Code   RO         3028    i.TIM_OC1_SetConfig  stm32g4xx_hal_tim.o
    0x08005cf0   0x08005cf0   0x000000a0   Code   RO         3029    i.TIM_OC2_SetConfig  stm32g4xx_hal_tim.o
    0x08005d90   0x08005d90   0x000000a0   Code   RO         3030    i.TIM_OC3_SetConfig  stm32g4xx_hal_tim.o
    0x08005e30   0x08005e30   0x000000a0   Code   RO         3031    i.TIM_OC4_SetConfig  stm32g4xx_hal_tim.o
    0x08005ed0   0x08005ed0   0x00000078   Code   RO         3032    i.TIM_OC5_SetConfig  stm32g4xx_hal_tim.o
    0x08005f48   0x08005f48   0x0000007c   Code   RO         3033    i.TIM_OC6_SetConfig  stm32g4xx_hal_tim.o
    0x08005fc4   0x08005fc4   0x00000022   Code   RO         3035    i.TIM_TI1_ConfigInputStage  stm32g4xx_hal_tim.o
    0x08005fe6   0x08005fe6   0x00000024   Code   RO         3037    i.TIM_TI2_ConfigInputStage  stm32g4xx_hal_tim.o
    0x0800600a   0x0800600a   0x00000002   PAD
    0x0800600c   0x0800600c   0x00000044   Code   RO         4498    i.UARTEx_SetNbDataToProcess  stm32g4xx_hal_uart_ex.o
    0x08006050   0x08006050   0x000000c8   Code   RO         4108    i.UART_AdvFeatureConfig  stm32g4xx_hal_uart.o
    0x08006118   0x08006118   0x00000060   Code   RO         4109    i.UART_CheckIdleState  stm32g4xx_hal_uart.o
    0x08006178   0x08006178   0x00000014   Code   RO         4110    i.UART_DMAAbortOnError  stm32g4xx_hal_uart.o
    0x0800618c   0x0800618c   0x00000028   Code   RO         4115    i.UART_DMARxOnlyAbortCallback  stm32g4xx_hal_uart.o
    0x080061b4   0x080061b4   0x00000054   Code   RO         4120    i.UART_EndRxTransfer  stm32g4xx_hal_uart.o
    0x08006208   0x08006208   0x000000a2   Code   RO         4122    i.UART_RxISR_16BIT  stm32g4xx_hal_uart.o
    0x080062aa   0x080062aa   0x00000002   PAD
    0x080062ac   0x080062ac   0x00000174   Code   RO         4123    i.UART_RxISR_16BIT_FIFOEN  stm32g4xx_hal_uart.o
    0x08006420   0x08006420   0x000000a2   Code   RO         4124    i.UART_RxISR_8BIT   stm32g4xx_hal_uart.o
    0x080064c2   0x080064c2   0x00000002   PAD
    0x080064c4   0x080064c4   0x00000174   Code   RO         4125    i.UART_RxISR_8BIT_FIFOEN  stm32g4xx_hal_uart.o
    0x08006638   0x08006638   0x00000298   Code   RO         4126    i.UART_SetConfig    stm32g4xx_hal_uart.o
    0x080068d0   0x080068d0   0x00000118   Code   RO         4128    i.UART_Start_Receive_IT  stm32g4xx_hal_uart.o
    0x080069e8   0x080069e8   0x000000c6   Code   RO         4133    i.UART_WaitOnFlagUntilTimeout  stm32g4xx_hal_uart.o
    0x08006aae   0x08006aae   0x00000002   PAD
    0x08006ab0   0x08006ab0   0x0000000c   Code   RO          518    i.USART1_IRQHandler  stm32g4xx_it.o
    0x08006abc   0x08006abc   0x00000002   Code   RO          519    i.UsageFault_Handler  stm32g4xx_it.o
    0x08006abe   0x08006abe   0x00000002   PAD
    0x08006ac0   0x08006ac0   0x00000030   Code   RO         6313    i.__0snprintf       mc_w.l(printfa.o)
    0x08006af0   0x08006af0   0x00000020   Code   RO         2452    i.__NVIC_SetPriority  stm32g4xx_hal_cortex.o
    0x08006b10   0x08006b10   0x0000005c   Code   RO         6344    i.__free$realloc    mc_w.l(mallocr.o)
    0x08006b6c   0x08006b6c   0x00000004   PAD
    0x08006b70   0x08006b70   0x00000028   Code   RO         6048    i.__hardfp_strtod   m_wm.l(strtod.o)
    0x08006b98   0x08006b98   0x00000050   Code   RO         6345    i.__malloc$realloc  mc_w.l(mallocr.o)
    0x08006be8   0x08006be8   0x0000000e   Code   RO         6462    i.__scatterload_copy  mc_w.l(handlers.o)
    0x08006bf6   0x08006bf6   0x00000002   Code   RO         6463    i.__scatterload_null  mc_w.l(handlers.o)
    0x08006bf8   0x08006bf8   0x0000000e   Code   RO         6464    i.__scatterload_zeroinit  mc_w.l(handlers.o)
    0x08006c06   0x08006c06   0x00000002   PAD
    0x08006c08   0x08006c08   0x0000000c   Code   RO         6429    i.__set_errno       mc_w.l(errno.o)
    0x08006c14   0x08006c14   0x00000184   Code   RO         6319    i._fp_digits        mc_w.l(printfa.o)
    0x08006d98   0x08006d98   0x0000000e   Code   RO         6372    i._is_digit         mc_w.l(scanf_fp.o)
    0x08006da6   0x08006da6   0x00000002   PAD
    0x08006da8   0x08006da8   0x000006dc   Code   RO         6320    i._printf_core      mc_w.l(printfa.o)
    0x08007484   0x08007484   0x00000024   Code   RO         6321    i._printf_post_padding  mc_w.l(printfa.o)
    0x080074a8   0x080074a8   0x0000002e   Code   RO         6322    i._printf_pre_padding  mc_w.l(printfa.o)
    0x080074d6   0x080074d6   0x00000016   Code   RO         6323    i._snputc           mc_w.l(printfa.o)
    0x080074ec   0x080074ec   0x00000030   Code   RO         4863    i.buffer_skip_whitespace  cjson.o
    0x0800751c   0x0800751c   0x00000048   Code   RO         4895    i.cJSON_Delete      cjson.o
    0x08007564   0x08007564   0x00000016   Code   RO         4925    i.cJSON_New_Item    cjson.o
    0x0800757a   0x0800757a   0x00000008   Code   RO         4926    i.cJSON_Parse       cjson.o
    0x08007582   0x08007582   0x00000002   PAD
    0x08007584   0x08007584   0x000000dc   Code   RO         4928    i.cJSON_ParseWithLengthOpts  cjson.o
    0x08007660   0x08007660   0x00000022   Code   RO         4929    i.cJSON_ParseWithOpts  cjson.o
    0x08007682   0x08007682   0x00000002   PAD
    0x08007684   0x08007684   0x00000050   Code   RO         6346    i.internal_alloc    mc_w.l(mallocr.o)
    0x080076d4   0x080076d4   0x00000036   Code   RO           15    i.main              main.o
    0x0800770a   0x0800770a   0x000000d0   Code   RO         4950    i.parse_array       cjson.o
    0x080077da   0x080077da   0x00000040   Code   RO         4951    i.parse_hex4        cjson.o
    0x0800781a   0x0800781a   0x00000002   PAD
    0x0800781c   0x0800781c   0x00000100   Code   RO         4952    i.parse_number      cjson.o
    0x0800791c   0x0800791c   0x0000010a   Code   RO         4953    i.parse_object      cjson.o
    0x08007a26   0x08007a26   0x0000010c   Code   RO         4954    i.parse_string      cjson.o
    0x08007b32   0x08007b32   0x00000002   PAD
    0x08007b34   0x08007b34   0x000000fc   Code   RO         4955    i.parse_value       cjson.o
    0x08007c30   0x08007c30   0x0000006c   Code   RO         6347    i.realloc           mc_w.l(mallocr.o)
    0x08007c9c   0x08007c9c   0x0000003e   Code   RO         6038    i.sqrtf             m_wm.l(sqrtf.o)
    0x08007cda   0x08007cda   0x00000002   PAD
    0x08007cdc   0x08007cdc   0x000000d2   Code   RO         4964    i.utf16_literal_to_utf8  cjson.o
    0x08007dae   0x08007dae   0x00000018   Data   RO         4134    .constdata          stm32g4xx_hal_uart.o
    0x08007dc6   0x08007dc6   0x00000010   Data   RO         4499    .constdata          stm32g4xx_hal_uart_ex.o
    0x08007dd6   0x08007dd6   0x00000010   Data   RO         4599    .constdata          system_stm32g4xx.o
    0x08007de6   0x08007de6   0x00000008   Data   RO         4600    .constdata          system_stm32g4xx.o
    0x08007dee   0x08007dee   0x000019d8   Data   RO         5686    .constdata          gui.o
    0x080097c6   0x080097c6   0x00000040   Data   RO         6458    .constdata          mc_w.l(ctype_c.o)
    0x08009806   0x08009806   0x00000800   Data   RO         5936    .rodata.armBitRevTable  arm_cortexM4l_math.lib(arm_common_tables.o)
    0x0800a006   0x0800a006   0x00000002   PAD
    0x0800a008   0x0800a008   0x00008000   Data   RO         5945    .rodata.twiddleCoef_4096  arm_cortexM4l_math.lib(arm_common_tables.o)
    0x08012008   0x08012008   0x00000020   Data   RO         6460    Region$$Table       anon$$obj.o


    Execution Region RW_IRAM1 (Exec base: 0x20000000, Load base: 0x08012028, Size: 0x00005820, Max: 0x00020000, ABSOLUTE)

    Exec Addr    Load Addr    Size         Type   Attr      Idx    E Section Name        Object

    0x20000000   0x08012028   0x0000000c   Data   RW         1113    .data               stm32g4xx_hal.o
    0x2000000c   0x08012034   0x00000004   Data   RW         4601    .data               system_stm32g4xx.o
    0x20000010   0x08012038   0x00000008   Data   RW         4638    .data               a_interrupt.o
    0x20000018   0x08012040   0x00000020   Data   RW         4721    .data               a_key.o
    0x20000038   0x08012060   0x00000001   Data   RW         4755    .data               common.o
    0x20000039   0x08012061   0x00000001   Data   RW         4802    .data               a_adc.o
    0x2000003a   0x08012062   0x0000000a   Data   RW         4835    .data               a_lcd.o
    0x20000044   0x0801206c   0x00000014   Data   RW         4966    .data               cjson.o
    0x20000058   0x08012080   0x00000004   Data   RW         6425    .data               mc_w.l(mvars.o)
    0x2000005c   0x08012084   0x00000004   Data   RW         6426    .data               mc_w.l(mvars.o)
    0x20000060   0x08012088   0x00000004   Data   RW         6430    .data               mc_w.l(errno.o)
    0x20000064        -       0x000000cc   Zero   RW          282    .bss                adc.o
    0x20000130        -       0x00000064   Zero   RW          348    .bss                spi.o
    0x20000194        -       0x00000130   Zero   RW          396    .bss                tim.o
    0x200002c4        -       0x00000090   Zero   RW          468    .bss                usart.o
    0x20000354        -       0x00000080   Zero   RW         4637    .bss                a_interrupt.o
    0x200003d4        -       0x00000094   Zero   RW         4754    .bss                common.o
    0x20000468        -       0x00000400   Zero   RW         4800    .bss                a_adc.o
    0x20000868        -       0x00000fb4   Zero   RW         4834    .bss                a_lcd.o
    0x2000181c   0x0801208c   0x00000004   PAD
    0x20001820        -       0x00002000   Zero   RW            2    HEAP                startup_stm32g474xx.o
    0x20003820        -       0x00002000   Zero   RW            1    STACK               startup_stm32g474xx.o


==============================================================================

Image component sizes


      Code (inc. data)   RO Data    RW Data    ZI Data      Debug   Object Name

         0          0          0          1       1024        635   a_adc.o
       124         26          0          8        128       3580   a_interrupt.o
       192         12          0         32          0       1211   a_key.o
      1372         34          0         10       4020       4451   a_lcd.o
       328         26          0          0        204       1887   adc.o
      1928         68          0         20          0      16568   cjson.o
      1032        162          0          1        148       3423   common.o
        76          4          0          0          0        798   dma.o
       164         14          0          0          0        951   gpio.o
       542          8       6616          0          0       3601   gui.o
       162          0          0          0          0     944652   main.o
       184         18          0          0        100       1665   spi.o
       842         18          0          0          0       6176   spi_tftlcd.o
        36          8        472          0      16384        824   startup_stm32g474xx.o
       162         24          0         12          0       4249   stm32g4xx_hal.o
      2340        156          0          0          0      80529   stm32g4xx_hal_adc.o
       360         26          0          0          0      68735   stm32g4xx_hal_adc_ex.o
       198         14          0          0          0      33775   stm32g4xx_hal_cortex.o
       906         30          0          0          0       6474   stm32g4xx_hal_dma.o
       604         34          0          0          0       2963   stm32g4xx_hal_gpio.o
        48          6          0          0          0        842   stm32g4xx_hal_msp.o
       204         18          0          0          0       1385   stm32g4xx_hal_pwr_ex.o
      1696         92          0          0          0       6220   stm32g4xx_hal_rcc.o
       768         10          0          0          0       1940   stm32g4xx_hal_rcc_ex.o
      1106         10          0          0          0       5810   stm32g4xx_hal_spi.o
      2778        284          0          0          0      17844   stm32g4xx_hal_tim.o
       402         46          0          0          0       6236   stm32g4xx_hal_tim_ex.o
      3772        138         24          0          0      37225   stm32g4xx_hal_uart.o
       288          6         16          0          0       5278   stm32g4xx_hal_uart_ex.o
        74         22          0          0          0       5997   stm32g4xx_it.o
        16          4         24          4          0       1099   system_stm32g4xx.o
       812         64          0          0        304       5061   tim.o
       244         22          0          0        144       1762   usart.o

    ----------------------------------------------------------------------
     23812       1404       7184         88      22460    1283846   Object Totals
         0          0         32          0          0          0   (incl. Generated)
        52          0          0          0          4          0   (incl. Padding)

    ----------------------------------------------------------------------

      Code (inc. data)   RO Data    RW Data    ZI Data      Debug   Library Member Name

       174          0          0          0          0       2571   arm_bitreversal.o
      1122          0          0          0          0       3758   arm_cfft_radix2_f32.o
       190          0          0          0          0       1634   arm_cfft_radix2_init_f32.o
       232          0          0          0          0       1739   arm_cmplx_mag_f32.o
         0          0      34816          0          0       4961   arm_common_tables.o
        62          0          0          0          0        136   sqrtf.o
        40         10          0          0          0        128   strtod.o
        64          0          0          0          0         84   _sgetc.o
        40          6         64          0          0         68   ctype_c.o
         0          0          0          0          0          0   entry.o
         0          0          0          0          0          0   entry10a.o
         0          0          0          0          0          0   entry11a.o
         8          4          0          0          0          0   entry2.o
         4          0          0          0          0          0   entry5.o
         0          0          0          0          0          0   entry7b.o
         0          0          0          0          0          0   entry8b.o
         8          4          0          0          0          0   entry9a.o
        12          6          0          4          0         68   errno.o
        30          0          0          0          0          0   handlers.o
        36          8          0          0          0         68   init.o
        10          0          0          0          0         68   isspace_c.o
         0          0          0          0          0          0   iusefp.o
        30          0          0          0          0         68   llshl.o
        36          0          0          0          0         68   llsshr.o
        32          0          0          0          0         68   llushr.o
       360         30          0          0          0        356   mallocr.o
        36          0          0          0          0         68   memcpya.o
        36          0          0          0          0        108   memseta.o
         0          0          0          8          0          0   mvars.o
      2296         84          0          0          0        520   printfa.o
       878         12          0          0          0        216   scanf_fp.o
        14          0          0          0          0         68   strlen.o
        30          0          0          0          0         80   strncmp.o
       156         12          0          0          0        120   strtod.o
        44          0          0          0          0         80   uidiv.o
        98          0          0          0          0         92   uldiv.o
        48          0          0          0          0         68   cdcmple.o
        48          0          0          0          0         68   cdrcmple.o
        56          0          0          0          0         88   d2f.o
       334          0          0          0          0        148   dadd.o
       222          0          0          0          0        100   ddiv.o
       186          0          0          0          0        176   depilogue.o
        62          0          0          0          0         80   dfixi.o
        50          0          0          0          0         76   dfixui.o
        48          0          0          0          0         68   dfixul.o
        34          0          0          0          0         76   dflti.o
        26          0          0          0          0         76   dfltui.o
        24          0          0          0          0         76   dfltul.o
       228          0          0          0          0         96   dmul.o
        38          0          0          0          0         68   f2d.o
       176          0          0          0          0        140   fadd.o
       110          0          0          0          0        168   fepilogue.o
       100          0          0          0          0         76   fmul.o

    ----------------------------------------------------------------------
      7890        180      34882         12          0      18843   Library Totals
        22          4          2          0          0          0   (incl. Padding)

    ----------------------------------------------------------------------

      Code (inc. data)   RO Data    RW Data    ZI Data      Debug   Library Name

      1718          0      34816          0          0      14663   arm_cortexM4l_math.lib
       102         10          0          0          0        264   m_wm.l
      4258        166         64         12          0       2268   mc_w.l
      1790          0          0          0          0       1648   mf_w.l

    ----------------------------------------------------------------------
      7890        180      34882         12          0      18843   Library Totals

    ----------------------------------------------------------------------

==============================================================================


      Code (inc. data)   RO Data    RW Data    ZI Data      Debug   

     31702       1584      42066        100      22460    1283413   Grand Totals
     31702       1584      42066        100      22460    1283413   ELF Image Totals
     31702       1584      42066        100          0          0   ROM Totals

==============================================================================

    Total RO  Size (Code + RO Data)                73768 (  72.04kB)
    Total RW  Size (RW Data + ZI Data)             22560 (  22.03kB)
    Total ROM Size (Code + RO Data + RW Data)      73868 (  72.14kB)

==============================================================================

